2432278 22:04:27.325144 mprotect(0x7309e2a00000, 16384, PROT_READ) = 0 <0.000015>
2432278 22:04:27.325250 mprotect(0x7309e2c39000, 4096, PROT_READ) = 0 <0.000015>
2432278 22:04:27.325287 mprotect(0x7309e2c67000, 4096, PROT_READ) = 0 <0.000012>
2432278 22:04:27.325510 mprotect(0x58605bffe000, 172032, PROT_READ) = 0 <0.000012>
2432278 22:04:27.325542 mprotect(0x7309e2caf000, 8192, PROT_READ) = 0 <0.000016>
2432278 22:04:27.325862 mprotect(0x7309e2c74000, 4096, PROT_NONE) = 0 <0.000014>
2432278 22:04:27.325913 madvise(0x2a3afc00000, 1073741824, MADV_HUGEPAGE) = 0 <0.000010>
2432278 22:04:27.534221 mprotect(0x7309e23c0000, 2097152, PROT_READ|PROT_WRITE) = 0 <0.000029>
2432279 22:04:27.534578 mprotect(0x7309dc000000, 135168, PROT_READ|PROT_WRITE) = 0 <0.000021>
2432279 22:04:27.534726 mprotect(0x7309e2c71000, 4096, PROT_NONE) = 0 <0.000050>
2432278 22:04:29.915813 getrusage(RUSAGE_SELF, {ru_utime={tv_sec=0, tv_usec=46015}, ru_stime={tv_sec=2, tv_usec=525830}, ru_maxrss=41984, ru_ixrss=0, ru_idrss=0, ru_isrss=0, ru_minflt=8878, ru_majflt=0, ru_nswap=0, ru_inblock=2192, ru_oublock=0, ru_msgsnd=0, ru_msgrcv=0, ru_nsignals=0, ru_nvcsw=323, ru_nivcsw=19}) = 0 <0.000017>
2432278 22:04:29.981698 getrusage(RUSAGE_SELF, {ru_utime={tv_sec=0, tv_usec=110063}, ru_stime={tv_sec=2, tv_usec=527459}, ru_maxrss=45056, ru_ixrss=0, ru_idrss=0, ru_isrss=0, ru_minflt=9620, ru_majflt=0, ru_nswap=0, ru_inblock=2192, ru_oublock=0, ru_msgsnd=0, ru_msgrcv=0, ru_nsignals=0, ru_nvcsw=325, ru_nivcsw=19}) = 0 <0.000019>
2432278 22:04:29.981950 getrusage(RUSAGE_SELF, {ru_utime={tv_sec=0, tv_usec=110066}, ru_stime={tv_sec=2, tv_usec=527532}, ru_maxrss=45056, ru_ixrss=0, ru_idrss=0, ru_isrss=0, ru_minflt=9620, ru_majflt=0, ru_nswap=0, ru_inblock=2192, ru_oublock=0, ru_msgsnd=0, ru_msgrcv=0, ru_nsignals=0, ru_nvcsw=327, ru_nivcsw=19}) = 0 <0.000012>
2432279 22:04:29.982145 madvise(0x7309e23bf000, 2076672, MADV_DONTNEED) = 0 <0.000016>
2432279 22:04:29.982229 +++ exited with 0 +++
2432278 22:04:29.982391 madvise(0x2a3afe30000, 65536, MADV_DONTNEED) = 0 <0.000026>
2432278 22:04:29.982437 madvise(0x2a3afe50000, 131072, MADV_DONTNEED) = 0 <0.000024>
2432278 22:04:29.982479 madvise(0x2a3afe80000, 65536, MADV_DONTNEED) = 0 <0.000019>
2432278 22:04:29.982515 madvise(0x2a3afeb0000, 65536, MADV_DONTNEED) = 0 <0.000020>
2432278 22:04:29.982553 madvise(0x2a3afed0000, 655360, MADV_DONTNEED) = 0 <0.000080>
2432278 22:04:29.982650 madvise(0x2a3aff80000, 524288, MADV_DONTNEED) = 0 <0.000060>
2432278 22:04:29.982729 madvise(0x2a3b0000000, 4194304, MADV_DONTNEED) = 0 <0.000433>
2432278 22:04:29.983184 madvise(0x2a3b0400000, 4194304, MADV_DONTNEED) = 0 <0.000419>
2432278 22:04:29.983625 madvise(0x2a3b0800000, 4194304, MADV_DONTNEED) = 0 <0.000359>
2432278 22:04:29.984007 madvise(0x2a3b0c00000, 1179648, MADV_DONTNEED) = 0 <0.000018>
2432278 22:04:29.984046 madvise(0x2a3b0d30000, 2949120, MADV_DONTNEED) = 0 <0.000264>
2432278 22:04:29.984331 madvise(0x2a3b1000000, 1441792, MADV_DONTNEED) = 0 <0.000098>
2432278 22:04:29.984452 madvise(0x2a3b1170000, 983040, MADV_DONTNEED) = 0 <0.000064>
2432278 22:04:29.984537 madvise(0x2a3b1280000, 1572864, MADV_DONTNEED) = 0 <0.000097>
2432278 22:04:29.984655 madvise(0x2a3b1400000, 4194304, MADV_DONTNEED) = 0 <0.000299>
2432278 22:04:29.984977 madvise(0x2a3b1800000, 3342336, MADV_DONTNEED) = 0 <0.000098>
2432278 22:04:29.985097 madvise(0x2a3b1c00000, 4194304, MADV_DONTNEED) = 0 <0.000042>
2432278 22:04:29.985161 madvise(0x2a3b3c00000, 4194304, MADV_DONTNEED) = 0 <0.000526>
2432278 22:04:29.985708 madvise(0x2a3b4000000, 4194304, MADV_DONTNEED) = 0 <0.000233>
2432278 22:04:29.985965 madvise(0x2a3b4400000, 4194304, MADV_DONTNEED) = 0 <0.000143>
2432278 22:04:29.986131 madvise(0x2a3b4800000, 4194304, MADV_DONTNEED) = 0 <0.000256>
2432278 22:04:29.986410 madvise(0x2a3b4c00000, 4194304, MADV_DONTNEED) = 0 <0.000501>
2432278 22:04:29.986935 madvise(0x2a3b5000000, 2031616, MADV_DONTNEED) = 0 <0.000176>
2432278 22:04:29.988123 +++ exited with 0 +++
