2432525 22:04:30.258030 mprotect(0x7d4798c00000, 16384, PROT_READ) = 0 <0.000016>
2432525 22:04:30.258136 mprotect(0x7d4798d93000, 4096, PROT_READ) = 0 <0.000015>
2432525 22:04:30.258172 mprotect(0x7d4798dc1000, 4096, PROT_READ) = 0 <0.000011>
2432525 22:04:30.258396 mprotect(0x6388f12d8000, 172032, PROT_READ) = 0 <0.000012>
2432525 22:04:30.258428 mprotect(0x7d4798e09000, 8192, PROT_READ) = 0 <0.000014>
2432525 22:04:30.258762 mprotect(0x7d4798dce000, 4096, PROT_NONE) = 0 <0.000012>
2432525 22:04:30.258816 madvise(0x45681000000, 1073741824, MADV_HUGEPAGE) = 0 <0.000010>
2432525 22:04:31.394024 madvise(0x456818a0000, 65536, MADV_DONTNEED) = 0 <0.000035>
2432525 22:04:31.394132 madvise(0x456818b0000, 65536, MADV_DONTNEED) = 0 <0.000020>
2432525 22:04:31.394174 madvise(0x456818c0000, 65536, MADV_DONTNEED) = 0 <0.000018>
2432525 22:04:31.394212 madvise(0x456818d0000, 65536, MADV_DONTNEED) = 0 <0.000019>
2432525 22:04:31.394252 madvise(0x456818e0000, 65536, MADV_DONTNEED) = 0 <0.000017>
2432525 22:04:31.394289 madvise(0x456818f0000, 65536, MADV_DONTNEED) = 0 <0.000017>
2432525 22:04:31.394326 madvise(0x45681a00000, 65536, MADV_DONTNEED) = 0 <0.000021>
2432525 22:04:31.394367 madvise(0x45681a10000, 65536, MADV_DONTNEED) = 0 <0.000018>
2432525 22:04:31.394405 madvise(0x45681a20000, 65536, MADV_DONTNEED) = 0 <0.000018>
2432525 22:04:31.394443 madvise(0x45681a30000, 65536, MADV_DONTNEED) = 0 <0.000019>
2432525 22:04:31.394482 madvise(0x45681a40000, 65536, MADV_DONTNEED) = 0 <0.000010>
2432525 22:04:31.400957 mprotect(0x7d47985c0000, 2097152, PROT_READ|PROT_WRITE) = 0 <0.000024>
2432537 22:04:31.401303 mprotect(0x7d4794000000, 135168, PROT_READ|PROT_WRITE) = 0 <0.000022>
2432537 22:04:31.401426 mprotect(0x7d4798dcb000, 4096, PROT_NONE) = 0 <0.000013>
2432525 22:04:31.462305 getrusage(RUSAGE_SELF, {ru_utime={tv_sec=0, tv_usec=48034}, ru_stime={tv_sec=1, tv_usec=126815}, ru_maxrss=41984, ru_ixrss=0, ru_idrss=0, ru_isrss=0, ru_minflt=9036, ru_majflt=0, ru_nswap=0, ru_inblock=3680, ru_oublock=0, ru_msgsnd=0, ru_msgrcv=0, ru_nsignals=0, ru_nvcsw=531, ru_nivcsw=23}) = 0 <0.000015>
2432525 22:04:31.528903 getrusage(RUSAGE_SELF, {ru_utime={tv_sec=0, tv_usec=113023}, ru_stime={tv_sec=1, tv_usec=128231}, ru_maxrss=45056, ru_ixrss=0, ru_idrss=0, ru_isrss=0, ru_minflt=9751, ru_majflt=0, ru_nswap=0, ru_inblock=3680, ru_oublock=0, ru_msgsnd=0, ru_msgrcv=0, ru_nsignals=0, ru_nvcsw=533, ru_nivcsw=24}) = 0 <0.000021>
2432525 22:04:31.529091 getrusage(RUSAGE_SELF, {ru_utime={tv_sec=0, tv_usec=113030}, ru_stime={tv_sec=1, tv_usec=128302}, ru_maxrss=45056, ru_ixrss=0, ru_idrss=0, ru_isrss=0, ru_minflt=9751, ru_majflt=0, ru_nswap=0, ru_inblock=3680, ru_oublock=0, ru_msgsnd=0, ru_msgrcv=0, ru_nsignals=0, ru_nvcsw=535, ru_nivcsw=24}) = 0 <0.000013>
2432537 22:04:31.529286 madvise(0x7d47985bf000, 2076672, MADV_DONTNEED) = 0 <0.000017>
2432537 22:04:31.529373 +++ exited with 0 +++
2432525 22:04:31.529535 madvise(0x45681230000, 65536, MADV_DONTNEED) = 0 <0.000026>
2432525 22:04:31.529583 madvise(0x45681250000, 131072, MADV_DONTNEED) = 0 <0.000026>
2432525 22:04:31.529630 madvise(0x45681280000, 65536, MADV_DONTNEED) = 0 <0.000019>
2432525 22:04:31.529668 madvise(0x456812a0000, 131072, MADV_DONTNEED) = 0 <0.000026>
2432525 22:04:31.529715 madvise(0x456812d0000, 655360, MADV_DONTNEED) = 0 <0.000092>
2432525 22:04:31.529829 madvise(0x45681380000, 524288, MADV_DONTNEED) = 0 <0.000079>
2432525 22:04:31.529928 madvise(0x45681400000, 65536, MADV_DONTNEED) = 0 <0.000028>
2432525 22:04:31.529975 madvise(0x45681410000, 65536, MADV_DONTNEED) = 0 <0.000017>
2432525 22:04:31.530011 madvise(0x45681420000, 65536, MADV_DONTNEED) = 0 <0.000017>
2432525 22:04:31.530047 madvise(0x45681430000, 65536, MADV_DONTNEED) = 0 <0.000017>
2432525 22:04:31.530082 madvise(0x45681450000, 65536, MADV_DONTNEED) = 0 <0.000016>
2432525 22:04:31.530117 madvise(0x45681460000, 65536, MADV_DONTNEED) = 0 <0.000017>
2432525 22:04:31.530152 madvise(0x45681470000, 65536, MADV_DONTNEED) = 0 <0.000018>
2432525 22:04:31.530188 madvise(0x45681480000, 65536, MADV_DONTNEED) = 0 <0.000034>
2432525 22:04:31.530241 madvise(0x45681490000, 65536, MADV_DONTNEED) = 0 <0.000019>
2432525 22:04:31.530347 madvise(0x456814a0000, 65536, MADV_DONTNEED) = 0 <0.000018>
2432525 22:04:31.530385 madvise(0x456814b0000, 65536, MADV_DONTNEED) = 0 <0.000016>
2432525 22:04:31.530420 madvise(0x456814d0000, 65536, MADV_DONTNEED) = 0 <0.000021>
2432525 22:04:31.530459 madvise(0x456814e0000, 65536, MADV_DONTNEED) = 0 <0.000016>
2432525 22:04:31.530494 madvise(0x456814f0000, 65536, MADV_DONTNEED) = 0 <0.000016>
2432525 22:04:31.530528 madvise(0x45681500000, 65536, MADV_DONTNEED) = 0 <0.000014>
2432525 22:04:31.530560 madvise(0x45681510000, 65536, MADV_DONTNEED) = 0 <0.000020>
2432525 22:04:31.530598 madvise(0x45681520000, 65536, MADV_DONTNEED) = 0 <0.000023>
2432525 22:04:31.530640 madvise(0x45681530000, 65536, MADV_DONTNEED) = 0 <0.000020>
2432525 22:04:31.530680 madvise(0x45681540000, 65536, MADV_DONTNEED) = 0 <0.000017>
2432525 22:04:31.530716 madvise(0x45681550000, 65536, MADV_DONTNEED) = 0 <0.000079>
2432525 22:04:31.530815 madvise(0x45681560000, 65536, MADV_DONTNEED) = 0 <0.000025>
2432525 22:04:31.530860 madvise(0x45681570000, 65536, MADV_DONTNEED) = 0 <0.000021>
2432525 22:04:31.530899 madvise(0x45681580000, 65536, MADV_DONTNEED) = 0 <0.000016>
2432525 22:04:31.530933 madvise(0x45681590000, 65536, MADV_DONTNEED) = 0 <0.000016>
2432525 22:04:31.530967 madvise(0x456815a0000, 65536, MADV_DONTNEED) = 0 <0.000022>
2432525 22:04:31.531010 madvise(0x456815b0000, 65536, MADV_DONTNEED) = 0 <0.000016>
2432525 22:04:31.531044 madvise(0x456815c0000, 65536, MADV_DONTNEED) = 0 <0.000017>
2432525 22:04:31.531080 madvise(0x456815d0000, 65536, MADV_DONTNEED) = 0 <0.000016>
2432525 22:04:31.531114 madvise(0x456815e0000, 65536, MADV_DONTNEED) = 0 <0.000022>
2432525 22:04:31.531155 madvise(0x456815f0000, 65536, MADV_DONTNEED) = 0 <0.000017>
2432525 22:04:31.531190 madvise(0x45681600000, 65536, MADV_DONTNEED) = 0 <0.000017>
2432525 22:04:31.531226 madvise(0x45681610000, 65536, MADV_DONTNEED) = 0 <0.000016>
2432525 22:04:31.531262 madvise(0x45681620000, 65536, MADV_DONTNEED) = 0 <0.000019>
2432525 22:04:31.531300 madvise(0x45681630000, 65536, MADV_DONTNEED) = 0 <0.000017>
2432525 22:04:31.531335 madvise(0x45681640000, 65536, MADV_DONTNEED) = 0 <0.000015>
2432525 22:04:31.531369 madvise(0x45681650000, 65536, MADV_DONTNEED) = 0 <0.000016>
2432525 22:04:31.531403 madvise(0x45681660000, 65536, MADV_DONTNEED) = 0 <0.000021>
2432525 22:04:31.531445 madvise(0x45681670000, 65536, MADV_DONTNEED) = 0 <0.000017>
2432525 22:04:31.531480 madvise(0x45681680000, 65536, MADV_DONTNEED) = 0 <0.000016>
2432525 22:04:31.531515 madvise(0x45681690000, 65536, MADV_DONTNEED) = 0 <0.000016>
2432525 22:04:31.531550 madvise(0x456816a0000, 65536, MADV_DONTNEED) = 0 <0.000020>
2432525 22:04:31.531591 madvise(0x456816b0000, 65536, MADV_DONTNEED) = 0 <0.000016>
2432525 22:04:31.531627 madvise(0x456816c0000, 65536, MADV_DONTNEED) = 0 <0.000017>
2432525 22:04:31.531664 madvise(0x456816d0000, 65536, MADV_DONTNEED) = 0 <0.000017>
2432525 22:04:31.531699 madvise(0x456816e0000, 65536, MADV_DONTNEED) = 0 <0.000020>
2432525 22:04:31.531737 madvise(0x456816f0000, 65536, MADV_DONTNEED) = 0 <0.000017>
2432525 22:04:31.531779 madvise(0x45681700000, 65536, MADV_DONTNEED) = 0 <0.000016>
2432525 22:04:31.531814 madvise(0x45681710000, 65536, MADV_DONTNEED) = 0 <0.000022>
2432525 22:04:31.531856 madvise(0x45681720000, 65536, MADV_DONTNEED) = 0 <0.000018>
2432525 22:04:31.531892 madvise(0x45681730000, 65536, MADV_DONTNEED) = 0 <0.000016>
2432525 22:04:31.531927 madvise(0x45681740000, 65536, MADV_DONTNEED) = 0 <0.000016>
2432525 22:04:31.531962 madvise(0x45681750000, 65536, MADV_DONTNEED) = 0 <0.000020>
2432525 22:04:31.532001 madvise(0x45681760000, 65536, MADV_DONTNEED) = 0 <0.000016>
2432525 22:04:31.532036 madvise(0x45681770000, 65536, MADV_DONTNEED) = 0 <0.000018>
2432525 22:04:31.532073 madvise(0x45681780000, 65536, MADV_DONTNEED) = 0 <0.000017>
2432525 22:04:31.532109 madvise(0x45681790000, 65536, MADV_DONTNEED) = 0 <0.000020>
2432525 22:04:31.532148 madvise(0x456817a0000, 65536, MADV_DONTNEED) = 0 <0.000017>
2432525 22:04:31.532198 madvise(0x456817b0000, 65536, MADV_DONTNEED) = 0 <0.000016>
2432525 22:04:31.532233 madvise(0x456817c0000, 65536, MADV_DONTNEED) = 0 <0.000016>
2432525 22:04:31.532267 madvise(0x456817d0000, 65536, MADV_DONTNEED) = 0 <0.000019>
2432525 22:04:31.532305 madvise(0x456817e0000, 65536, MADV_DONTNEED) = 0 <0.000016>
2432525 22:04:31.532339 madvise(0x456817f0000, 65536, MADV_DONTNEED) = 0 <0.000017>
2432525 22:04:31.532375 madvise(0x45681800000, 4194304, MADV_DONTNEED) = 0 <0.000511>
2432525 22:04:31.532911 madvise(0x45681c00000, 4194304, MADV_DONTNEED) = 0 <0.000438>
2432525 22:04:31.533378 madvise(0x45682000000, 2228224, MADV_DONTNEED) = 0 <0.000107>
2432525 22:04:31.533510 madvise(0x45682230000, 131072, MADV_DONTNEED) = 0 <0.000020>
2432525 22:04:31.533550 madvise(0x45682280000, 1572864, MADV_DONTNEED) = 0 <0.000167>
2432525 22:04:31.533736 madvise(0x45682400000, 4194304, MADV_DONTNEED) = 0 <0.000327>
2432525 22:04:31.534092 madvise(0x45682800000, 4194304, MADV_DONTNEED) = 0 <0.000048>
2432525 22:04:31.534164 madvise(0x45682c00000, 4194304, MADV_DONTNEED) = 0 <0.000090>
2432525 22:04:31.534278 madvise(0x45683000000, 4194304, MADV_DONTNEED) = 0 <0.000531>
2432525 22:04:31.534835 madvise(0x45683400000, 4194304, MADV_DONTNEED) = 0 <0.000428>
2432525 22:04:31.535287 madvise(0x45683800000, 4194304, MADV_DONTNEED) = 0 <0.000160>
2432525 22:04:31.535468 madvise(0x45683c00000, 4194304, MADV_DONTNEED) = 0 <0.000193>
2432525 22:04:31.535682 madvise(0x45684000000, 4194304, MADV_DONTNEED) = 0 <0.000399>
2432525 22:04:31.536103 madvise(0x45684400000, 4194304, MADV_DONTNEED) = 0 <0.000411>
2432525 22:04:31.536536 madvise(0x45684800000, 917504, MADV_DONTNEED) = 0 <0.000051>
2432525 22:04:31.537620 +++ exited with 0 +++
