2433343 22:04:37.220205 mprotect(0x7a187e800000, 16384, PROT_READ) = 0 <0.000016>
2433343 22:04:37.220324 mprotect(0x7a187eaf3000, 4096, PROT_READ) = 0 <0.000017>
2433343 22:04:37.220367 mprotect(0x7a187eb21000, 4096, PROT_READ) = 0 <0.000014>
2433343 22:04:37.220613 mprotect(0x56ddd250b000, 172032, PROT_READ) = 0 <0.000012>
2433343 22:04:37.220647 mprotect(0x7a187eb69000, 8192, PROT_READ) = 0 <0.000017>
2433343 22:04:37.221011 mprotect(0x7a187eb2e000, 4096, PROT_NONE) = 0 <0.000012>
2433343 22:04:37.221057 madvise(0x5ba7cc00000, 1073741824, MADV_HUGEPAGE) = 0 <0.000010>
2433343 22:04:37.247190 mprotect(0x7a187e1c0000, 2097152, PROT_READ|PROT_WRITE) = 0 <0.000025>
2433344 22:04:37.247525 mprotect(0x7a1878000000, 135168, PROT_READ|PROT_WRITE) = 0 <0.000020>
2433344 22:04:37.247625 mprotect(0x7a187eb2b000, 4096, PROT_NONE) = 0 <0.000011>
2433343 22:04:37.281854 getrusage(RUSAGE_SELF, {ru_utime={tv_sec=0, tv_usec=36236}, ru_stime={tv_sec=0, tv_usec=25463}, ru_maxrss=59868, ru_ixrss=0, ru_idrss=0, ru_isrss=0, ru_minflt=322, ru_majflt=0, ru_nswap=0, ru_inblock=0, ru_oublock=0, ru_msgsnd=0, ru_msgrcv=0, ru_nsignals=0, ru_nvcsw=49, ru_nivcsw=1}) = 0 <0.000017>
2433343 22:04:37.346126 getrusage(RUSAGE_SELF, {ru_utime={tv_sec=0, tv_usec=99063}, ru_stime={tv_sec=0, tv_usec=26747}, ru_maxrss=61920, ru_ixrss=0, ru_idrss=0, ru_isrss=0, ru_minflt=325, ru_majflt=0, ru_nswap=0, ru_inblock=0, ru_oublock=0, ru_msgsnd=0, ru_msgrcv=0, ru_nsignals=0, ru_nvcsw=51, ru_nivcsw=1}) = 0 <0.000019>
2433343 22:04:37.346295 getrusage(RUSAGE_SELF, {ru_utime={tv_sec=0, tv_usec=99116}, ru_stime={tv_sec=0, tv_usec=26761}, ru_maxrss=61920, ru_ixrss=0, ru_idrss=0, ru_isrss=0, ru_minflt=325, ru_majflt=0, ru_nswap=0, ru_inblock=0, ru_oublock=0, ru_msgsnd=0, ru_msgrcv=0, ru_nsignals=0, ru_nvcsw=53, ru_nivcsw=1}) = 0 <0.000012>
2433344 22:04:37.346500 madvise(0x7a187e1bf000, 2076672, MADV_DONTNEED) = 0 <0.000020>
2433344 22:04:37.346592 +++ exited with 0 +++
2433343 22:04:37.346803 madvise(0x5ba7ce30000, 65536, MADV_DONTNEED) = 0 <0.000038>
2433343 22:04:37.346861 madvise(0x5ba7ce50000, 131072, MADV_DONTNEED) = 0 <0.000016>
2433343 22:04:37.346895 madvise(0x5ba7ce80000, 65536, MADV_DONTNEED) = 0 <0.000013>
2433343 22:04:37.346925 madvise(0x5ba7cea0000, 131072, MADV_DONTNEED) = 0 <0.000016>
2433343 22:04:37.346958 madvise(0x5ba7ced0000, 655360, MADV_DONTNEED) = 0 <0.000036>
2433343 22:04:37.347011 madvise(0x5ba7cf80000, 524288, MADV_DONTNEED) = 0 <0.000030>
2433343 22:04:37.347059 madvise(0x5ba7d000000, 65536, MADV_DONTNEED) = 0 <0.000031>
2433343 22:04:37.347108 madvise(0x5ba7d010000, 65536, MADV_DONTNEED) = 0 <0.000013>
2433343 22:04:37.347137 madvise(0x5ba7d020000, 65536, MADV_DONTNEED) = 0 <0.000013>
2433343 22:04:37.347167 madvise(0x5ba7d030000, 65536, MADV_DONTNEED) = 0 <0.000013>
2433343 22:04:37.347197 madvise(0x5ba7d050000, 65536, MADV_DONTNEED) = 0 <0.000013>
2433343 22:04:37.347227 madvise(0x5ba7d060000, 65536, MADV_DONTNEED) = 0 <0.000013>
2433343 22:04:37.347256 madvise(0x5ba7d070000, 65536, MADV_DONTNEED) = 0 <0.000013>
2433343 22:04:37.347286 madvise(0x5ba7d080000, 65536, MADV_DONTNEED) = 0 <0.000013>
2433343 22:04:37.347316 madvise(0x5ba7d090000, 65536, MADV_DONTNEED) = 0 <0.000013>
2433343 22:04:37.347345 madvise(0x5ba7d0a0000, 65536, MADV_DONTNEED) = 0 <0.000012>
2433343 22:04:37.347375 madvise(0x5ba7d0b0000, 65536, MADV_DONTNEED) = 0 <0.000013>
2433343 22:04:37.347405 madvise(0x5ba7d0d0000, 65536, MADV_DONTNEED) = 0 <0.000013>
2433343 22:04:37.347434 madvise(0x5ba7d0e0000, 65536, MADV_DONTNEED) = 0 <0.000013>
2433343 22:04:37.347464 madvise(0x5ba7d0f0000, 65536, MADV_DONTNEED) = 0 <0.000013>
2433343 22:04:37.347494 madvise(0x5ba7d100000, 65536, MADV_DONTNEED) = 0 <0.000013>
2433343 22:04:37.347523 madvise(0x5ba7d110000, 65536, MADV_DONTNEED) = 0 <0.000013>
2433343 22:04:37.347552 madvise(0x5ba7d120000, 65536, MADV_DONTNEED) = 0 <0.000013>
2433343 22:04:37.347582 madvise(0x5ba7d130000, 65536, MADV_DONTNEED) = 0 <0.000013>
2433343 22:04:37.347612 madvise(0x5ba7d140000, 65536, MADV_DONTNEED) = 0 <0.000013>
2433343 22:04:37.347641 madvise(0x5ba7d150000, 65536, MADV_DONTNEED) = 0 <0.000013>
2433343 22:04:37.347678 madvise(0x5ba7d160000, 65536, MADV_DONTNEED) = 0 <0.000012>
2433343 22:04:37.347708 madvise(0x5ba7d170000, 65536, MADV_DONTNEED) = 0 <0.000012>
2433343 22:04:37.347738 madvise(0x5ba7d180000, 65536, MADV_DONTNEED) = 0 <0.000014>
2433343 22:04:37.347804 madvise(0x5ba7d190000, 65536, MADV_DONTNEED) = 0 <0.000013>
2433343 22:04:37.347834 madvise(0x5ba7d1a0000, 65536, MADV_DONTNEED) = 0 <0.000013>
2433343 22:04:37.347864 madvise(0x5ba7d1b0000, 65536, MADV_DONTNEED) = 0 <0.000012>
2433343 22:04:37.347894 madvise(0x5ba7d1c0000, 65536, MADV_DONTNEED) = 0 <0.000013>
2433343 22:04:37.347924 madvise(0x5ba7d1d0000, 65536, MADV_DONTNEED) = 0 <0.000013>
2433343 22:04:37.347953 madvise(0x5ba7d1e0000, 65536, MADV_DONTNEED) = 0 <0.000013>
2433343 22:04:37.347983 madvise(0x5ba7d1f0000, 65536, MADV_DONTNEED) = 0 <0.000013>
2433343 22:04:37.348013 madvise(0x5ba7d200000, 65536, MADV_DONTNEED) = 0 <0.000031>
2433343 22:04:37.348062 madvise(0x5ba7d210000, 65536, MADV_DONTNEED) = 0 <0.000013>
2433343 22:04:37.348091 madvise(0x5ba7d220000, 65536, MADV_DONTNEED) = 0 <0.000013>
2433343 22:04:37.348121 madvise(0x5ba7d230000, 65536, MADV_DONTNEED) = 0 <0.000013>
2433343 22:04:37.348151 madvise(0x5ba7d240000, 65536, MADV_DONTNEED) = 0 <0.000013>
2433343 22:04:37.348181 madvise(0x5ba7d250000, 65536, MADV_DONTNEED) = 0 <0.000013>
2433343 22:04:37.348210 madvise(0x5ba7d260000, 65536, MADV_DONTNEED) = 0 <0.000013>
2433343 22:04:37.348240 madvise(0x5ba7d270000, 65536, MADV_DONTNEED) = 0 <0.000013>
2433343 22:04:37.348270 madvise(0x5ba7d280000, 65536, MADV_DONTNEED) = 0 <0.000013>
2433343 22:04:37.348300 madvise(0x5ba7d290000, 65536, MADV_DONTNEED) = 0 <0.000013>
2433343 22:04:37.348330 madvise(0x5ba7d2a0000, 65536, MADV_DONTNEED) = 0 <0.000013>
2433343 22:04:37.348359 madvise(0x5ba7d2b0000, 65536, MADV_DONTNEED) = 0 <0.000013>
2433343 22:04:37.348389 madvise(0x5ba7d2c0000, 65536, MADV_DONTNEED) = 0 <0.000013>
2433343 22:04:37.348419 madvise(0x5ba7d2d0000, 65536, MADV_DONTNEED) = 0 <0.000012>
2433343 22:04:37.348449 madvise(0x5ba7d2e0000, 65536, MADV_DONTNEED) = 0 <0.000013>
2433343 22:04:37.348479 madvise(0x5ba7d2f0000, 65536, MADV_DONTNEED) = 0 <0.000013>
2433343 22:04:37.348508 madvise(0x5ba7d300000, 65536, MADV_DONTNEED) = 0 <0.000013>
2433343 22:04:37.348538 madvise(0x5ba7d310000, 65536, MADV_DONTNEED) = 0 <0.000013>
2433343 22:04:37.348568 madvise(0x5ba7d320000, 65536, MADV_DONTNEED) = 0 <0.000013>
2433343 22:04:37.348598 madvise(0x5ba7d330000, 65536, MADV_DONTNEED) = 0 <0.000013>
2433343 22:04:37.348627 madvise(0x5ba7d340000, 65536, MADV_DONTNEED) = 0 <0.000013>
2433343 22:04:37.348657 madvise(0x5ba7d350000, 65536, MADV_DONTNEED) = 0 <0.000013>
2433343 22:04:37.348687 madvise(0x5ba7d360000, 65536, MADV_DONTNEED) = 0 <0.000013>
2433343 22:04:37.348718 madvise(0x5ba7d370000, 65536, MADV_DONTNEED) = 0 <0.000013>
2433343 22:04:37.348751 madvise(0x5ba7d380000, 65536, MADV_DONTNEED) = 0 <0.000013>
2433343 22:04:37.348781 madvise(0x5ba7d390000, 65536, MADV_DONTNEED) = 0 <0.000013>
2433343 22:04:37.348811 madvise(0x5ba7d3a0000, 65536, MADV_DONTNEED) = 0 <0.000012>
2433343 22:04:37.348841 madvise(0x5ba7d3b0000, 65536, MADV_DONTNEED) = 0 <0.000013>
2433343 22:04:37.348871 madvise(0x5ba7d3c0000, 65536, MADV_DONTNEED) = 0 <0.000013>
2433343 22:04:37.348900 madvise(0x5ba7d3d0000, 65536, MADV_DONTNEED) = 0 <0.000013>
2433343 22:04:37.348930 madvise(0x5ba7d3e0000, 65536, MADV_DONTNEED) = 0 <0.000013>
2433343 22:04:37.348960 madvise(0x5ba7d3f0000, 65536, MADV_DONTNEED) = 0 <0.000023>
2433343 22:04:37.349001 madvise(0x5ba7d400000, 4194304, MADV_DONTNEED) = 0 <0.000028>
2433343 22:04:37.349046 madvise(0x5ba7d800000, 4194304, MADV_DONTNEED) = 0 <0.000027>
2433343 22:04:37.349090 madvise(0x5ba7dc00000, 2228224, MADV_DONTNEED) = 0 <0.000043>
2433343 22:04:37.349152 madvise(0x5ba7de30000, 131072, MADV_DONTNEED) = 0 <0.000017>
2433343 22:04:37.349188 madvise(0x5ba7de80000, 1572864, MADV_DONTNEED) = 0 <0.000073>
2433343 22:04:37.349279 madvise(0x5ba7e000000, 4194304, MADV_DONTNEED) = 0 <0.000028>
2433343 22:04:37.349327 madvise(0x5ba7e400000, 4194304, MADV_DONTNEED) = 0 <0.000019>
2433343 22:04:37.349373 madvise(0x5ba7e800000, 4194304, MADV_DONTNEED) = 0 <0.000018>
2433343 22:04:37.349410 madvise(0x5ba7ec00000, 4194304, MADV_DONTNEED) = 0 <0.000028>
2433343 22:04:37.349458 madvise(0x5ba7f000000, 4194304, MADV_DONTNEED) = 0 <0.000029>
2433343 22:04:37.349508 madvise(0x5ba7f400000, 4194304, MADV_DONTNEED) = 0 <0.000019>
2433343 22:04:37.349546 madvise(0x5ba7f800000, 4194304, MADV_DONTNEED) = 0 <0.000029>
2433343 22:04:37.349596 madvise(0x5ba7fc00000, 4194304, MADV_DONTNEED) = 0 <0.000029>
2433343 22:04:37.349645 madvise(0x5ba80000000, 4194304, MADV_DONTNEED) = 0 <0.000028>
2433343 22:04:37.349694 madvise(0x5ba80400000, 917504, MADV_DONTNEED) = 0 <0.000072>
2433343 22:04:37.350860 +++ exited with 0 +++
