2433403 22:04:37.591739 mprotect(0x7f397f600000, 16384, PROT_READ) = 0 <0.000015>
2433403 22:04:37.591847 mprotect(0x7f397f88c000, 4096, PROT_READ) = 0 <0.000014>
2433403 22:04:37.591882 mprotect(0x7f397f8ba000, 4096, PROT_READ) = 0 <0.000012>
2433403 22:04:37.592108 mprotect(0x5bd92709b000, 172032, PROT_READ) = 0 <0.000012>
2433403 22:04:37.592141 mprotect(0x7f397f902000, 8192, PROT_READ) = 0 <0.000016>
2433403 22:04:37.592463 mprotect(0x7f397f8c7000, 4096, PROT_NONE) = 0 <0.000014>
2433403 22:04:37.592514 madvise(0x34ebe000000, 1073741824, MADV_HUGEPAGE) = 0 <0.000009>
2433403 22:04:37.671004 mprotect(0x7f397efc0000, 2097152, PROT_READ|PROT_WRITE) = 0 <0.000024>
2433404 22:04:37.671342 mprotect(0x7f3978000000, 135168, PROT_READ|PROT_WRITE) = 0 <0.000020>
2433404 22:04:37.671438 mprotect(0x7f397f8c4000, 4096, PROT_NONE) = 0 <0.000011>
2433403 22:04:37.705781 getrusage(RUSAGE_SELF, {ru_utime={tv_sec=0, tv_usec=44393}, ru_stime={tv_sec=0, tv_usec=69617}, ru_maxrss=63968, ru_ixrss=0, ru_idrss=0, ru_isrss=0, ru_minflt=327, ru_majflt=0, ru_nswap=0, ru_inblock=0, ru_oublock=0, ru_msgsnd=0, ru_msgrcv=0, ru_nsignals=0, ru_nvcsw=49, ru_nivcsw=3}) = 0 <0.000016>
2433403 22:04:37.771176 getrusage(RUSAGE_SELF, {ru_utime={tv_sec=0, tv_usec=109622}, ru_stime={tv_sec=0, tv_usec=69617}, ru_maxrss=63968, ru_ixrss=0, ru_idrss=0, ru_isrss=0, ru_minflt=329, ru_majflt=0, ru_nswap=0, ru_inblock=0, ru_oublock=0, ru_msgsnd=0, ru_msgrcv=0, ru_nsignals=0, ru_nvcsw=51, ru_nivcsw=3}) = 0 <0.000017>
2433403 22:04:37.771343 getrusage(RUSAGE_SELF, {ru_utime={tv_sec=0, tv_usec=109689}, ru_stime={tv_sec=0, tv_usec=69617}, ru_maxrss=63968, ru_ixrss=0, ru_idrss=0, ru_isrss=0, ru_minflt=329, ru_majflt=0, ru_nswap=0, ru_inblock=0, ru_oublock=0, ru_msgsnd=0, ru_msgrcv=0, ru_nsignals=0, ru_nvcsw=53, ru_nivcsw=3}) = 0 <0.000013>
2433404 22:04:37.771529 madvise(0x7f397efbf000, 2076672, MADV_DONTNEED) = 0 <0.000017>
2433404 22:04:37.771618 +++ exited with 0 +++
2433403 22:04:37.771812 madvise(0x34ebe230000, 65536, MADV_DONTNEED) = 0 <0.000040>
2433403 22:04:37.771875 madvise(0x34ebe250000, 131072, MADV_DONTNEED) = 0 <0.000017>
2433403 22:04:37.771910 madvise(0x34ebe280000, 65536, MADV_DONTNEED) = 0 <0.000013>
2433403 22:04:37.771943 madvise(0x34ebe2b0000, 65536, MADV_DONTNEED) = 0 <0.000014>
2433403 22:04:37.771976 madvise(0x34ebe2d0000, 655360, MADV_DONTNEED) = 0 <0.000036>
2433403 22:04:37.772033 madvise(0x34ebe380000, 524288, MADV_DONTNEED) = 0 <0.000031>
2433403 22:04:37.772084 madvise(0x34ebe400000, 4194304, MADV_DONTNEED) = 0 <0.000031>
2433403 22:04:37.772135 madvise(0x34ebe800000, 4194304, MADV_DONTNEED) = 0 <0.000029>
2433403 22:04:37.772185 madvise(0x34ebec00000, 4194304, MADV_DONTNEED) = 0 <0.000029>
2433403 22:04:37.772233 madvise(0x34ebf000000, 1179648, MADV_DONTNEED) = 0 <0.000076>
2433403 22:04:37.772330 madvise(0x34ebf130000, 2949120, MADV_DONTNEED) = 0 <0.000053>
2433403 22:04:37.772405 madvise(0x34ebf400000, 1441792, MADV_DONTNEED) = 0 <0.000086>
2433403 22:04:37.772512 madvise(0x34ebf570000, 1048576, MADV_DONTNEED) = 0 <0.000071>
2433403 22:04:37.772603 madvise(0x34ebf680000, 1572864, MADV_DONTNEED) = 0 <0.000073>
2433403 22:04:37.772696 madvise(0x34ebf800000, 4194304, MADV_DONTNEED) = 0 <0.000033>
2433403 22:04:37.772754 madvise(0x34ebfc00000, 3342336, MADV_DONTNEED) = 0 <0.000079>
2433403 22:04:37.772855 madvise(0x34ec0000000, 4194304, MADV_DONTNEED) = 0 <0.000020>
2433403 22:04:37.772895 madvise(0x34ec2000000, 4194304, MADV_DONTNEED) = 0 <0.000028>
2433403 22:04:37.772943 madvise(0x34ec2400000, 4194304, MADV_DONTNEED) = 0 <0.000027>
2433403 22:04:37.772990 madvise(0x34ec2800000, 4194304, MADV_DONTNEED) = 0 <0.000028>
2433403 22:04:37.773037 madvise(0x34ec2c00000, 4194304, MADV_DONTNEED) = 0 <0.000028>
2433403 22:04:37.773084 madvise(0x34ec3000000, 4194304, MADV_DONTNEED) = 0 <0.000027>
2433403 22:04:37.773131 madvise(0x34ec3400000, 2031616, MADV_DONTNEED) = 0 <0.000109>
2433403 22:04:37.774248 +++ exited with 0 +++
