2433463 22:04:38.025139 mprotect(0x72b7a6400000, 16384, PROT_READ) = 0 <0.000020>
2433463 22:04:38.025266 mprotect(0x72b7a6549000, 4096, PROT_READ) = 0 <0.000018>
2433463 22:04:38.025308 mprotect(0x72b7a6577000, 4096, PROT_READ) = 0 <0.000013>
2433463 22:04:38.025568 mprotect(0x64a547900000, 172032, PROT_READ) = 0 <0.000011>
2433463 22:04:38.025599 mprotect(0x72b7a65bf000, 8192, PROT_READ) = 0 <0.000016>
2433463 22:04:38.025998 mprotect(0x72b7a6584000, 4096, PROT_NONE) = 0 <0.000013>
2433463 22:04:38.026047 madvise(0x5745b000000, 1073741824, MADV_HUGEPAGE) = 0 <0.000010>
2433463 22:04:38.109671 mprotect(0x72b7a5dc0000, 2097152, PROT_READ|PROT_WRITE) = 0 <0.000027>
2433464 22:04:38.110073 mprotect(0x72b7a0000000, 135168, PROT_READ|PROT_WRITE) = 0 <0.000020>
2433464 22:04:38.110156 mprotect(0x72b7a6581000, 4096, PROT_NONE) = 0 <0.000010>
2433463 22:04:38.151382 getrusage(RUSAGE_SELF, {ru_utime={tv_sec=0, tv_usec=57003}, ru_stime={tv_sec=0, tv_usec=69004}, ru_maxrss=62848, ru_ixrss=0, ru_idrss=0, ru_isrss=0, ru_minflt=325, ru_majflt=0, ru_nswap=0, ru_inblock=0, ru_oublock=0, ru_msgsnd=0, ru_msgrcv=0, ru_nsignals=0, ru_nvcsw=49, ru_nivcsw=16}) = 0 <0.000019>
2433463 22:04:38.215962 getrusage(RUSAGE_SELF, {ru_utime={tv_sec=0, tv_usec=121343}, ru_stime={tv_sec=0, tv_usec=69004}, ru_maxrss=62848, ru_ixrss=0, ru_idrss=0, ru_isrss=0, ru_minflt=328, ru_majflt=0, ru_nswap=0, ru_inblock=0, ru_oublock=0, ru_msgsnd=0, ru_msgrcv=0, ru_nsignals=0, ru_nvcsw=51, ru_nivcsw=17}) = 0 <0.000020>
2433463 22:04:38.216125 getrusage(RUSAGE_SELF, {ru_utime={tv_sec=0, tv_usec=121408}, ru_stime={tv_sec=0, tv_usec=69004}, ru_maxrss=62848, ru_ixrss=0, ru_idrss=0, ru_isrss=0, ru_minflt=328, ru_majflt=0, ru_nswap=0, ru_inblock=0, ru_oublock=0, ru_msgsnd=0, ru_msgrcv=0, ru_nsignals=0, ru_nvcsw=53, ru_nivcsw=17}) = 0 <0.000012>
2433464 22:04:38.216314 madvise(0x72b7a5dbf000, 2076672, MADV_DONTNEED) = 0 <0.000015>
2433464 22:04:38.216396 +++ exited with 0 +++
2433463 22:04:38.216587 madvise(0x5745b230000, 65536, MADV_DONTNEED) = 0 <0.000038>
2433463 22:04:38.216646 madvise(0x5745b250000, 131072, MADV_DONTNEED) = 0 <0.000016>
2433463 22:04:38.216680 madvise(0x5745b280000, 65536, MADV_DONTNEED) = 0 <0.000013>
2433463 22:04:38.216710 madvise(0x5745b2b0000, 65536, MADV_DONTNEED) = 0 <0.000013>
2433463 22:04:38.216740 madvise(0x5745b2d0000, 655360, MADV_DONTNEED) = 0 <0.000037>
2433463 22:04:38.216851 madvise(0x5745b380000, 524288, MADV_DONTNEED) = 0 <0.000030>
2433463 22:04:38.216899 madvise(0x5745b400000, 4194304, MADV_DONTNEED) = 0 <0.000031>
2433463 22:04:38.216948 madvise(0x5745b800000, 4194304, MADV_DONTNEED) = 0 <0.000028>
2433463 22:04:38.216993 madvise(0x5745bc00000, 4194304, MADV_DONTNEED) = 0 <0.000028>
2433463 22:04:38.217038 madvise(0x5745c000000, 1179648, MADV_DONTNEED) = 0 <0.000076>
2433463 22:04:38.217132 madvise(0x5745c130000, 2949120, MADV_DONTNEED) = 0 <0.000054>
2433463 22:04:38.217204 madvise(0x5745c400000, 1441792, MADV_DONTNEED) = 0 <0.000086>
2433463 22:04:38.217310 madvise(0x5745c570000, 983040, MADV_DONTNEED) = 0 <0.000068>
2433463 22:04:38.217397 madvise(0x5745c680000, 1572864, MADV_DONTNEED) = 0 <0.000073>
2433463 22:04:38.217490 madvise(0x5745c800000, 4194304, MADV_DONTNEED) = 0 <0.000029>
2433463 22:04:38.217537 madvise(0x5745cc00000, 3342336, MADV_DONTNEED) = 0 <0.000085>
2433463 22:04:38.217641 madvise(0x5745d000000, 4194304, MADV_DONTNEED) = 0 <0.000019>
2433463 22:04:38.217679 madvise(0x5745f000000, 4194304, MADV_DONTNEED) = 0 <0.000029>
2433463 22:04:38.217728 madvise(0x5745f400000, 4194304, MADV_DONTNEED) = 0 <0.000034>
2433463 22:04:38.217782 madvise(0x5745f800000, 4194304, MADV_DONTNEED) = 0 <0.000030>
2433463 22:04:38.217833 madvise(0x5745fc00000, 4194304, MADV_DONTNEED) = 0 <0.000030>
2433463 22:04:38.217883 madvise(0x57460000000, 4194304, MADV_DONTNEED) = 0 <0.000028>
2433463 22:04:38.217932 madvise(0x57460400000, 2031616, MADV_DONTNEED) = 0 <0.000111>
2433463 22:04:38.219082 +++ exited with 0 +++
