2433523 22:04:38.461637 mprotect(0x79a250c00000, 16384, PROT_READ) = 0 <0.000016>
2433523 22:04:38.461762 mprotect(0x79a250ed9000, 4096, PROT_READ) = 0 <0.000015>
2433523 22:04:38.461801 mprotect(0x79a250f07000, 4096, PROT_READ) = 0 <0.000012>
2433523 22:04:38.462038 mprotect(0x62a6e110f000, 172032, PROT_READ) = 0 <0.000014>
2433523 22:04:38.462076 mprotect(0x79a250f4f000, 8192, PROT_READ) = 0 <0.000016>
2433523 22:04:38.462401 mprotect(0x79a250f14000, 4096, PROT_NONE) = 0 <0.000014>
2433523 22:04:38.462454 madvise(0x22ae6c00000, 1073741824, MADV_HUGEPAGE) = 0 <0.000010>
2433523 22:04:38.489327 mprotect(0x79a2505c0000, 2097152, PROT_READ|PROT_WRITE) = 0 <0.000024>
2433524 22:04:38.489675 mprotect(0x79a24c000000, 135168, PROT_READ|PROT_WRITE) = 0 <0.000022>
2433524 22:04:38.489793 mprotect(0x79a250f11000, 4096, PROT_NONE) = 0 <0.000012>
2433523 22:04:38.523752 getrusage(RUSAGE_SELF, {ru_utime={tv_sec=0, tv_usec=31049}, ru_stime={tv_sec=0, tv_usec=31049}, ru_maxrss=59872, ru_ixrss=0, ru_idrss=0, ru_isrss=0, ru_minflt=324, ru_majflt=0, ru_nswap=0, ru_inblock=0, ru_oublock=0, ru_msgsnd=0, ru_msgrcv=0, ru_nsignals=0, ru_nvcsw=49, ru_nivcsw=1}) = 0 <0.000016>
2433523 22:04:38.588551 getrusage(RUSAGE_SELF, {ru_utime={tv_sec=0, tv_usec=94531}, ru_stime={tv_sec=0, tv_usec=32181}, ru_maxrss=61924, ru_ixrss=0, ru_idrss=0, ru_isrss=0, ru_minflt=328, ru_majflt=0, ru_nswap=0, ru_inblock=0, ru_oublock=0, ru_msgsnd=0, ru_msgrcv=0, ru_nsignals=0, ru_nvcsw=51, ru_nivcsw=2}) = 0 <0.000018>
2433523 22:04:38.588719 getrusage(RUSAGE_SELF, {ru_utime={tv_sec=0, tv_usec=94582}, ru_stime={tv_sec=0, tv_usec=32198}, ru_maxrss=61924, ru_ixrss=0, ru_idrss=0, ru_isrss=0, ru_minflt=328, ru_majflt=0, ru_nswap=0, ru_inblock=0, ru_oublock=0, ru_msgsnd=0, ru_msgrcv=0, ru_nsignals=0, ru_nvcsw=53, ru_nivcsw=2}) = 0 <0.000010>
2433524 22:04:38.588953 madvise(0x79a2505bf000, 2076672, MADV_DONTNEED) = 0 <0.000015>
2433524 22:04:38.589035 +++ exited with 0 +++
2433523 22:04:38.589211 madvise(0x22ae6e30000, 65536, MADV_DONTNEED) = 0 <0.000039>
2433523 22:04:38.589270 madvise(0x22ae6e50000, 131072, MADV_DONTNEED) = 0 <0.000018>
2433523 22:04:38.589308 madvise(0x22ae6e80000, 65536, MADV_DONTNEED) = 0 <0.000013>
2433523 22:04:38.589338 madvise(0x22ae6ea0000, 131072, MADV_DONTNEED) = 0 <0.000016>
2433523 22:04:38.589371 madvise(0x22ae6ed0000, 655360, MADV_DONTNEED) = 0 <0.000036>
2433523 22:04:38.589424 madvise(0x22ae6f80000, 524288, MADV_DONTNEED) = 0 <0.000030>
2433523 22:04:38.589472 madvise(0x22ae7000000, 65536, MADV_DONTNEED) = 0 <0.000031>
2433523 22:04:38.589520 madvise(0x22ae7010000, 65536, MADV_DONTNEED) = 0 <0.000013>
2433523 22:04:38.589551 madvise(0x22ae7020000, 65536, MADV_DONTNEED) = 0 <0.000013>
2433523 22:04:38.589581 madvise(0x22ae7030000, 65536, MADV_DONTNEED) = 0 <0.000013>
2433523 22:04:38.589611 madvise(0x22ae7050000, 65536, MADV_DONTNEED) = 0 <0.000013>
2433523 22:04:38.589641 madvise(0x22ae7060000, 65536, MADV_DONTNEED) = 0 <0.000013>
2433523 22:04:38.589670 madvise(0x22ae7070000, 65536, MADV_DONTNEED) = 0 <0.000013>
2433523 22:04:38.589700 madvise(0x22ae7080000, 65536, MADV_DONTNEED) = 0 <0.000013>
2433523 22:04:38.589730 madvise(0x22ae7090000, 65536, MADV_DONTNEED) = 0 <0.000044>
2433523 22:04:38.589791 madvise(0x22ae70a0000, 65536, MADV_DONTNEED) = 0 <0.000013>
2433523 22:04:38.589822 madvise(0x22ae70b0000, 65536, MADV_DONTNEED) = 0 <0.000013>
2433523 22:04:38.589851 madvise(0x22ae70d0000, 65536, MADV_DONTNEED) = 0 <0.000013>
2433523 22:04:38.589881 madvise(0x22ae70e0000, 65536, MADV_DONTNEED) = 0 <0.000013>
2433523 22:04:38.589911 madvise(0x22ae70f0000, 65536, MADV_DONTNEED) = 0 <0.000013>
2433523 22:04:38.589941 madvise(0x22ae7100000, 65536, MADV_DONTNEED) = 0 <0.000013>
2433523 22:04:38.589971 madvise(0x22ae7110000, 65536, MADV_DONTNEED) = 0 <0.000013>
2433523 22:04:38.590001 madvise(0x22ae7120000, 65536, MADV_DONTNEED) = 0 <0.000013>
2433523 22:04:38.590030 madvise(0x22ae7130000, 65536, MADV_DONTNEED) = 0 <0.000013>
2433523 22:04:38.590060 madvise(0x22ae7140000, 65536, MADV_DONTNEED) = 0 <0.000013>
2433523 22:04:38.590090 madvise(0x22ae7150000, 65536, MADV_DONTNEED) = 0 <0.000013>
2433523 22:04:38.590126 madvise(0x22ae7160000, 65536, MADV_DONTNEED) = 0 <0.000013>
2433523 22:04:38.590156 madvise(0x22ae7170000, 65536, MADV_DONTNEED) = 0 <0.000013>
2433523 22:04:38.590186 madvise(0x22ae7180000, 65536, MADV_DONTNEED) = 0 <0.000012>
2433523 22:04:38.590216 madvise(0x22ae7190000, 65536, MADV_DONTNEED) = 0 <0.000013>
2433523 22:04:38.590246 madvise(0x22ae71a0000, 65536, MADV_DONTNEED) = 0 <0.000013>
2433523 22:04:38.590276 madvise(0x22ae71b0000, 65536, MADV_DONTNEED) = 0 <0.000013>
2433523 22:04:38.590306 madvise(0x22ae71c0000, 65536, MADV_DONTNEED) = 0 <0.000013>
2433523 22:04:38.590336 madvise(0x22ae71d0000, 65536, MADV_DONTNEED) = 0 <0.000013>
2433523 22:04:38.590366 madvise(0x22ae71e0000, 65536, MADV_DONTNEED) = 0 <0.000012>
2433523 22:04:38.590395 madvise(0x22ae71f0000, 65536, MADV_DONTNEED) = 0 <0.000013>
2433523 22:04:38.590425 madvise(0x22ae7200000, 65536, MADV_DONTNEED) = 0 <0.000031>
2433523 22:04:38.590474 madvise(0x22ae7210000, 65536, MADV_DONTNEED) = 0 <0.000013>
2433523 22:04:38.590504 madvise(0x22ae7220000, 65536, MADV_DONTNEED) = 0 <0.000013>
2433523 22:04:38.590533 madvise(0x22ae7230000, 65536, MADV_DONTNEED) = 0 <0.000013>
2433523 22:04:38.590563 madvise(0x22ae7240000, 65536, MADV_DONTNEED) = 0 <0.000012>
2433523 22:04:38.590593 madvise(0x22ae7250000, 65536, MADV_DONTNEED) = 0 <0.000013>
2433523 22:04:38.590622 madvise(0x22ae7260000, 65536, MADV_DONTNEED) = 0 <0.000012>
2433523 22:04:38.590652 madvise(0x22ae7270000, 65536, MADV_DONTNEED) = 0 <0.000013>
2433523 22:04:38.590682 madvise(0x22ae7280000, 65536, MADV_DONTNEED) = 0 <0.000013>
2433523 22:04:38.590712 madvise(0x22ae7290000, 65536, MADV_DONTNEED) = 0 <0.000013>
2433523 22:04:38.590747 madvise(0x22ae72a0000, 65536, MADV_DONTNEED) = 0 <0.000045>
2433523 22:04:38.590809 madvise(0x22ae72b0000, 65536, MADV_DONTNEED) = 0 <0.000012>
2433523 22:04:38.590839 madvise(0x22ae72c0000, 65536, MADV_DONTNEED) = 0 <0.000013>
2433523 22:04:38.590869 madvise(0x22ae72d0000, 65536, MADV_DONTNEED) = 0 <0.000013>
2433523 22:04:38.590899 madvise(0x22ae72e0000, 65536, MADV_DONTNEED) = 0 <0.000013>
2433523 22:04:38.590929 madvise(0x22ae72f0000, 65536, MADV_DONTNEED) = 0 <0.000013>
2433523 22:04:38.590958 madvise(0x22ae7300000, 65536, MADV_DONTNEED) = 0 <0.000013>
2433523 22:04:38.590989 madvise(0x22ae7310000, 65536, MADV_DONTNEED) = 0 <0.000013>
2433523 22:04:38.591019 madvise(0x22ae7320000, 65536, MADV_DONTNEED) = 0 <0.000013>
2433523 22:04:38.591048 madvise(0x22ae7330000, 65536, MADV_DONTNEED) = 0 <0.000013>
2433523 22:04:38.591078 madvise(0x22ae7340000, 65536, MADV_DONTNEED) = 0 <0.000013>
2433523 22:04:38.591108 madvise(0x22ae7350000, 65536, MADV_DONTNEED) = 0 <0.000013>
2433523 22:04:38.591137 madvise(0x22ae7360000, 65536, MADV_DONTNEED) = 0 <0.000013>
2433523 22:04:38.591168 madvise(0x22ae7370000, 65536, MADV_DONTNEED) = 0 <0.000013>
2433523 22:04:38.591197 madvise(0x22ae7380000, 65536, MADV_DONTNEED) = 0 <0.000013>
2433523 22:04:38.591227 madvise(0x22ae7390000, 65536, MADV_DONTNEED) = 0 <0.000013>
2433523 22:04:38.591257 madvise(0x22ae73a0000, 65536, MADV_DONTNEED) = 0 <0.000012>
2433523 22:04:38.591287 madvise(0x22ae73b0000, 65536, MADV_DONTNEED) = 0 <0.000013>
2433523 22:04:38.591317 madvise(0x22ae73c0000, 65536, MADV_DONTNEED) = 0 <0.000013>
2433523 22:04:38.591346 madvise(0x22ae73d0000, 65536, MADV_DONTNEED) = 0 <0.000013>
2433523 22:04:38.591376 madvise(0x22ae73e0000, 65536, MADV_DONTNEED) = 0 <0.000013>
2433523 22:04:38.591406 madvise(0x22ae73f0000, 65536, MADV_DONTNEED) = 0 <0.000023>
2433523 22:04:38.591446 madvise(0x22ae7400000, 4194304, MADV_DONTNEED) = 0 <0.000028>
2433523 22:04:38.591493 madvise(0x22ae7800000, 4194304, MADV_DONTNEED) = 0 <0.000028>
2433523 22:04:38.591538 madvise(0x22ae7c00000, 2228224, MADV_DONTNEED) = 0 <0.000043>
2433523 22:04:38.591599 madvise(0x22ae7e30000, 131072, MADV_DONTNEED) = 0 <0.000016>
2433523 22:04:38.591633 madvise(0x22ae7e80000, 1572864, MADV_DONTNEED) = 0 <0.000072>
2433523 22:04:38.591722 madvise(0x22ae8000000, 4194304, MADV_DONTNEED) = 0 <0.000032>
2433523 22:04:38.591772 madvise(0x22ae8400000, 4194304, MADV_DONTNEED) = 0 <0.000019>
2433523 22:04:38.591812 madvise(0x22ae8800000, 4194304, MADV_DONTNEED) = 0 <0.000018>
2433523 22:04:38.591847 madvise(0x22ae8c00000, 4194304, MADV_DONTNEED) = 0 <0.000026>
2433523 22:04:38.591892 madvise(0x22ae9000000, 4194304, MADV_DONTNEED) = 0 <0.000027>
2433523 22:04:38.591936 madvise(0x22ae9400000, 4194304, MADV_DONTNEED) = 0 <0.000017>
2433523 22:04:38.591971 madvise(0x22ae9800000, 4194304, MADV_DONTNEED) = 0 <0.000027>
2433523 22:04:38.592015 madvise(0x22ae9c00000, 4194304, MADV_DONTNEED) = 0 <0.000027>
2433523 22:04:38.592060 madvise(0x22aea000000, 4194304, MADV_DONTNEED) = 0 <0.000027>
2433523 22:04:38.592104 madvise(0x22aea400000, 917504, MADV_DONTNEED) = 0 <0.000066>
2433523 22:04:38.593175 +++ exited with 0 +++
