2433640 22:04:38.841876 mprotect(0x73a30aa00000, 16384, PROT_READ) = 0 <0.000016>
2433640 22:04:38.841999 mprotect(0x73a30acf9000, 4096, PROT_READ) = 0 <0.000017>
2433640 22:04:38.842042 mprotect(0x73a30ad27000, 4096, PROT_READ) = 0 <0.000013>
2433640 22:04:38.842281 mprotect(0x56d51ff90000, 172032, PROT_READ) = 0 <0.000011>
2433640 22:04:38.842315 mprotect(0x73a30ad6f000, 8192, PROT_READ) = 0 <0.000017>
2433640 22:04:38.842657 mprotect(0x73a30ad34000, 4096, PROT_NONE) = 0 <0.000013>
2433640 22:04:38.842706 madvise(0x59cfe000000, 1073741824, MADV_HUGEPAGE) = 0 <0.000009>
2433640 22:04:38.868769 mprotect(0x73a30a3c0000, 2097152, PROT_READ|PROT_WRITE) = 0 <0.000024>
2433641 22:04:38.869120 mprotect(0x73a304000000, 135168, PROT_READ|PROT_WRITE) = 0 <0.000023>
2433641 22:04:38.869233 mprotect(0x73a30ad31000, 4096, PROT_NONE) = 0 <0.000013>
2433640 22:04:38.903410 getrusage(RUSAGE_SELF, {ru_utime={tv_sec=0, tv_usec=34353}, ru_stime={tv_sec=0, tv_usec=27280}, ru_maxrss=59864, ru_ixrss=0, ru_idrss=0, ru_isrss=0, ru_minflt=320, ru_majflt=0, ru_nswap=0, ru_inblock=0, ru_oublock=0, ru_msgsnd=0, ru_msgrcv=0, ru_nsignals=0, ru_nvcsw=49, ru_nivcsw=2}) = 0 <0.000017>
2433640 22:04:38.969470 getrusage(RUSAGE_SELF, {ru_utime={tv_sec=0, tv_usec=100101}, ru_stime={tv_sec=0, tv_usec=27280}, ru_maxrss=61916, ru_ixrss=0, ru_idrss=0, ru_isrss=0, ru_minflt=324, ru_majflt=0, ru_nswap=0, ru_inblock=0, ru_oublock=0, ru_msgsnd=0, ru_msgrcv=0, ru_nsignals=0, ru_nvcsw=51, ru_nivcsw=3}) = 0 <0.000017>
2433640 22:04:38.969648 getrusage(RUSAGE_SELF, {ru_utime={tv_sec=0, tv_usec=100168}, ru_stime={tv_sec=0, tv_usec=27280}, ru_maxrss=61916, ru_ixrss=0, ru_idrss=0, ru_isrss=0, ru_minflt=324, ru_majflt=0, ru_nswap=0, ru_inblock=0, ru_oublock=0, ru_msgsnd=0, ru_msgrcv=0, ru_nsignals=0, ru_nvcsw=53, ru_nivcsw=3}) = 0 <0.000013>
2433641 22:04:38.969842 madvise(0x73a30a3bf000, 2076672, MADV_DONTNEED) = 0 <0.000019>
2433641 22:04:38.969931 +++ exited with 0 +++
2433640 22:04:38.970250 madvise(0x59cfe230000, 65536, MADV_DONTNEED) = 0 <0.000045>
2433640 22:04:38.970318 madvise(0x59cfe250000, 131072, MADV_DONTNEED) = 0 <0.000018>
2433640 22:04:38.970357 madvise(0x59cfe280000, 65536, MADV_DONTNEED) = 0 <0.000013>
2433640 22:04:38.970388 madvise(0x59cfe2a0000, 131072, MADV_DONTNEED) = 0 <0.000016>
2433640 22:04:38.970421 madvise(0x59cfe2d0000, 655360, MADV_DONTNEED) = 0 <0.000036>
2433640 22:04:38.970474 madvise(0x59cfe380000, 524288, MADV_DONTNEED) = 0 <0.000031>
2433640 22:04:38.970522 madvise(0x59cfe400000, 65536, MADV_DONTNEED) = 0 <0.000032>
2433640 22:04:38.970571 madvise(0x59cfe410000, 65536, MADV_DONTNEED) = 0 <0.000013>
2433640 22:04:38.970601 madvise(0x59cfe420000, 65536, MADV_DONTNEED) = 0 <0.000012>
2433640 22:04:38.970631 madvise(0x59cfe430000, 65536, MADV_DONTNEED) = 0 <0.000013>
2433640 22:04:38.970661 madvise(0x59cfe450000, 65536, MADV_DONTNEED) = 0 <0.000013>
2433640 22:04:38.970690 madvise(0x59cfe460000, 65536, MADV_DONTNEED) = 0 <0.000012>
2433640 22:04:38.970720 madvise(0x59cfe470000, 65536, MADV_DONTNEED) = 0 <0.000013>
2433640 22:04:38.970802 madvise(0x59cfe480000, 65536, MADV_DONTNEED) = 0 <0.000013>
2433640 22:04:38.970834 madvise(0x59cfe490000, 65536, MADV_DONTNEED) = 0 <0.000015>
2433640 22:04:38.970866 madvise(0x59cfe4a0000, 65536, MADV_DONTNEED) = 0 <0.000013>
2433640 22:04:38.970896 madvise(0x59cfe4b0000, 65536, MADV_DONTNEED) = 0 <0.000013>
2433640 22:04:38.970926 madvise(0x59cfe4d0000, 65536, MADV_DONTNEED) = 0 <0.000013>
2433640 22:04:38.970955 madvise(0x59cfe4e0000, 65536, MADV_DONTNEED) = 0 <0.000013>
2433640 22:04:38.970985 madvise(0x59cfe4f0000, 65536, MADV_DONTNEED) = 0 <0.000012>
2433640 22:04:38.971015 madvise(0x59cfe500000, 65536, MADV_DONTNEED) = 0 <0.000013>
2433640 22:04:38.971044 madvise(0x59cfe510000, 65536, MADV_DONTNEED) = 0 <0.000013>
2433640 22:04:38.971074 madvise(0x59cfe520000, 65536, MADV_DONTNEED) = 0 <0.000013>
2433640 22:04:38.971104 madvise(0x59cfe530000, 65536, MADV_DONTNEED) = 0 <0.000013>
2433640 22:04:38.971134 madvise(0x59cfe540000, 65536, MADV_DONTNEED) = 0 <0.000012>
2433640 22:04:38.971163 madvise(0x59cfe550000, 65536, MADV_DONTNEED) = 0 <0.000013>
2433640 22:04:38.971200 madvise(0x59cfe560000, 65536, MADV_DONTNEED) = 0 <0.000013>
2433640 22:04:38.971230 madvise(0x59cfe570000, 65536, MADV_DONTNEED) = 0 <0.000013>
2433640 22:04:38.971260 madvise(0x59cfe580000, 65536, MADV_DONTNEED) = 0 <0.000013>
2433640 22:04:38.971290 madvise(0x59cfe590000, 65536, MADV_DONTNEED) = 0 <0.000013>
2433640 22:04:38.971320 madvise(0x59cfe5a0000, 65536, MADV_DONTNEED) = 0 <0.000013>
2433640 22:04:38.971350 madvise(0x59cfe5b0000, 65536, MADV_DONTNEED) = 0 <0.000015>
2433640 22:04:38.971381 madvise(0x59cfe5c0000, 65536, MADV_DONTNEED) = 0 <0.000013>
2433640 22:04:38.971411 madvise(0x59cfe5d0000, 65536, MADV_DONTNEED) = 0 <0.000013>
2433640 22:04:38.971441 madvise(0x59cfe5e0000, 65536, MADV_DONTNEED) = 0 <0.000013>
2433640 22:04:38.971471 madvise(0x59cfe5f0000, 65536, MADV_DONTNEED) = 0 <0.000013>
2433640 22:04:38.971500 madvise(0x59cfe600000, 65536, MADV_DONTNEED) = 0 <0.000031>
2433640 22:04:38.971549 madvise(0x59cfe610000, 65536, MADV_DONTNEED) = 0 <0.000013>
2433640 22:04:38.971579 madvise(0x59cfe620000, 65536, MADV_DONTNEED) = 0 <0.000013>
2433640 22:04:38.971609 madvise(0x59cfe630000, 65536, MADV_DONTNEED) = 0 <0.000013>
2433640 22:04:38.971638 madvise(0x59cfe640000, 65536, MADV_DONTNEED) = 0 <0.000013>
2433640 22:04:38.971668 madvise(0x59cfe650000, 65536, MADV_DONTNEED) = 0 <0.000013>
2433640 22:04:38.971698 madvise(0x59cfe660000, 65536, MADV_DONTNEED) = 0 <0.000012>
2433640 22:04:38.971728 madvise(0x59cfe670000, 65536, MADV_DONTNEED) = 0 <0.000018>
2433640 22:04:38.971764 madvise(0x59cfe680000, 65536, MADV_DONTNEED) = 0 <0.000013>
2433640 22:04:38.971794 madvise(0x59cfe690000, 65536, MADV_DONTNEED) = 0 <0.000013>
2433640 22:04:38.971824 madvise(0x59cfe6a0000, 65536, MADV_DONTNEED) = 0 <0.000013>
2433640 22:04:38.971854 madvise(0x59cfe6b0000, 65536, MADV_DONTNEED) = 0 <0.000013>
2433640 22:04:38.971884 madvise(0x59cfe6c0000, 65536, MADV_DONTNEED) = 0 <0.000013>
2433640 22:04:38.971913 madvise(0x59cfe6d0000, 65536, MADV_DONTNEED) = 0 <0.000013>
2433640 22:04:38.971943 madvise(0x59cfe6e0000, 65536, MADV_DONTNEED) = 0 <0.000013>
2433640 22:04:38.971973 madvise(0x59cfe6f0000, 65536, MADV_DONTNEED) = 0 <0.000013>
2433640 22:04:38.972003 madvise(0x59cfe700000, 65536, MADV_DONTNEED) = 0 <0.000013>
2433640 22:04:38.972033 madvise(0x59cfe710000, 65536, MADV_DONTNEED) = 0 <0.000013>
2433640 22:04:38.972063 madvise(0x59cfe720000, 65536, MADV_DONTNEED) = 0 <0.000013>
2433640 22:04:38.972092 madvise(0x59cfe730000, 65536, MADV_DONTNEED) = 0 <0.000013>
2433640 22:04:38.972122 madvise(0x59cfe740000, 65536, MADV_DONTNEED) = 0 <0.000013>
2433640 22:04:38.972152 madvise(0x59cfe750000, 65536, MADV_DONTNEED) = 0 <0.000013>
2433640 22:04:38.972182 madvise(0x59cfe760000, 65536, MADV_DONTNEED) = 0 <0.000013>
2433640 22:04:38.972212 madvise(0x59cfe770000, 65536, MADV_DONTNEED) = 0 <0.000013>
2433640 22:04:38.972241 madvise(0x59cfe780000, 65536, MADV_DONTNEED) = 0 <0.000013>
2433640 22:04:38.972271 madvise(0x59cfe790000, 65536, MADV_DONTNEED) = 0 <0.000013>
2433640 22:04:38.972302 madvise(0x59cfe7a0000, 65536, MADV_DONTNEED) = 0 <0.000013>
2433640 22:04:38.972332 madvise(0x59cfe7b0000, 65536, MADV_DONTNEED) = 0 <0.000013>
2433640 22:04:38.972361 madvise(0x59cfe7c0000, 65536, MADV_DONTNEED) = 0 <0.000013>
2433640 22:04:38.972391 madvise(0x59cfe7d0000, 65536, MADV_DONTNEED) = 0 <0.000013>
2433640 22:04:38.972421 madvise(0x59cfe7e0000, 65536, MADV_DONTNEED) = 0 <0.000013>
2433640 22:04:38.972451 madvise(0x59cfe7f0000, 65536, MADV_DONTNEED) = 0 <0.000023>
2433640 22:04:38.972491 madvise(0x59cfe800000, 4194304, MADV_DONTNEED) = 0 <0.000028>
2433640 22:04:38.972537 madvise(0x59cfec00000, 4194304, MADV_DONTNEED) = 0 <0.000029>
2433640 22:04:38.972583 madvise(0x59cff000000, 2228224, MADV_DONTNEED) = 0 <0.000044>
2433640 22:04:38.972644 madvise(0x59cff230000, 131072, MADV_DONTNEED) = 0 <0.000016>
2433640 22:04:38.972678 madvise(0x59cff280000, 1572864, MADV_DONTNEED) = 0 <0.000075>
2433640 22:04:38.972771 madvise(0x59cff400000, 4194304, MADV_DONTNEED) = 0 <0.000028>
2433640 22:04:38.972817 madvise(0x59cff800000, 4194304, MADV_DONTNEED) = 0 <0.000019>
2433640 22:04:38.972857 madvise(0x59cffc00000, 4194304, MADV_DONTNEED) = 0 <0.000018>
2433640 22:04:38.972892 madvise(0x59d00000000, 4194304, MADV_DONTNEED) = 0 <0.000028>
2433640 22:04:38.972938 madvise(0x59d00400000, 4194304, MADV_DONTNEED) = 0 <0.000027>
2433640 22:04:38.972983 madvise(0x59d00800000, 4194304, MADV_DONTNEED) = 0 <0.000018>
2433640 22:04:38.973019 madvise(0x59d00c00000, 4194304, MADV_DONTNEED) = 0 <0.000028>
2433640 22:04:38.973064 madvise(0x59d01000000, 4194304, MADV_DONTNEED) = 0 <0.000027>
2433640 22:04:38.973108 madvise(0x59d01400000, 4194304, MADV_DONTNEED) = 0 <0.000027>
2433640 22:04:38.973152 madvise(0x59d01800000, 917504, MADV_DONTNEED) = 0 <0.000065>
2433640 22:04:38.974185 +++ exited with 0 +++
