2433702 22:04:39.218242 mprotect(0x7f9522600000, 16384, PROT_READ) = 0 <0.000016>
2433702 22:04:39.218354 mprotect(0x7f9522886000, 4096, PROT_READ) = 0 <0.000014>
2433702 22:04:39.218389 mprotect(0x7f95228b4000, 4096, PROT_READ) = 0 <0.000012>
2433702 22:04:39.218634 mprotect(0x566c9ded5000, 172032, PROT_READ) = 0 <0.000012>
2433702 22:04:39.218672 mprotect(0x7f95228fc000, 8192, PROT_READ) = 0 <0.000015>
2433702 22:04:39.219019 mprotect(0x7f95228c1000, 4096, PROT_NONE) = 0 <0.000012>
2433702 22:04:39.219073 madvise(0x2d774c00000, 1073741824, MADV_HUGEPAGE) = 0 <0.000009>
2433702 22:04:39.297494 mprotect(0x7f9521fc0000, 2097152, PROT_READ|PROT_WRITE) = 0 <0.000023>
2433703 22:04:39.297838 mprotect(0x7f951c000000, 135168, PROT_READ|PROT_WRITE) = 0 <0.000020>
2433703 22:04:39.297937 mprotect(0x7f95228be000, 4096, PROT_NONE) = 0 <0.000012>
2433702 22:04:39.332396 getrusage(RUSAGE_SELF, {ru_utime={tv_sec=0, tv_usec=42730}, ru_stime={tv_sec=0, tv_usec=71549}, ru_maxrss=63972, ru_ixrss=0, ru_idrss=0, ru_isrss=0, ru_minflt=326, ru_majflt=0, ru_nswap=0, ru_inblock=0, ru_oublock=0, ru_msgsnd=0, ru_msgrcv=0, ru_nsignals=0, ru_nvcsw=49, ru_nivcsw=2}) = 0 <0.000016>
2433702 22:04:39.398807 getrusage(RUSAGE_SELF, {ru_utime={tv_sec=0, tv_usec=108907}, ru_stime={tv_sec=0, tv_usec=71549}, ru_maxrss=63972, ru_ixrss=0, ru_idrss=0, ru_isrss=0, ru_minflt=331, ru_majflt=0, ru_nswap=0, ru_inblock=0, ru_oublock=0, ru_msgsnd=0, ru_msgrcv=0, ru_nsignals=0, ru_nvcsw=51, ru_nivcsw=4}) = 0 <0.000016>
2433702 22:04:39.398971 getrusage(RUSAGE_SELF, {ru_utime={tv_sec=0, tv_usec=108978}, ru_stime={tv_sec=0, tv_usec=71549}, ru_maxrss=63972, ru_ixrss=0, ru_idrss=0, ru_isrss=0, ru_minflt=331, ru_majflt=0, ru_nswap=0, ru_inblock=0, ru_oublock=0, ru_msgsnd=0, ru_msgrcv=0, ru_nsignals=0, ru_nvcsw=53, ru_nivcsw=4}) = 0 <0.000013>
2433703 22:04:39.399149 madvise(0x7f9521fbf000, 2076672, MADV_DONTNEED) = 0 <0.000016>
2433703 22:04:39.399233 +++ exited with 0 +++
2433702 22:04:39.399395 madvise(0x2d774e30000, 65536, MADV_DONTNEED) = 0 <0.000039>
2433702 22:04:39.399454 madvise(0x2d774e50000, 131072, MADV_DONTNEED) = 0 <0.000016>
2433702 22:04:39.399488 madvise(0x2d774e80000, 65536, MADV_DONTNEED) = 0 <0.000013>
2433702 22:04:39.399520 madvise(0x2d774eb0000, 65536, MADV_DONTNEED) = 0 <0.000014>
2433702 22:04:39.399557 madvise(0x2d774ed0000, 655360, MADV_DONTNEED) = 0 <0.000036>
2433702 22:04:39.399615 madvise(0x2d774f80000, 524288, MADV_DONTNEED) = 0 <0.000032>
2433702 22:04:39.399667 madvise(0x2d775000000, 4194304, MADV_DONTNEED) = 0 <0.000032>
2433702 22:04:39.399719 madvise(0x2d775400000, 4194304, MADV_DONTNEED) = 0 <0.000035>
2433702 22:04:39.399774 madvise(0x2d775800000, 4194304, MADV_DONTNEED) = 0 <0.000030>
2433702 22:04:39.399824 madvise(0x2d775c00000, 1179648, MADV_DONTNEED) = 0 <0.000079>
2433702 22:04:39.399923 madvise(0x2d775d30000, 2949120, MADV_DONTNEED) = 0 <0.000056>
2433702 22:04:39.399999 madvise(0x2d776000000, 1441792, MADV_DONTNEED) = 0 <0.000087>
2433702 22:04:39.400108 madvise(0x2d776170000, 1048576, MADV_DONTNEED) = 0 <0.000072>
2433702 22:04:39.400201 madvise(0x2d776280000, 1572864, MADV_DONTNEED) = 0 <0.000073>
2433702 22:04:39.400295 madvise(0x2d776400000, 4194304, MADV_DONTNEED) = 0 <0.000029>
2433702 22:04:39.400345 madvise(0x2d776800000, 3342336, MADV_DONTNEED) = 0 <0.000080>
2433702 22:04:39.400446 madvise(0x2d776c00000, 4194304, MADV_DONTNEED) = 0 <0.000018>
2433702 22:04:39.400486 madvise(0x2d778c00000, 4194304, MADV_DONTNEED) = 0 <0.000029>
2433702 22:04:39.400534 madvise(0x2d779000000, 4194304, MADV_DONTNEED) = 0 <0.000028>
2433702 22:04:39.400582 madvise(0x2d779400000, 4194304, MADV_DONTNEED) = 0 <0.000028>
2433702 22:04:39.400631 madvise(0x2d779800000, 4194304, MADV_DONTNEED) = 0 <0.000031>
2433702 22:04:39.400684 madvise(0x2d779c00000, 4194304, MADV_DONTNEED) = 0 <0.000032>
2433702 22:04:39.400738 madvise(0x2d77a000000, 2031616, MADV_DONTNEED) = 0 <0.000114>
2433702 22:04:39.401881 +++ exited with 0 +++
