2433828 22:04:39.652419 mprotect(0x70cb86600000, 16384, PROT_READ) = 0 <0.000015>
2433828 22:04:39.652525 mprotect(0x70cb86712000, 4096, PROT_READ) = 0 <0.000014>
2433828 22:04:39.652561 mprotect(0x70cb86740000, 4096, PROT_READ) = 0 <0.000012>
2433828 22:04:39.652785 mprotect(0x56512d3c7000, 172032, PROT_READ) = 0 <0.000011>
2433828 22:04:39.652818 mprotect(0x70cb86788000, 8192, PROT_READ) = 0 <0.000015>
2433828 22:04:39.653148 mprotect(0x70cb8674d000, 4096, PROT_NONE) = 0 <0.000013>
2433828 22:04:39.653199 madvise(0x3a106800000, 1073741824, MADV_HUGEPAGE) = 0 <0.000010>
2433828 22:04:39.730849 mprotect(0x70cb85fc0000, 2097152, PROT_READ|PROT_WRITE) = 0 <0.000025>
2433831 22:04:39.731225 mprotect(0x70cb80000000, 135168, PROT_READ|PROT_WRITE) = 0 <0.000022>
2433831 22:04:39.731352 mprotect(0x70cb8674a000, 4096, PROT_NONE) = 0 <0.000013>
2433828 22:04:39.766162 getrusage(RUSAGE_SELF, {ru_utime={tv_sec=0, tv_usec=46905}, ru_stime={tv_sec=0, tv_usec=66865}, ru_maxrss=63964, ru_ixrss=0, ru_idrss=0, ru_isrss=0, ru_minflt=324, ru_majflt=0, ru_nswap=0, ru_inblock=0, ru_oublock=0, ru_msgsnd=0, ru_msgrcv=0, ru_nsignals=0, ru_nvcsw=49, ru_nivcsw=3}) = 0 <0.000018>
2433828 22:04:39.833539 getrusage(RUSAGE_SELF, {ru_utime={tv_sec=0, tv_usec=113997}, ru_stime={tv_sec=0, tv_usec=66998}, ru_maxrss=63964, ru_ixrss=0, ru_idrss=0, ru_isrss=0, ru_minflt=328, ru_majflt=0, ru_nswap=0, ru_inblock=0, ru_oublock=0, ru_msgsnd=0, ru_msgrcv=0, ru_nsignals=0, ru_nvcsw=51, ru_nivcsw=3}) = 0 <0.000018>
2433828 22:04:39.833708 getrusage(RUSAGE_SELF, {ru_utime={tv_sec=0, tv_usec=114040}, ru_stime={tv_sec=0, tv_usec=67023}, ru_maxrss=63964, ru_ixrss=0, ru_idrss=0, ru_isrss=0, ru_minflt=328, ru_majflt=0, ru_nswap=0, ru_inblock=0, ru_oublock=0, ru_msgsnd=0, ru_msgrcv=0, ru_nsignals=0, ru_nvcsw=53, ru_nivcsw=3}) = 0 <0.000012>
2433831 22:04:39.833899 madvise(0x70cb85fbf000, 2076672, MADV_DONTNEED) = 0 <0.000016>
2433831 22:04:39.833980 +++ exited with 0 +++
2433828 22:04:39.834138 madvise(0x3a106a30000, 65536, MADV_DONTNEED) = 0 <0.000040>
2433828 22:04:39.834197 madvise(0x3a106a50000, 131072, MADV_DONTNEED) = 0 <0.000016>
2433828 22:04:39.834230 madvise(0x3a106a80000, 65536, MADV_DONTNEED) = 0 <0.000013>
2433828 22:04:39.834261 madvise(0x3a106ab0000, 65536, MADV_DONTNEED) = 0 <0.000013>
2433828 22:04:39.834291 madvise(0x3a106ad0000, 655360, MADV_DONTNEED) = 0 <0.000035>
2433828 22:04:39.834344 madvise(0x3a106b80000, 524288, MADV_DONTNEED) = 0 <0.000031>
2433828 22:04:39.834393 madvise(0x3a106c00000, 4194304, MADV_DONTNEED) = 0 <0.000031>
2433828 22:04:39.834442 madvise(0x3a107000000, 4194304, MADV_DONTNEED) = 0 <0.000027>
2433828 22:04:39.834486 madvise(0x3a107400000, 4194304, MADV_DONTNEED) = 0 <0.000027>
2433828 22:04:39.834531 madvise(0x3a107800000, 1179648, MADV_DONTNEED) = 0 <0.000076>
2433828 22:04:39.834627 madvise(0x3a107930000, 2949120, MADV_DONTNEED) = 0 <0.000059>
2433828 22:04:39.834705 madvise(0x3a107c00000, 1441792, MADV_DONTNEED) = 0 <0.000093>
2433828 22:04:39.834816 madvise(0x3a107d70000, 983040, MADV_DONTNEED) = 0 <0.000069>
2433828 22:04:39.834904 madvise(0x3a107e80000, 1572864, MADV_DONTNEED) = 0 <0.000075>
2433828 22:04:39.834999 madvise(0x3a108000000, 4194304, MADV_DONTNEED) = 0 <0.000029>
2433828 22:04:39.835045 madvise(0x3a108400000, 3342336, MADV_DONTNEED) = 0 <0.000079>
2433828 22:04:39.835142 madvise(0x3a108800000, 4194304, MADV_DONTNEED) = 0 <0.000018>
2433828 22:04:39.835178 madvise(0x3a10a800000, 4194304, MADV_DONTNEED) = 0 <0.000027>
2433828 22:04:39.835223 madvise(0x3a10ac00000, 4194304, MADV_DONTNEED) = 0 <0.000027>
2433828 22:04:39.835268 madvise(0x3a10b000000, 4194304, MADV_DONTNEED) = 0 <0.000026>
2433828 22:04:39.835312 madvise(0x3a10b400000, 4194304, MADV_DONTNEED) = 0 <0.000027>
2433828 22:04:39.835356 madvise(0x3a10b800000, 4194304, MADV_DONTNEED) = 0 <0.000027>
2433828 22:04:39.835401 madvise(0x3a10bc00000, 2031616, MADV_DONTNEED) = 0 <0.000110>
2433828 22:04:39.836495 +++ exited with 0 +++
