2433945 22:04:40.117627 mprotect(0x790fc0800000, 16384, PROT_READ) = 0 <0.000014>
2433945 22:04:40.117746 mprotect(0x790fc09df000, 4096, PROT_READ) = 0 <0.000015>
2433945 22:04:40.117782 mprotect(0x790fc0a0d000, 4096, PROT_READ) = 0 <0.000012>
2433945 22:04:40.118005 mprotect(0x59214914c000, 172032, PROT_READ) = 0 <0.000011>
2433945 22:04:40.118037 mprotect(0x790fc0a55000, 8192, PROT_READ) = 0 <0.000014>
2433945 22:04:40.118368 mprotect(0x790fc0a1a000, 4096, PROT_NONE) = 0 <0.000013>
2433945 22:04:40.118412 madvise(0x28707c00000, 1073741824, MADV_HUGEPAGE) = 0 <0.000009>
2433945 22:04:40.144884 mprotect(0x790fc01c0000, 2097152, PROT_READ|PROT_WRITE) = 0 <0.000023>
2433946 22:04:40.145181 mprotect(0x790fb8000000, 135168, PROT_READ|PROT_WRITE) = 0 <0.000019>
2433946 22:04:40.145264 mprotect(0x790fc0a17000, 4096, PROT_NONE) = 0 <0.000011>
2433945 22:04:40.183816 getrusage(RUSAGE_SELF, {ru_utime={tv_sec=0, tv_usec=39695}, ru_stime={tv_sec=0, tv_usec=26463}, ru_maxrss=59884, ru_ixrss=0, ru_idrss=0, ru_isrss=0, ru_minflt=323, ru_majflt=0, ru_nswap=0, ru_inblock=0, ru_oublock=0, ru_msgsnd=0, ru_msgrcv=0, ru_nsignals=0, ru_nvcsw=47, ru_nivcsw=7}) = 0 <0.000027>
2433945 22:04:40.273263 getrusage(RUSAGE_SELF, {ru_utime={tv_sec=0, tv_usec=128827}, ru_stime={tv_sec=0, tv_usec=26463}, ru_maxrss=61932, ru_ixrss=0, ru_idrss=0, ru_isrss=0, ru_minflt=326, ru_majflt=0, ru_nswap=0, ru_inblock=0, ru_oublock=0, ru_msgsnd=0, ru_msgrcv=0, ru_nsignals=0, ru_nvcsw=49, ru_nivcsw=13}) = 0 <0.000017>
2433945 22:04:40.273417 getrusage(RUSAGE_SELF, {ru_utime={tv_sec=0, tv_usec=128912}, ru_stime={tv_sec=0, tv_usec=26463}, ru_maxrss=61932, ru_ixrss=0, ru_idrss=0, ru_isrss=0, ru_minflt=326, ru_majflt=0, ru_nswap=0, ru_inblock=0, ru_oublock=0, ru_msgsnd=0, ru_msgrcv=0, ru_nsignals=0, ru_nvcsw=51, ru_nivcsw=13}) = 0 <0.000012>
2433946 22:04:40.273667 madvise(0x790fc01bf000, 2076672, MADV_DONTNEED) = 0 <0.000015>
2433946 22:04:40.273763 +++ exited with 0 +++
2433945 22:04:40.274074 madvise(0x28707e30000, 65536, MADV_DONTNEED) = 0 <0.000055>
2433945 22:04:40.274151 madvise(0x28707e50000, 131072, MADV_DONTNEED) = 0 <0.000022>
2433945 22:04:40.274190 madvise(0x28707e80000, 65536, MADV_DONTNEED) = 0 <0.000016>
2433945 22:04:40.274224 madvise(0x28707ea0000, 131072, MADV_DONTNEED) = 0 <0.000022>
2433945 22:04:40.274263 madvise(0x28707ed0000, 655360, MADV_DONTNEED) = 0 <0.000055>
2433945 22:04:40.274337 madvise(0x28707f80000, 524288, MADV_DONTNEED) = 0 <0.000047>
2433945 22:04:40.274402 madvise(0x28708000000, 65536, MADV_DONTNEED) = 0 <0.000045>
2433945 22:04:40.274464 madvise(0x28708010000, 65536, MADV_DONTNEED) = 0 <0.000021>
2433945 22:04:40.274511 madvise(0x28708020000, 65536, MADV_DONTNEED) = 0 <0.000021>
2433945 22:04:40.274560 madvise(0x28708030000, 65536, MADV_DONTNEED) = 0 <0.000019>
2433945 22:04:40.274606 madvise(0x28708050000, 65536, MADV_DONTNEED) = 0 <0.000019>
2433945 22:04:40.274653 madvise(0x28708060000, 65536, MADV_DONTNEED) = 0 <0.000019>
2433945 22:04:40.274698 madvise(0x28708070000, 65536, MADV_DONTNEED) = 0 <0.000019>
2433945 22:04:40.274784 madvise(0x28708080000, 65536, MADV_DONTNEED) = 0 <0.000022>
2433945 22:04:40.274833 madvise(0x28708090000, 65536, MADV_DONTNEED) = 0 <0.000019>
2433945 22:04:40.274879 madvise(0x287080a0000, 65536, MADV_DONTNEED) = 0 <0.000019>
2433945 22:04:40.274924 madvise(0x287080b0000, 65536, MADV_DONTNEED) = 0 <0.000019>
2433945 22:04:40.274970 madvise(0x287080d0000, 65536, MADV_DONTNEED) = 0 <0.000019>
2433945 22:04:40.275015 madvise(0x287080e0000, 65536, MADV_DONTNEED) = 0 <0.000019>
2433945 22:04:40.275060 madvise(0x287080f0000, 65536, MADV_DONTNEED) = 0 <0.000019>
2433945 22:04:40.275106 madvise(0x28708100000, 65536, MADV_DONTNEED) = 0 <0.000019>
2433945 22:04:40.275151 madvise(0x28708110000, 65536, MADV_DONTNEED) = 0 <0.000019>
2433945 22:04:40.275198 madvise(0x28708120000, 65536, MADV_DONTNEED) = 0 <0.000019>
2433945 22:04:40.275243 madvise(0x28708130000, 65536, MADV_DONTNEED) = 0 <0.000019>
2433945 22:04:40.275288 madvise(0x28708140000, 65536, MADV_DONTNEED) = 0 <0.000019>
2433945 22:04:40.275333 madvise(0x28708150000, 65536, MADV_DONTNEED) = 0 <0.000019>
2433945 22:04:40.275386 madvise(0x28708160000, 65536, MADV_DONTNEED) = 0 <0.000019>
2433945 22:04:40.275432 madvise(0x28708170000, 65536, MADV_DONTNEED) = 0 <0.000019>
2433945 22:04:40.275479 madvise(0x28708180000, 65536, MADV_DONTNEED) = 0 <0.000020>
2433945 22:04:40.275527 madvise(0x28708190000, 65536, MADV_DONTNEED) = 0 <0.000019>
2433945 22:04:40.275572 madvise(0x287081a0000, 65536, MADV_DONTNEED) = 0 <0.000019>
2433945 22:04:40.275618 madvise(0x287081b0000, 65536, MADV_DONTNEED) = 0 <0.000019>
2433945 22:04:40.275663 madvise(0x287081c0000, 65536, MADV_DONTNEED) = 0 <0.000019>
2433945 22:04:40.275708 madvise(0x287081d0000, 65536, MADV_DONTNEED) = 0 <0.000018>
2433945 22:04:40.275755 madvise(0x287081e0000, 65536, MADV_DONTNEED) = 0 <0.000019>
2433945 22:04:40.275804 madvise(0x287081f0000, 65536, MADV_DONTNEED) = 0 <0.000019>
2433945 22:04:40.275849 madvise(0x28708200000, 65536, MADV_DONTNEED) = 0 <0.000042>
2433945 22:04:40.275918 madvise(0x28708210000, 65536, MADV_DONTNEED) = 0 <0.000019>
2433945 22:04:40.275964 madvise(0x28708220000, 65536, MADV_DONTNEED) = 0 <0.000019>
2433945 22:04:40.276009 madvise(0x28708230000, 65536, MADV_DONTNEED) = 0 <0.000019>
2433945 22:04:40.276057 madvise(0x28708240000, 65536, MADV_DONTNEED) = 0 <0.000019>
2433945 22:04:40.276103 madvise(0x28708250000, 65536, MADV_DONTNEED) = 0 <0.000019>
2433945 22:04:40.276148 madvise(0x28708260000, 65536, MADV_DONTNEED) = 0 <0.000019>
2433945 22:04:40.276193 madvise(0x28708270000, 65536, MADV_DONTNEED) = 0 <0.000019>
2433945 22:04:40.276241 madvise(0x28708280000, 65536, MADV_DONTNEED) = 0 <0.000019>
2433945 22:04:40.276287 madvise(0x28708290000, 65536, MADV_DONTNEED) = 0 <0.000019>
2433945 22:04:40.276332 madvise(0x287082a0000, 65536, MADV_DONTNEED) = 0 <0.000019>
2433945 22:04:40.276378 madvise(0x287082b0000, 65536, MADV_DONTNEED) = 0 <0.000019>
2433945 22:04:40.276423 madvise(0x287082c0000, 65536, MADV_DONTNEED) = 0 <0.000019>
2433945 22:04:40.276471 madvise(0x287082d0000, 65536, MADV_DONTNEED) = 0 <0.000021>
2433945 22:04:40.276519 madvise(0x287082e0000, 65536, MADV_DONTNEED) = 0 <0.000019>
2433945 22:04:40.276565 madvise(0x287082f0000, 65536, MADV_DONTNEED) = 0 <0.000019>
2433945 22:04:40.276610 madvise(0x28708300000, 65536, MADV_DONTNEED) = 0 <0.000019>
2433945 22:04:40.276655 madvise(0x28708310000, 65536, MADV_DONTNEED) = 0 <0.000019>
2433945 22:04:40.276701 madvise(0x28708320000, 65536, MADV_DONTNEED) = 0 <0.000019>
2433945 22:04:40.276754 madvise(0x28708330000, 65536, MADV_DONTNEED) = 0 <0.000019>
2433945 22:04:40.276800 madvise(0x28708340000, 65536, MADV_DONTNEED) = 0 <0.000019>
2433945 22:04:40.276846 madvise(0x28708350000, 65536, MADV_DONTNEED) = 0 <0.000019>
2433945 22:04:40.276891 madvise(0x28708360000, 65536, MADV_DONTNEED) = 0 <0.000019>
2433945 22:04:40.276937 madvise(0x28708370000, 65536, MADV_DONTNEED) = 0 <0.000019>
2433945 22:04:40.276982 madvise(0x28708380000, 65536, MADV_DONTNEED) = 0 <0.000018>
2433945 22:04:40.277027 madvise(0x28708390000, 65536, MADV_DONTNEED) = 0 <0.000018>
2433945 22:04:40.277070 madvise(0x287083a0000, 65536, MADV_DONTNEED) = 0 <0.000017>
2433945 22:04:40.277113 madvise(0x287083b0000, 65536, MADV_DONTNEED) = 0 <0.000017>
2433945 22:04:40.277155 madvise(0x287083c0000, 65536, MADV_DONTNEED) = 0 <0.000017>
2433945 22:04:40.277198 madvise(0x287083d0000, 65536, MADV_DONTNEED) = 0 <0.000017>
2433945 22:04:40.277242 madvise(0x287083e0000, 65536, MADV_DONTNEED) = 0 <0.000018>
2433945 22:04:40.277287 madvise(0x287083f0000, 65536, MADV_DONTNEED) = 0 <0.000034>
2433945 22:04:40.277349 madvise(0x28708400000, 4194304, MADV_DONTNEED) = 0 <0.000040>
2433945 22:04:40.277416 madvise(0x28708800000, 4194304, MADV_DONTNEED) = 0 <0.000040>
2433945 22:04:40.277485 madvise(0x28708c00000, 2228224, MADV_DONTNEED) = 0 <0.000053>
2433945 22:04:40.277566 madvise(0x28708e30000, 131072, MADV_DONTNEED) = 0 <0.000023>
2433945 22:04:40.277615 madvise(0x28708e80000, 1572864, MADV_DONTNEED) = 0 <0.000085>
2433945 22:04:40.277726 madvise(0x28709000000, 4194304, MADV_DONTNEED) = 0 <0.000042>
2433945 22:04:40.277795 madvise(0x28709400000, 4194304, MADV_DONTNEED) = 0 <0.000026>
2433945 22:04:40.277852 madvise(0x28709800000, 4194304, MADV_DONTNEED) = 0 <0.000025>
2433945 22:04:40.277903 madvise(0x28709c00000, 4194304, MADV_DONTNEED) = 0 <0.000038>
2433945 22:04:40.277968 madvise(0x2870a000000, 4194304, MADV_DONTNEED) = 0 <0.000039>
2433945 22:04:40.278035 madvise(0x2870a400000, 4194304, MADV_DONTNEED) = 0 <0.000027>
2433945 22:04:40.278089 madvise(0x2870a800000, 4194304, MADV_DONTNEED) = 0 <0.000039>
2433945 22:04:40.278156 madvise(0x2870ac00000, 4194304, MADV_DONTNEED) = 0 <0.000036>
2433945 22:04:40.278220 madvise(0x2870b000000, 4194304, MADV_DONTNEED) = 0 <0.000036>
2433945 22:04:40.278284 madvise(0x2870b400000, 917504, MADV_DONTNEED) = 0 <0.000078>
2433945 22:04:40.279479 +++ exited with 0 +++
