2434016 22:04:40.527560 mprotect(0x72bdb0200000, 16384, PROT_READ) = 0 <0.000018>
2434016 22:04:40.527680 mprotect(0x72bdb030b000, 4096, PROT_READ) = 0 <0.000014>
2434016 22:04:40.527715 mprotect(0x72bdb0339000, 4096, PROT_READ) = 0 <0.000012>
2434016 22:04:40.527963 mprotect(0x584b21e46000, 172032, PROT_READ) = 0 <0.000015>
2434016 22:04:40.528000 mprotect(0x72bdb0381000, 8192, PROT_READ) = 0 <0.000017>
2434016 22:04:40.528350 mprotect(0x72bdb0346000, 4096, PROT_NONE) = 0 <0.000013>
2434016 22:04:40.528400 madvise(0x42902000000, 1073741824, MADV_HUGEPAGE) = 0 <0.000010>
2434016 22:04:40.554370 mprotect(0x72bdafbb0000, 2097152, PROT_READ|PROT_WRITE) = 0 <0.000024>
2434048 22:04:40.554702 mprotect(0x72bda8000000, 135168, PROT_READ|PROT_WRITE) = 0 <0.000020>
2434048 22:04:40.554815 mprotect(0x72bdb0343000, 4096, PROT_NONE) = 0 <0.000014>
2434016 22:04:40.588829 getrusage(RUSAGE_SELF, {ru_utime={tv_sec=0, tv_usec=34144}, ru_stime={tv_sec=0, tv_usec=27315}, ru_maxrss=59868, ru_ixrss=0, ru_idrss=0, ru_isrss=0, ru_minflt=320, ru_majflt=0, ru_nswap=0, ru_inblock=0, ru_oublock=0, ru_msgsnd=0, ru_msgrcv=0, ru_nsignals=0, ru_nvcsw=49, ru_nivcsw=1}) = 0 <0.000016>
2434016 22:04:40.655133 getrusage(RUSAGE_SELF, {ru_utime={tv_sec=0, tv_usec=98918}, ru_stime={tv_sec=0, tv_usec=28686}, ru_maxrss=61920, ru_ixrss=0, ru_idrss=0, ru_isrss=0, ru_minflt=325, ru_majflt=0, ru_nswap=0, ru_inblock=0, ru_oublock=0, ru_msgsnd=0, ru_msgrcv=0, ru_nsignals=0, ru_nvcsw=51, ru_nivcsw=1}) = 0 <0.000021>
2434016 22:04:40.655299 getrusage(RUSAGE_SELF, {ru_utime={tv_sec=0, tv_usec=98969}, ru_stime={tv_sec=0, tv_usec=28701}, ru_maxrss=61920, ru_ixrss=0, ru_idrss=0, ru_isrss=0, ru_minflt=325, ru_majflt=0, ru_nswap=0, ru_inblock=0, ru_oublock=0, ru_msgsnd=0, ru_msgrcv=0, ru_nsignals=0, ru_nvcsw=53, ru_nivcsw=1}) = 0 <0.000013>
2434048 22:04:40.655485 madvise(0x72bdafbaf000, 2076672, MADV_DONTNEED) = 0 <0.000016>
2434048 22:04:40.655568 +++ exited with 0 +++
2434016 22:04:40.655780 madvise(0x42902230000, 65536, MADV_DONTNEED) = 0 <0.000038>
2434016 22:04:40.655838 madvise(0x42902250000, 131072, MADV_DONTNEED) = 0 <0.000016>
2434016 22:04:40.655872 madvise(0x42902280000, 65536, MADV_DONTNEED) = 0 <0.000013>
2434016 22:04:40.655901 madvise(0x429022a0000, 131072, MADV_DONTNEED) = 0 <0.000016>
2434016 22:04:40.655935 madvise(0x429022d0000, 655360, MADV_DONTNEED) = 0 <0.000036>
2434016 22:04:40.655988 madvise(0x42902380000, 524288, MADV_DONTNEED) = 0 <0.000030>
2434016 22:04:40.656036 madvise(0x42902400000, 65536, MADV_DONTNEED) = 0 <0.000031>
2434016 22:04:40.656085 madvise(0x42902410000, 65536, MADV_DONTNEED) = 0 <0.000013>
2434016 22:04:40.656114 madvise(0x42902420000, 65536, MADV_DONTNEED) = 0 <0.000013>
2434016 22:04:40.656145 madvise(0x42902430000, 65536, MADV_DONTNEED) = 0 <0.000013>
2434016 22:04:40.656174 madvise(0x42902450000, 65536, MADV_DONTNEED) = 0 <0.000014>
2434016 22:04:40.656207 madvise(0x42902460000, 65536, MADV_DONTNEED) = 0 <0.000013>
2434016 22:04:40.656239 madvise(0x42902470000, 65536, MADV_DONTNEED) = 0 <0.000012>
2434016 22:04:40.656268 madvise(0x42902480000, 65536, MADV_DONTNEED) = 0 <0.000013>
2434016 22:04:40.656298 madvise(0x42902490000, 65536, MADV_DONTNEED) = 0 <0.000013>
2434016 22:04:40.656328 madvise(0x429024a0000, 65536, MADV_DONTNEED) = 0 <0.000014>
2434016 22:04:40.656358 madvise(0x429024b0000, 65536, MADV_DONTNEED) = 0 <0.000013>
2434016 22:04:40.656388 madvise(0x429024d0000, 65536, MADV_DONTNEED) = 0 <0.000013>
2434016 22:04:40.656418 madvise(0x429024e0000, 65536, MADV_DONTNEED) = 0 <0.000012>
2434016 22:04:40.656447 madvise(0x429024f0000, 65536, MADV_DONTNEED) = 0 <0.000012>
2434016 22:04:40.656477 madvise(0x42902500000, 65536, MADV_DONTNEED) = 0 <0.000013>
2434016 22:04:40.656507 madvise(0x42902510000, 65536, MADV_DONTNEED) = 0 <0.000013>
2434016 22:04:40.656536 madvise(0x42902520000, 65536, MADV_DONTNEED) = 0 <0.000013>
2434016 22:04:40.656566 madvise(0x42902530000, 65536, MADV_DONTNEED) = 0 <0.000013>
2434016 22:04:40.656596 madvise(0x42902540000, 65536, MADV_DONTNEED) = 0 <0.000013>
2434016 22:04:40.656625 madvise(0x42902550000, 65536, MADV_DONTNEED) = 0 <0.000013>
2434016 22:04:40.656661 madvise(0x42902560000, 65536, MADV_DONTNEED) = 0 <0.000012>
2434016 22:04:40.656691 madvise(0x42902570000, 65536, MADV_DONTNEED) = 0 <0.000013>
2434016 22:04:40.656720 madvise(0x42902580000, 65536, MADV_DONTNEED) = 0 <0.000012>
2434016 22:04:40.656794 madvise(0x42902590000, 65536, MADV_DONTNEED) = 0 <0.000013>
2434016 22:04:40.656825 madvise(0x429025a0000, 65536, MADV_DONTNEED) = 0 <0.000013>
2434016 22:04:40.656855 madvise(0x429025b0000, 65536, MADV_DONTNEED) = 0 <0.000013>
2434016 22:04:40.656885 madvise(0x429025c0000, 65536, MADV_DONTNEED) = 0 <0.000012>
2434016 22:04:40.656914 madvise(0x429025d0000, 65536, MADV_DONTNEED) = 0 <0.000012>
2434016 22:04:40.656944 madvise(0x429025e0000, 65536, MADV_DONTNEED) = 0 <0.000013>
2434016 22:04:40.656974 madvise(0x429025f0000, 65536, MADV_DONTNEED) = 0 <0.000012>
2434016 22:04:40.657003 madvise(0x42902600000, 65536, MADV_DONTNEED) = 0 <0.000031>
2434016 22:04:40.657051 madvise(0x42902610000, 65536, MADV_DONTNEED) = 0 <0.000013>
2434016 22:04:40.657081 madvise(0x42902620000, 65536, MADV_DONTNEED) = 0 <0.000012>
2434016 22:04:40.657110 madvise(0x42902630000, 65536, MADV_DONTNEED) = 0 <0.000013>
2434016 22:04:40.657141 madvise(0x42902640000, 65536, MADV_DONTNEED) = 0 <0.000013>
2434016 22:04:40.657171 madvise(0x42902650000, 65536, MADV_DONTNEED) = 0 <0.000013>
2434016 22:04:40.657200 madvise(0x42902660000, 65536, MADV_DONTNEED) = 0 <0.000013>
2434016 22:04:40.657230 madvise(0x42902670000, 65536, MADV_DONTNEED) = 0 <0.000013>
2434016 22:04:40.657260 madvise(0x42902680000, 65536, MADV_DONTNEED) = 0 <0.000013>
2434016 22:04:40.657290 madvise(0x42902690000, 65536, MADV_DONTNEED) = 0 <0.000013>
2434016 22:04:40.657319 madvise(0x429026a0000, 65536, MADV_DONTNEED) = 0 <0.000013>
2434016 22:04:40.657349 madvise(0x429026b0000, 65536, MADV_DONTNEED) = 0 <0.000013>
2434016 22:04:40.657379 madvise(0x429026c0000, 65536, MADV_DONTNEED) = 0 <0.000013>
2434016 22:04:40.657409 madvise(0x429026d0000, 65536, MADV_DONTNEED) = 0 <0.000013>
2434016 22:04:40.657439 madvise(0x429026e0000, 65536, MADV_DONTNEED) = 0 <0.000013>
2434016 22:04:40.657470 madvise(0x429026f0000, 65536, MADV_DONTNEED) = 0 <0.000013>
2434016 22:04:40.657499 madvise(0x42902700000, 65536, MADV_DONTNEED) = 0 <0.000013>
2434016 22:04:40.657530 madvise(0x42902710000, 65536, MADV_DONTNEED) = 0 <0.000013>
2434016 22:04:40.657560 madvise(0x42902720000, 65536, MADV_DONTNEED) = 0 <0.000013>
2434016 22:04:40.657589 madvise(0x42902730000, 65536, MADV_DONTNEED) = 0 <0.000013>
2434016 22:04:40.657619 madvise(0x42902740000, 65536, MADV_DONTNEED) = 0 <0.000013>
2434016 22:04:40.657649 madvise(0x42902750000, 65536, MADV_DONTNEED) = 0 <0.000013>
2434016 22:04:40.657679 madvise(0x42902760000, 65536, MADV_DONTNEED) = 0 <0.000013>
2434016 22:04:40.657708 madvise(0x42902770000, 65536, MADV_DONTNEED) = 0 <0.000013>
2434016 22:04:40.657738 madvise(0x42902780000, 65536, MADV_DONTNEED) = 0 <0.000013>
2434016 22:04:40.657773 madvise(0x42902790000, 65536, MADV_DONTNEED) = 0 <0.000013>
2434016 22:04:40.657803 madvise(0x429027a0000, 65536, MADV_DONTNEED) = 0 <0.000013>
2434016 22:04:40.657833 madvise(0x429027b0000, 65536, MADV_DONTNEED) = 0 <0.000013>
2434016 22:04:40.657863 madvise(0x429027c0000, 65536, MADV_DONTNEED) = 0 <0.000013>
2434016 22:04:40.657893 madvise(0x429027d0000, 65536, MADV_DONTNEED) = 0 <0.000013>
2434016 22:04:40.657922 madvise(0x429027e0000, 65536, MADV_DONTNEED) = 0 <0.000013>
2434016 22:04:40.657952 madvise(0x429027f0000, 65536, MADV_DONTNEED) = 0 <0.000023>
2434016 22:04:40.657993 madvise(0x42902800000, 4194304, MADV_DONTNEED) = 0 <0.000028>
2434016 22:04:40.658038 madvise(0x42902c00000, 4194304, MADV_DONTNEED) = 0 <0.000027>
2434016 22:04:40.658082 madvise(0x42903000000, 2228224, MADV_DONTNEED) = 0 <0.000043>
2434016 22:04:40.658143 madvise(0x42903230000, 131072, MADV_DONTNEED) = 0 <0.000016>
2434016 22:04:40.658176 madvise(0x42903280000, 1572864, MADV_DONTNEED) = 0 <0.000080>
2434016 22:04:40.658274 madvise(0x42903400000, 4194304, MADV_DONTNEED) = 0 <0.000028>
2434016 22:04:40.658319 madvise(0x42903800000, 4194304, MADV_DONTNEED) = 0 <0.000018>
2434016 22:04:40.658359 madvise(0x42903c00000, 4194304, MADV_DONTNEED) = 0 <0.000018>
2434016 22:04:40.658394 madvise(0x42904000000, 4194304, MADV_DONTNEED) = 0 <0.000027>
2434016 22:04:40.658439 madvise(0x42904400000, 4194304, MADV_DONTNEED) = 0 <0.000027>
2434016 22:04:40.658483 madvise(0x42904800000, 4194304, MADV_DONTNEED) = 0 <0.000018>
2434016 22:04:40.658519 madvise(0x42904c00000, 4194304, MADV_DONTNEED) = 0 <0.000027>
2434016 22:04:40.658563 madvise(0x42905000000, 4194304, MADV_DONTNEED) = 0 <0.000026>
2434016 22:04:40.658607 madvise(0x42905400000, 4194304, MADV_DONTNEED) = 0 <0.000027>
2434016 22:04:40.658651 madvise(0x42905800000, 917504, MADV_DONTNEED) = 0 <0.000066>
2434016 22:04:40.659682 +++ exited with 0 +++
