2434121 22:04:40.920591 mprotect(0x7441e5800000, 16384, PROT_READ) = 0 <0.000015>
2434121 22:04:40.920695 mprotect(0x7441e5a25000, 4096, PROT_READ) = 0 <0.000015>
2434121 22:04:40.920733 mprotect(0x7441e5a53000, 4096, PROT_READ) = 0 <0.000016>
2434121 22:04:40.920962 mprotect(0x5c1e8e499000, 172032, PROT_READ) = 0 <0.000011>
2434121 22:04:40.920994 mprotect(0x7441e5a9b000, 8192, PROT_READ) = 0 <0.000014>
2434121 22:04:40.921325 mprotect(0x7441e5a60000, 4096, PROT_NONE) = 0 <0.000013>
2434121 22:04:40.921368 madvise(0x4ed45000000, 1073741824, MADV_HUGEPAGE) = 0 <0.000009>
2434121 22:04:40.999053 mprotect(0x7441e51c0000, 2097152, PROT_READ|PROT_WRITE) = 0 <0.000024>
2434122 22:04:40.999390 mprotect(0x7441e0000000, 135168, PROT_READ|PROT_WRITE) = 0 <0.000020>
2434122 22:04:40.999485 mprotect(0x7441e5a5d000, 4096, PROT_NONE) = 0 <0.000011>
2434121 22:04:41.033147 getrusage(RUSAGE_SELF, {ru_utime={tv_sec=0, tv_usec=53332}, ru_stime={tv_sec=0, tv_usec=59258}, ru_maxrss=63968, ru_ixrss=0, ru_idrss=0, ru_isrss=0, ru_minflt=323, ru_majflt=0, ru_nswap=0, ru_inblock=0, ru_oublock=0, ru_msgsnd=0, ru_msgrcv=0, ru_nsignals=0, ru_nvcsw=49, ru_nivcsw=1}) = 0 <0.000017>
2434121 22:04:41.098531 getrusage(RUSAGE_SELF, {ru_utime={tv_sec=0, tv_usec=118196}, ru_stime={tv_sec=0, tv_usec=59594}, ru_maxrss=63968, ru_ixrss=0, ru_idrss=0, ru_isrss=0, ru_minflt=327, ru_majflt=0, ru_nswap=0, ru_inblock=0, ru_oublock=0, ru_msgsnd=0, ru_msgrcv=0, ru_nsignals=0, ru_nvcsw=51, ru_nivcsw=3}) = 0 <0.000016>
2434121 22:04:41.098694 getrusage(RUSAGE_SELF, {ru_utime={tv_sec=0, tv_usec=118240}, ru_stime={tv_sec=0, tv_usec=59616}, ru_maxrss=63968, ru_ixrss=0, ru_idrss=0, ru_isrss=0, ru_minflt=327, ru_majflt=0, ru_nswap=0, ru_inblock=0, ru_oublock=0, ru_msgsnd=0, ru_msgrcv=0, ru_nsignals=0, ru_nvcsw=53, ru_nivcsw=3}) = 0 <0.000011>
2434122 22:04:41.098948 madvise(0x7441e51bf000, 2076672, MADV_DONTNEED) = 0 <0.000016>
2434122 22:04:41.099034 +++ exited with 0 +++
2434121 22:04:41.099185 madvise(0x4ed45230000, 65536, MADV_DONTNEED) = 0 <0.000041>
2434121 22:04:41.099246 madvise(0x4ed45250000, 131072, MADV_DONTNEED) = 0 <0.000016>
2434121 22:04:41.099280 madvise(0x4ed45280000, 65536, MADV_DONTNEED) = 0 <0.000013>
2434121 22:04:41.099310 madvise(0x4ed452b0000, 65536, MADV_DONTNEED) = 0 <0.000013>
2434121 22:04:41.099340 madvise(0x4ed452d0000, 655360, MADV_DONTNEED) = 0 <0.000036>
2434121 22:04:41.099393 madvise(0x4ed45380000, 524288, MADV_DONTNEED) = 0 <0.000030>
2434121 22:04:41.099442 madvise(0x4ed45400000, 4194304, MADV_DONTNEED) = 0 <0.000030>
2434121 22:04:41.099488 madvise(0x4ed45800000, 4194304, MADV_DONTNEED) = 0 <0.000028>
2434121 22:04:41.099534 madvise(0x4ed45c00000, 4194304, MADV_DONTNEED) = 0 <0.000027>
2434121 22:04:41.099578 madvise(0x4ed46000000, 1179648, MADV_DONTNEED) = 0 <0.000075>
2434121 22:04:41.099671 madvise(0x4ed46130000, 2949120, MADV_DONTNEED) = 0 <0.000053>
2434121 22:04:41.099792 madvise(0x4ed46400000, 1441792, MADV_DONTNEED) = 0 <0.000087>
2434121 22:04:41.099898 madvise(0x4ed46570000, 983040, MADV_DONTNEED) = 0 <0.000070>
2434121 22:04:41.099986 madvise(0x4ed46680000, 1572864, MADV_DONTNEED) = 0 <0.000077>
2434121 22:04:41.100085 madvise(0x4ed46800000, 4194304, MADV_DONTNEED) = 0 <0.000029>
2434121 22:04:41.100133 madvise(0x4ed46c00000, 3342336, MADV_DONTNEED) = 0 <0.000079>
2434121 22:04:41.100230 madvise(0x4ed47000000, 4194304, MADV_DONTNEED) = 0 <0.000019>
2434121 22:04:41.100266 madvise(0x4ed49000000, 4194304, MADV_DONTNEED) = 0 <0.000027>
2434121 22:04:41.100311 madvise(0x4ed49400000, 4194304, MADV_DONTNEED) = 0 <0.000029>
2434121 22:04:41.100357 madvise(0x4ed49800000, 4194304, MADV_DONTNEED) = 0 <0.000027>
2434121 22:04:41.100401 madvise(0x4ed49c00000, 4194304, MADV_DONTNEED) = 0 <0.000028>
2434121 22:04:41.100447 madvise(0x4ed4a000000, 4194304, MADV_DONTNEED) = 0 <0.000027>
2434121 22:04:41.100491 madvise(0x4ed4a400000, 2031616, MADV_DONTNEED) = 0 <0.000110>
2434121 22:04:41.101627 +++ exited with 0 +++
