2432596 22:04:31.817463 mprotect(0x771a65600000, 16384, PROT_READ) = 0 <0.000016>
2432596 22:04:31.817576 mprotect(0x771a6585b000, 4096, PROT_READ) = 0 <0.000015>
2432596 22:04:31.817616 mprotect(0x771a65889000, 4096, PROT_READ) = 0 <0.000013>
2432596 22:04:31.817844 mprotect(0x634f8a7cc000, 172032, PROT_READ) = 0 <0.000013>
2432596 22:04:31.817880 mprotect(0x771a658d1000, 8192, PROT_READ) = 0 <0.000015>
2432596 22:04:31.818215 mprotect(0x771a65896000, 4096, PROT_NONE) = 0 <0.000013>
2432596 22:04:31.818263 madvise(0x4e42e800000, 1073741824, MADV_HUGEPAGE) = 0 <0.000010>
2432596 22:04:32.279119 mprotect(0x771a64fc0000, 2097152, PROT_READ|PROT_WRITE) = 0 <0.000026>
2432598 22:04:32.279461 mprotect(0x771a60000000, 135168, PROT_READ|PROT_WRITE) = 0 <0.000019>
2432598 22:04:32.279546 mprotect(0x771a65893000, 4096, PROT_NONE) = 0 <0.000012>
2432596 22:04:32.350297 getrusage(RUSAGE_SELF, {ru_utime={tv_sec=0, tv_usec=42942}, ru_stime={tv_sec=0, tv_usec=477357}, ru_maxrss=41984, ru_ixrss=0, ru_idrss=0, ru_isrss=0, ru_minflt=8879, ru_majflt=0, ru_nswap=0, ru_inblock=1272, ru_oublock=0, ru_msgsnd=0, ru_msgrcv=0, ru_nsignals=0, ru_nvcsw=208, ru_nivcsw=11}) = 0 <0.000019>
2432596 22:04:32.962591 madvise(0x4e42eaf0000, 65536, MADV_DONTNEED) = 0 <0.000035>
2432596 22:04:32.962695 madvise(0x4e42eb10000, 65536, MADV_DONTNEED) = 0 <0.000024>
2432596 22:04:32.962738 madvise(0x4e42eb40000, 196608, MADV_DONTNEED) = 0 <0.000045>
2432596 22:04:32.962856 madvise(0x4e42f8c0000, 65536, MADV_DONTNEED) = 0 <0.000020>
2432596 22:04:32.962896 madvise(0x4e42f8d0000, 65536, MADV_DONTNEED) = 0 <0.000018>
2432596 22:04:32.962934 madvise(0x4e42f8e0000, 65536, MADV_DONTNEED) = 0 <0.000017>
2432596 22:04:32.962971 madvise(0x4e42f8f0000, 65536, MADV_DONTNEED) = 0 <0.000021>
2432596 22:04:32.963011 madvise(0x4e42f900000, 65536, MADV_DONTNEED) = 0 <0.000010>
2432596 22:04:32.963041 madvise(0x4e42f910000, 65536, MADV_DONTNEED) = 0 <0.000010>
2432596 22:04:32.963070 madvise(0x4e42f920000, 65536, MADV_DONTNEED) = 0 <0.000010>
2432596 22:04:32.963101 madvise(0x4e42f930000, 65536, MADV_DONTNEED) = 0 <0.000010>
2432596 22:04:32.963130 madvise(0x4e42f940000, 65536, MADV_DONTNEED) = 0 <0.000011>
2432596 22:04:32.963159 madvise(0x4e42f950000, 65536, MADV_DONTNEED) = 0 <0.000010>
2432596 22:04:32.963188 madvise(0x4e42f960000, 65536, MADV_DONTNEED) = 0 <0.000010>
2432596 22:04:32.963217 madvise(0x4e42f970000, 65536, MADV_DONTNEED) = 0 <0.000010>
2432596 22:04:32.963246 madvise(0x4e42f980000, 65536, MADV_DONTNEED) = 0 <0.000010>
2432596 22:04:32.963275 madvise(0x4e42f990000, 65536, MADV_DONTNEED) = 0 <0.000010>
2432596 22:04:32.963304 madvise(0x4e42f9a0000, 65536, MADV_DONTNEED) = 0 <0.000010>
2432596 22:04:32.963332 madvise(0x4e42f9b0000, 65536, MADV_DONTNEED) = 0 <0.000010>
2432596 22:04:32.963362 madvise(0x4e42f9c0000, 65536, MADV_DONTNEED) = 0 <0.000010>
2432596 22:04:32.963391 madvise(0x4e42f9d0000, 65536, MADV_DONTNEED) = 0 <0.000010>
2432596 22:04:32.963420 madvise(0x4e42f9e0000, 65536, MADV_DONTNEED) = 0 <0.000010>
2432596 22:04:32.963448 madvise(0x4e42f9f0000, 65536, MADV_DONTNEED) = 0 <0.000010>
2432596 22:04:32.963475 madvise(0x4e42fa00000, 65536, MADV_DONTNEED) = 0 <0.000011>
2432596 22:04:32.963503 madvise(0x4e42fa10000, 65536, MADV_DONTNEED) = 0 <0.000016>
2432596 22:04:32.963536 madvise(0x4e42fa30000, 65536, MADV_DONTNEED) = 0 <0.000010>
2432596 22:04:32.963563 madvise(0x4e42fa80000, 1572864, MADV_DONTNEED) = 0 <0.000183>
2432596 22:04:32.963765 madvise(0x4e42fc00000, 1572864, MADV_DONTNEED) = 0 <0.000163>
2432596 22:04:32.963948 madvise(0x4e42fe80000, 1572864, MADV_DONTNEED) = 0 <0.000056>
2432596 22:04:32.964029 madvise(0x4e430000000, 4194304, MADV_DONTNEED) = 0 <0.000046>
2432596 22:04:32.964096 madvise(0x4e430400000, 3670016, MADV_DONTNEED) = 0 <0.000011>
2432596 22:04:32.964127 madvise(0x4e430d00000, 65536, MADV_DONTNEED) = 0 <0.000021>
2432596 22:04:32.964168 madvise(0x4e430d10000, 65536, MADV_DONTNEED) = 0 <0.000024>
2432596 22:04:32.964216 madvise(0x4e430d20000, 65536, MADV_DONTNEED) = 0 <0.000019>
2432596 22:04:32.964257 madvise(0x4e430d30000, 65536, MADV_DONTNEED) = 0 <0.000018>
2432596 22:04:32.964312 madvise(0x4e430d40000, 65536, MADV_DONTNEED) = 0 <0.000017>
2432596 22:04:32.964346 madvise(0x4e430d50000, 65536, MADV_DONTNEED) = 0 <0.000017>
2432596 22:04:32.964380 madvise(0x4e430d60000, 65536, MADV_DONTNEED) = 0 <0.000017>
2432596 22:04:32.964414 madvise(0x4e430d70000, 65536, MADV_DONTNEED) = 0 <0.000017>
2432596 22:04:32.964448 madvise(0x4e430e60000, 65536, MADV_DONTNEED) = 0 <0.000009>
2432596 22:04:32.964475 madvise(0x4e430e70000, 65536, MADV_DONTNEED) = 0 <0.000009>
2432596 22:04:32.964500 madvise(0x4e430e80000, 65536, MADV_DONTNEED) = 0 <0.000015>
2432596 22:04:32.964532 madvise(0x4e430e90000, 65536, MADV_DONTNEED) = 0 <0.000009>
2432596 22:04:32.964558 madvise(0x4e430ea0000, 65536, MADV_DONTNEED) = 0 <0.000009>
2432596 22:04:32.964585 madvise(0x4e430eb0000, 65536, MADV_DONTNEED) = 0 <0.000009>
2432596 22:04:32.964614 madvise(0x4e430ec0000, 65536, MADV_DONTNEED) = 0 <0.000008>
2432596 22:04:32.964641 madvise(0x4e430ed0000, 65536, MADV_DONTNEED) = 0 <0.000010>
2432596 22:04:32.964669 madvise(0x4e430ee0000, 65536, MADV_DONTNEED) = 0 <0.000010>
2432596 22:04:32.964696 madvise(0x4e430ef0000, 65536, MADV_DONTNEED) = 0 <0.000009>
2432596 22:04:32.964723 madvise(0x4e431000000, 917504, MADV_DONTNEED) = 0 <0.000127>
2432596 22:04:32.964869 madvise(0x4e431c60000, 65536, MADV_DONTNEED) = 0 <0.000011>
2432596 22:04:32.964898 madvise(0x4e431c70000, 65536, MADV_DONTNEED) = 0 <0.000009>
2432596 22:04:32.964925 madvise(0x4e431c80000, 65536, MADV_DONTNEED) = 0 <0.000009>
2432596 22:04:32.964952 madvise(0x4e431c90000, 65536, MADV_DONTNEED) = 0 <0.000009>
2432596 22:04:32.964978 madvise(0x4e431ca0000, 65536, MADV_DONTNEED) = 0 <0.000009>
2432596 22:04:32.965005 madvise(0x4e431cb0000, 65536, MADV_DONTNEED) = 0 <0.000011>
2432596 22:04:32.965033 madvise(0x4e431cc0000, 65536, MADV_DONTNEED) = 0 <0.000009>
2432596 22:04:32.965060 madvise(0x4e431cd0000, 65536, MADV_DONTNEED) = 0 <0.000010>
2432596 22:04:32.965089 madvise(0x4e431ce0000, 65536, MADV_DONTNEED) = 0 <0.000019>
2432596 22:04:32.965125 madvise(0x4e431cf0000, 65536, MADV_DONTNEED) = 0 <0.000017>
2432596 22:04:32.965159 madvise(0x4e431d00000, 65536, MADV_DONTNEED) = 0 <0.000019>
2432596 22:04:32.965196 madvise(0x4e431d10000, 65536, MADV_DONTNEED) = 0 <0.000017>
2432596 22:04:32.965230 madvise(0x4e431d20000, 65536, MADV_DONTNEED) = 0 <0.000016>
2432596 22:04:32.965263 madvise(0x4e431d30000, 65536, MADV_DONTNEED) = 0 <0.000017>
2432596 22:04:32.965297 madvise(0x4e431d40000, 65536, MADV_DONTNEED) = 0 <0.000019>
2432596 22:04:32.965333 madvise(0x4e431d50000, 65536, MADV_DONTNEED) = 0 <0.000016>
2432596 22:04:32.965366 madvise(0x4e431d60000, 65536, MADV_DONTNEED) = 0 <0.000016>
2432596 22:04:32.965400 madvise(0x4e431d70000, 65536, MADV_DONTNEED) = 0 <0.000016>
2432596 22:04:32.965433 madvise(0x4e431d80000, 65536, MADV_DONTNEED) = 0 <0.000019>
2432596 22:04:32.965469 madvise(0x4e431d90000, 65536, MADV_DONTNEED) = 0 <0.000015>
2432596 22:04:32.965502 madvise(0x4e431da0000, 65536, MADV_DONTNEED) = 0 <0.000015>
2432596 22:04:32.965535 madvise(0x4e431db0000, 65536, MADV_DONTNEED) = 0 <0.000017>
2432596 22:04:32.965569 madvise(0x4e431dc0000, 65536, MADV_DONTNEED) = 0 <0.000020>
2432596 22:04:32.965608 madvise(0x4e431dd0000, 65536, MADV_DONTNEED) = 0 <0.000016>
2432596 22:04:32.965642 madvise(0x4e431de0000, 65536, MADV_DONTNEED) = 0 <0.000016>
2432596 22:04:32.965675 madvise(0x4e431df0000, 65536, MADV_DONTNEED) = 0 <0.000017>
2432596 22:04:32.965709 madvise(0x4e431e00000, 65536, MADV_DONTNEED) = 0 <0.000022>
2432596 22:04:32.965751 madvise(0x4e431e10000, 65536, MADV_DONTNEED) = 0 <0.000016>
2432596 22:04:32.965785 madvise(0x4e431e20000, 65536, MADV_DONTNEED) = 0 <0.000016>
2432596 22:04:32.965818 madvise(0x4e431e30000, 65536, MADV_DONTNEED) = 0 <0.000017>
2432596 22:04:32.965852 madvise(0x4e431e40000, 65536, MADV_DONTNEED) = 0 <0.000020>
2432596 22:04:32.965890 madvise(0x4e431e50000, 65536, MADV_DONTNEED) = 0 <0.000016>
2432596 22:04:32.965923 madvise(0x4e431e60000, 65536, MADV_DONTNEED) = 0 <0.000016>
2432596 22:04:32.965957 madvise(0x4e431e70000, 65536, MADV_DONTNEED) = 0 <0.000017>
2432596 22:04:32.965997 madvise(0x4e431e80000, 65536, MADV_DONTNEED) = 0 <0.000020>
2432596 22:04:32.966035 madvise(0x4e431e90000, 65536, MADV_DONTNEED) = 0 <0.000012>
2432596 22:04:32.966069 madvise(0x4e431ea0000, 65536, MADV_DONTNEED) = 0 <0.000009>
2432596 22:04:32.966096 madvise(0x4e431eb0000, 65536, MADV_DONTNEED) = 0 <0.000017>
2432596 22:04:32.966131 madvise(0x4e431ec0000, 65536, MADV_DONTNEED) = 0 <0.000018>
2432596 22:04:32.966169 madvise(0x4e431ed0000, 65536, MADV_DONTNEED) = 0 <0.000017>
2432596 22:04:32.966206 madvise(0x4e431ee0000, 65536, MADV_DONTNEED) = 0 <0.000021>
2432596 22:04:32.966246 madvise(0x4e431ef0000, 65536, MADV_DONTNEED) = 0 <0.000016>
2432596 22:04:32.966282 madvise(0x4e431f00000, 65536, MADV_DONTNEED) = 0 <0.000060>
2432596 22:04:32.966363 madvise(0x4e431f10000, 65536, MADV_DONTNEED) = 0 <0.000019>
2432596 22:04:32.966407 madvise(0x4e431f20000, 65536, MADV_DONTNEED) = 0 <0.000019>
2432596 22:04:32.966451 madvise(0x4e431f30000, 65536, MADV_DONTNEED) = 0 <0.000019>
2432596 22:04:32.966493 madvise(0x4e431f40000, 65536, MADV_DONTNEED) = 0 <0.000017>
2432596 22:04:32.966531 madvise(0x4e431f50000, 65536, MADV_DONTNEED) = 0 <0.000016>
2432596 22:04:32.966565 madvise(0x4e431f60000, 65536, MADV_DONTNEED) = 0 <0.000016>
2432596 22:04:32.966598 madvise(0x4e431f70000, 65536, MADV_DONTNEED) = 0 <0.000016>
2432596 22:04:32.966631 madvise(0x4e431f80000, 65536, MADV_DONTNEED) = 0 <0.000016>
2432596 22:04:32.966665 madvise(0x4e431f90000, 65536, MADV_DONTNEED) = 0 <0.000016>
2432596 22:04:32.966698 madvise(0x4e431fa0000, 65536, MADV_DONTNEED) = 0 <0.000017>
2432596 22:04:32.966732 madvise(0x4e431fb0000, 65536, MADV_DONTNEED) = 0 <0.000019>
2432596 22:04:32.966769 madvise(0x4e431fc0000, 65536, MADV_DONTNEED) = 0 <0.000017>
2432596 22:04:32.966803 madvise(0x4e431fd0000, 65536, MADV_DONTNEED) = 0 <0.000016>
2432596 22:04:32.966837 madvise(0x4e431fe0000, 65536, MADV_DONTNEED) = 0 <0.000016>
2432596 22:04:32.966871 madvise(0x4e431ff0000, 65536, MADV_DONTNEED) = 0 <0.000017>
2432596 22:04:32.966905 madvise(0x4e432000000, 917504, MADV_DONTNEED) = 0 <0.000048>
2432596 22:04:32.979715 getrusage(RUSAGE_SELF, {ru_utime={tv_sec=0, tv_usec=108783}, ru_stime={tv_sec=1, tv_usec=37939}, ru_maxrss=43008, ru_ixrss=0, ru_idrss=0, ru_isrss=0, ru_minflt=9600, ru_majflt=0, ru_nswap=0, ru_inblock=1272, ru_oublock=0, ru_msgsnd=0, ru_msgrcv=0, ru_nsignals=0, ru_nvcsw=428, ru_nivcsw=18}) = 0 <0.000016>
2432596 22:04:32.979887 getrusage(RUSAGE_SELF, {ru_utime={tv_sec=0, tv_usec=108790}, ru_stime={tv_sec=1, tv_usec=38003}, ru_maxrss=43008, ru_ixrss=0, ru_idrss=0, ru_isrss=0, ru_minflt=9600, ru_majflt=0, ru_nswap=0, ru_inblock=1272, ru_oublock=0, ru_msgsnd=0, ru_msgrcv=0, ru_nsignals=0, ru_nvcsw=430, ru_nivcsw=18}) = 0 <0.000011>
2432598 22:04:32.980076 madvise(0x771a64fbf000, 2076672, MADV_DONTNEED) = 0 <0.000015>
2432598 22:04:32.980158 +++ exited with 0 +++
2432596 22:04:32.980397 madvise(0x4e42ea30000, 65536, MADV_DONTNEED) = 0 <0.000034>
2432596 22:04:32.980450 madvise(0x4e42ea50000, 131072, MADV_DONTNEED) = 0 <0.000023>
2432596 22:04:32.980490 madvise(0x4e42ea80000, 65536, MADV_DONTNEED) = 0 <0.000018>
2432596 22:04:32.980526 madvise(0x4e42eaa0000, 131072, MADV_DONTNEED) = 0 <0.000030>
2432596 22:04:32.980573 madvise(0x4e42ead0000, 262144, MADV_DONTNEED) = 0 <0.000040>
2432596 22:04:32.980634 madvise(0x4e42eb20000, 131072, MADV_DONTNEED) = 0 <0.000025>
2432596 22:04:32.980676 madvise(0x4e42eb80000, 524288, MADV_DONTNEED) = 0 <0.000077>
2432596 22:04:32.980771 madvise(0x4e42ec00000, 262144, MADV_DONTNEED) = 0 <0.000039>
2432596 22:04:32.980828 madvise(0x4e42ec50000, 458752, MADV_DONTNEED) = 0 <0.000064>
2432596 22:04:32.980909 madvise(0x4e42ecd0000, 3342336, MADV_DONTNEED) = 0 <0.000363>
2432596 22:04:32.981291 madvise(0x4e42f000000, 4194304, MADV_DONTNEED) = 0 <0.000418>
2432596 22:04:32.981728 madvise(0x4e42f400000, 4194304, MADV_DONTNEED) = 0 <0.000438>
2432596 22:04:32.982187 madvise(0x4e42f800000, 786432, MADV_DONTNEED) = 0 <0.000093>
2432596 22:04:32.982300 madvise(0x4e42fa40000, 65536, MADV_DONTNEED) = 0 <0.000019>
2432596 22:04:32.982353 madvise(0x4e42fd80000, 1048576, MADV_DONTNEED) = 0 <0.000118>
2432596 22:04:32.982489 madvise(0x4e430780000, 524288, MADV_DONTNEED) = 0 <0.000058>
2432596 22:04:32.982564 madvise(0x4e430800000, 4194304, MADV_DONTNEED) = 0 <0.000414>
2432596 22:04:32.982999 madvise(0x4e430c00000, 2490368, MADV_DONTNEED) = 0 <0.000240>
2432596 22:04:32.983259 madvise(0x4e430f00000, 1048576, MADV_DONTNEED) = 0 <0.000084>
2432596 22:04:32.983362 madvise(0x4e4310e0000, 3276800, MADV_DONTNEED) = 0 <0.000079>
2432596 22:04:32.983459 madvise(0x4e431400000, 4194304, MADV_DONTNEED) = 0 <0.000139>
2432596 22:04:32.983615 madvise(0x4e431800000, 4194304, MADV_DONTNEED) = 0 <0.000346>
2432596 22:04:32.983981 madvise(0x4e431c00000, 393216, MADV_DONTNEED) = 0 <0.000044>
2432596 22:04:32.985036 +++ exited with 0 +++
