2434185 22:04:41.367149 mprotect(0x7c86b8a00000, 16384, PROT_READ) = 0 <0.000014>
2434185 22:04:41.367266 mprotect(0x7c86b8b1a000, 4096, PROT_READ) = 0 <0.000013>
2434185 22:04:41.367300 mprotect(0x7c86b8b48000, 4096, PROT_READ) = 0 <0.000012>
2434185 22:04:41.367542 mprotect(0x5c4616a1a000, 172032, PROT_READ) = 0 <0.000011>
2434185 22:04:41.367574 mprotect(0x7c86b8b90000, 8192, PROT_READ) = 0 <0.000015>
2434185 22:04:41.367944 mprotect(0x7c86b8b55000, 4096, PROT_NONE) = 0 <0.000013>
2434185 22:04:41.367992 madvise(0x3fe28400000, 1073741824, MADV_HUGEPAGE) = 0 <0.000009>
2434185 22:04:41.447450 mprotect(0x7c86b83c0000, 2097152, PROT_READ|PROT_WRITE) = 0 <0.000030>
2434186 22:04:41.447812 mprotect(0x7c86b4000000, 135168, PROT_READ|PROT_WRITE) = 0 <0.000020>
2434186 22:04:41.447909 mprotect(0x7c86b8b52000, 4096, PROT_NONE) = 0 <0.000012>
2434185 22:04:41.482116 getrusage(RUSAGE_SELF, {ru_utime={tv_sec=0, tv_usec=47025}, ru_stime={tv_sec=0, tv_usec=68036}, ru_maxrss=63964, ru_ixrss=0, ru_idrss=0, ru_isrss=0, ru_minflt=324, ru_majflt=0, ru_nswap=0, ru_inblock=0, ru_oublock=0, ru_msgsnd=0, ru_msgrcv=0, ru_nsignals=0, ru_nvcsw=49, ru_nivcsw=4}) = 0 <0.000018>
2434185 22:04:41.549330 getrusage(RUSAGE_SELF, {ru_utime={tv_sec=0, tv_usec=114069}, ru_stime={tv_sec=0, tv_usec=68041}, ru_maxrss=63964, ru_ixrss=0, ru_idrss=0, ru_isrss=0, ru_minflt=327, ru_majflt=0, ru_nswap=0, ru_inblock=0, ru_oublock=0, ru_msgsnd=0, ru_msgrcv=0, ru_nsignals=0, ru_nvcsw=51, ru_nivcsw=4}) = 0 <0.000017>
2434185 22:04:41.549496 getrusage(RUSAGE_SELF, {ru_utime={tv_sec=0, tv_usec=114111}, ru_stime={tv_sec=0, tv_usec=68066}, ru_maxrss=63964, ru_ixrss=0, ru_idrss=0, ru_isrss=0, ru_minflt=327, ru_majflt=0, ru_nswap=0, ru_inblock=0, ru_oublock=0, ru_msgsnd=0, ru_msgrcv=0, ru_nsignals=0, ru_nvcsw=53, ru_nivcsw=4}) = 0 <0.000012>
2434186 22:04:41.549678 madvise(0x7c86b83bf000, 2076672, MADV_DONTNEED) = 0 <0.000016>
2434186 22:04:41.549770 +++ exited with 0 +++
2434185 22:04:41.550009 madvise(0x3fe28630000, 65536, MADV_DONTNEED) = 0 <0.000042>
2434185 22:04:41.550070 madvise(0x3fe28650000, 131072, MADV_DONTNEED) = 0 <0.000016>
2434185 22:04:41.550104 madvise(0x3fe28680000, 65536, MADV_DONTNEED) = 0 <0.000013>
2434185 22:04:41.550134 madvise(0x3fe286b0000, 65536, MADV_DONTNEED) = 0 <0.000013>
2434185 22:04:41.550164 madvise(0x3fe286d0000, 655360, MADV_DONTNEED) = 0 <0.000036>
2434185 22:04:41.550217 madvise(0x3fe28780000, 524288, MADV_DONTNEED) = 0 <0.000031>
2434185 22:04:41.550266 madvise(0x3fe28800000, 4194304, MADV_DONTNEED) = 0 <0.000031>
2434185 22:04:41.550314 madvise(0x3fe28c00000, 4194304, MADV_DONTNEED) = 0 <0.000028>
2434185 22:04:41.550359 madvise(0x3fe29000000, 4194304, MADV_DONTNEED) = 0 <0.000028>
2434185 22:04:41.550405 madvise(0x3fe29400000, 1179648, MADV_DONTNEED) = 0 <0.000076>
2434185 22:04:41.550499 madvise(0x3fe29530000, 2949120, MADV_DONTNEED) = 0 <0.000054>
2434185 22:04:41.550571 madvise(0x3fe29800000, 1441792, MADV_DONTNEED) = 0 <0.000086>
2434185 22:04:41.550674 madvise(0x3fe29970000, 983040, MADV_DONTNEED) = 0 <0.000073>
2434185 22:04:41.550767 madvise(0x3fe29a80000, 1572864, MADV_DONTNEED) = 0 <0.000073>
2434185 22:04:41.550858 madvise(0x3fe29c00000, 4194304, MADV_DONTNEED) = 0 <0.000028>
2434185 22:04:41.550905 madvise(0x3fe2a000000, 3342336, MADV_DONTNEED) = 0 <0.000079>
2434185 22:04:41.551002 madvise(0x3fe2a400000, 4194304, MADV_DONTNEED) = 0 <0.000020>
2434185 22:04:41.551040 madvise(0x3fe2c400000, 4194304, MADV_DONTNEED) = 0 <0.000027>
2434185 22:04:41.551085 madvise(0x3fe2c800000, 4194304, MADV_DONTNEED) = 0 <0.000027>
2434185 22:04:41.551129 madvise(0x3fe2cc00000, 4194304, MADV_DONTNEED) = 0 <0.000027>
2434185 22:04:41.551174 madvise(0x3fe2d000000, 4194304, MADV_DONTNEED) = 0 <0.000027>
2434185 22:04:41.551218 madvise(0x3fe2d400000, 4194304, MADV_DONTNEED) = 0 <0.000027>
2434185 22:04:41.551263 madvise(0x3fe2d800000, 2031616, MADV_DONTNEED) = 0 <0.000112>
2434185 22:04:41.552339 +++ exited with 0 +++
