2434300 22:04:41.783166 mprotect(0x79494dc00000, 16384, PROT_READ) = 0 <0.000016>
2434300 22:04:41.783291 mprotect(0x79494decd000, 4096, PROT_READ) = 0 <0.000015>
2434300 22:04:41.783328 mprotect(0x79494defb000, 4096, PROT_READ) = 0 <0.000013>
2434300 22:04:41.783591 mprotect(0x5f38163d0000, 172032, PROT_READ) = 0 <0.000011>
2434300 22:04:41.783625 mprotect(0x79494df43000, 8192, PROT_READ) = 0 <0.000016>
2434300 22:04:41.783981 mprotect(0x79494df08000, 4096, PROT_NONE) = 0 <0.000013>
2434300 22:04:41.784032 madvise(0x2681a000000, 1073741824, MADV_HUGEPAGE) = 0 <0.000010>
2434300 22:04:41.810915 mprotect(0x79494d5c0000, 2097152, PROT_READ|PROT_WRITE) = 0 <0.000024>
2434303 22:04:41.811254 mprotect(0x794948000000, 135168, PROT_READ|PROT_WRITE) = 0 <0.000020>
2434303 22:04:41.811352 mprotect(0x79494df05000, 4096, PROT_NONE) = 0 <0.000012>
2434300 22:04:41.846412 getrusage(RUSAGE_SELF, {ru_utime={tv_sec=0, tv_usec=39679}, ru_stime={tv_sec=0, tv_usec=23807}, ru_maxrss=59864, ru_ixrss=0, ru_idrss=0, ru_isrss=0, ru_minflt=321, ru_majflt=0, ru_nswap=0, ru_inblock=0, ru_oublock=0, ru_msgsnd=0, ru_msgrcv=0, ru_nsignals=0, ru_nvcsw=49, ru_nivcsw=2}) = 0 <0.000017>
2434300 22:04:41.911957 getrusage(RUSAGE_SELF, {ru_utime={tv_sec=0, tv_usec=105060}, ru_stime={tv_sec=0, tv_usec=23807}, ru_maxrss=61920, ru_ixrss=0, ru_idrss=0, ru_isrss=0, ru_minflt=325, ru_majflt=0, ru_nswap=0, ru_inblock=0, ru_oublock=0, ru_msgsnd=0, ru_msgrcv=0, ru_nsignals=0, ru_nvcsw=51, ru_nivcsw=2}) = 0 <0.000017>
2434300 22:04:41.912127 getrusage(RUSAGE_SELF, {ru_utime={tv_sec=0, tv_usec=105129}, ru_stime={tv_sec=0, tv_usec=23807}, ru_maxrss=61920, ru_ixrss=0, ru_idrss=0, ru_isrss=0, ru_minflt=325, ru_majflt=0, ru_nswap=0, ru_inblock=0, ru_oublock=0, ru_msgsnd=0, ru_msgrcv=0, ru_nsignals=0, ru_nvcsw=53, ru_nivcsw=2}) = 0 <0.000010>
2434303 22:04:41.912310 madvise(0x79494d5bf000, 2076672, MADV_DONTNEED) = 0 <0.000017>
2434303 22:04:41.912398 +++ exited with 0 +++
2434300 22:04:41.912628 madvise(0x2681a230000, 65536, MADV_DONTNEED) = 0 <0.000042>
2434300 22:04:41.912700 madvise(0x2681a250000, 131072, MADV_DONTNEED) = 0 <0.000018>
2434300 22:04:41.912753 madvise(0x2681a280000, 65536, MADV_DONTNEED) = 0 <0.000016>
2434300 22:04:41.912800 madvise(0x2681a2a0000, 131072, MADV_DONTNEED) = 0 <0.000019>
2434300 22:04:41.912842 madvise(0x2681a2d0000, 655360, MADV_DONTNEED) = 0 <0.000039>
2434300 22:04:41.912905 madvise(0x2681a380000, 524288, MADV_DONTNEED) = 0 <0.000035>
2434300 22:04:41.912965 madvise(0x2681a400000, 65536, MADV_DONTNEED) = 0 <0.000034>
2434300 22:04:41.913023 madvise(0x2681a410000, 65536, MADV_DONTNEED) = 0 <0.000015>
2434300 22:04:41.913062 madvise(0x2681a420000, 65536, MADV_DONTNEED) = 0 <0.000015>
2434300 22:04:41.913100 madvise(0x2681a430000, 65536, MADV_DONTNEED) = 0 <0.000015>
2434300 22:04:41.913140 madvise(0x2681a450000, 65536, MADV_DONTNEED) = 0 <0.000015>
2434300 22:04:41.913178 madvise(0x2681a460000, 65536, MADV_DONTNEED) = 0 <0.000015>
2434300 22:04:41.913216 madvise(0x2681a470000, 65536, MADV_DONTNEED) = 0 <0.000016>
2434300 22:04:41.913256 madvise(0x2681a480000, 65536, MADV_DONTNEED) = 0 <0.000016>
2434300 22:04:41.913295 madvise(0x2681a490000, 65536, MADV_DONTNEED) = 0 <0.000015>
2434300 22:04:41.913334 madvise(0x2681a4a0000, 65536, MADV_DONTNEED) = 0 <0.000016>
2434300 22:04:41.913374 madvise(0x2681a4b0000, 65536, MADV_DONTNEED) = 0 <0.000015>
2434300 22:04:41.913412 madvise(0x2681a4d0000, 65536, MADV_DONTNEED) = 0 <0.000016>
2434300 22:04:41.913455 madvise(0x2681a4e0000, 65536, MADV_DONTNEED) = 0 <0.000017>
2434300 22:04:41.913495 madvise(0x2681a4f0000, 65536, MADV_DONTNEED) = 0 <0.000015>
2434300 22:04:41.913535 madvise(0x2681a500000, 65536, MADV_DONTNEED) = 0 <0.000014>
2434300 22:04:41.913575 madvise(0x2681a510000, 65536, MADV_DONTNEED) = 0 <0.000018>
2434300 22:04:41.913619 madvise(0x2681a520000, 65536, MADV_DONTNEED) = 0 <0.000015>
2434300 22:04:41.913657 madvise(0x2681a530000, 65536, MADV_DONTNEED) = 0 <0.000015>
2434300 22:04:41.913696 madvise(0x2681a540000, 65536, MADV_DONTNEED) = 0 <0.000016>
2434300 22:04:41.913734 madvise(0x2681a550000, 65536, MADV_DONTNEED) = 0 <0.000015>
2434300 22:04:41.913827 madvise(0x2681a560000, 65536, MADV_DONTNEED) = 0 <0.000013>
2434300 22:04:41.913861 madvise(0x2681a570000, 65536, MADV_DONTNEED) = 0 <0.000013>
2434300 22:04:41.913894 madvise(0x2681a580000, 65536, MADV_DONTNEED) = 0 <0.000013>
2434300 22:04:41.913927 madvise(0x2681a590000, 65536, MADV_DONTNEED) = 0 <0.000014>
2434300 22:04:41.913961 madvise(0x2681a5a0000, 65536, MADV_DONTNEED) = 0 <0.000014>
2434300 22:04:41.913994 madvise(0x2681a5b0000, 65536, MADV_DONTNEED) = 0 <0.000013>
2434300 22:04:41.914026 madvise(0x2681a5c0000, 65536, MADV_DONTNEED) = 0 <0.000013>
2434300 22:04:41.914059 madvise(0x2681a5d0000, 65536, MADV_DONTNEED) = 0 <0.000013>
2434300 22:04:41.914092 madvise(0x2681a5e0000, 65536, MADV_DONTNEED) = 0 <0.000013>
2434300 22:04:41.914125 madvise(0x2681a5f0000, 65536, MADV_DONTNEED) = 0 <0.000013>
2434300 22:04:41.914158 madvise(0x2681a600000, 65536, MADV_DONTNEED) = 0 <0.000033>
2434300 22:04:41.914211 madvise(0x2681a610000, 65536, MADV_DONTNEED) = 0 <0.000013>
2434300 22:04:41.914244 madvise(0x2681a620000, 65536, MADV_DONTNEED) = 0 <0.000014>
2434300 22:04:41.914277 madvise(0x2681a630000, 65536, MADV_DONTNEED) = 0 <0.000013>
2434300 22:04:41.914310 madvise(0x2681a640000, 65536, MADV_DONTNEED) = 0 <0.000013>
2434300 22:04:41.914346 madvise(0x2681a650000, 65536, MADV_DONTNEED) = 0 <0.000014>
2434300 22:04:41.914379 madvise(0x2681a660000, 65536, MADV_DONTNEED) = 0 <0.000013>
2434300 22:04:41.914412 madvise(0x2681a670000, 65536, MADV_DONTNEED) = 0 <0.000013>
2434300 22:04:41.914445 madvise(0x2681a680000, 65536, MADV_DONTNEED) = 0 <0.000014>
2434300 22:04:41.914479 madvise(0x2681a690000, 65536, MADV_DONTNEED) = 0 <0.000013>
2434300 22:04:41.914512 madvise(0x2681a6a0000, 65536, MADV_DONTNEED) = 0 <0.000013>
2434300 22:04:41.914545 madvise(0x2681a6b0000, 65536, MADV_DONTNEED) = 0 <0.000014>
2434300 22:04:41.914579 madvise(0x2681a6c0000, 65536, MADV_DONTNEED) = 0 <0.000015>
2434300 22:04:41.914615 madvise(0x2681a6d0000, 65536, MADV_DONTNEED) = 0 <0.000013>
2434300 22:04:41.914648 madvise(0x2681a6e0000, 65536, MADV_DONTNEED) = 0 <0.000014>
2434300 22:04:41.914681 madvise(0x2681a6f0000, 65536, MADV_DONTNEED) = 0 <0.000013>
2434300 22:04:41.914714 madvise(0x2681a700000, 65536, MADV_DONTNEED) = 0 <0.000013>
2434300 22:04:41.914758 madvise(0x2681a710000, 65536, MADV_DONTNEED) = 0 <0.000014>
2434300 22:04:41.914793 madvise(0x2681a720000, 65536, MADV_DONTNEED) = 0 <0.000013>
2434300 22:04:41.914829 madvise(0x2681a730000, 65536, MADV_DONTNEED) = 0 <0.000013>
2434300 22:04:41.914862 madvise(0x2681a740000, 65536, MADV_DONTNEED) = 0 <0.000014>
2434300 22:04:41.914896 madvise(0x2681a750000, 65536, MADV_DONTNEED) = 0 <0.000014>
2434300 22:04:41.914930 madvise(0x2681a760000, 65536, MADV_DONTNEED) = 0 <0.000014>
2434300 22:04:41.914963 madvise(0x2681a770000, 65536, MADV_DONTNEED) = 0 <0.000013>
2434300 22:04:41.914995 madvise(0x2681a780000, 65536, MADV_DONTNEED) = 0 <0.000013>
2434300 22:04:41.915028 madvise(0x2681a790000, 65536, MADV_DONTNEED) = 0 <0.000014>
2434300 22:04:41.915061 madvise(0x2681a7a0000, 65536, MADV_DONTNEED) = 0 <0.000014>
2434300 22:04:41.915095 madvise(0x2681a7b0000, 65536, MADV_DONTNEED) = 0 <0.000013>
2434300 22:04:41.915127 madvise(0x2681a7c0000, 65536, MADV_DONTNEED) = 0 <0.000013>
2434300 22:04:41.915160 madvise(0x2681a7d0000, 65536, MADV_DONTNEED) = 0 <0.000013>
2434300 22:04:41.915193 madvise(0x2681a7e0000, 65536, MADV_DONTNEED) = 0 <0.000013>
2434300 22:04:41.915225 madvise(0x2681a7f0000, 65536, MADV_DONTNEED) = 0 <0.000025>
2434300 22:04:41.915270 madvise(0x2681a800000, 4194304, MADV_DONTNEED) = 0 <0.000031>
2434300 22:04:41.915320 madvise(0x2681ac00000, 4194304, MADV_DONTNEED) = 0 <0.000028>
2434300 22:04:41.915368 madvise(0x2681b000000, 2228224, MADV_DONTNEED) = 0 <0.000044>
2434300 22:04:41.915432 madvise(0x2681b230000, 131072, MADV_DONTNEED) = 0 <0.000017>
2434300 22:04:41.915468 madvise(0x2681b280000, 1572864, MADV_DONTNEED) = 0 <0.000073>
2434300 22:04:41.915562 madvise(0x2681b400000, 4194304, MADV_DONTNEED) = 0 <0.000032>
2434300 22:04:41.915616 madvise(0x2681b800000, 4194304, MADV_DONTNEED) = 0 <0.000020>
2434300 22:04:41.915659 madvise(0x2681bc00000, 4194304, MADV_DONTNEED) = 0 <0.000018>
2434300 22:04:41.915699 madvise(0x2681c000000, 4194304, MADV_DONTNEED) = 0 <0.000029>
2434300 22:04:41.915750 madvise(0x2681c400000, 4194304, MADV_DONTNEED) = 0 <0.000028>
2434300 22:04:41.915796 madvise(0x2681c800000, 4194304, MADV_DONTNEED) = 0 <0.000018>
2434300 22:04:41.915831 madvise(0x2681cc00000, 4194304, MADV_DONTNEED) = 0 <0.000028>
2434300 22:04:41.915877 madvise(0x2681d000000, 4194304, MADV_DONTNEED) = 0 <0.000028>
2434300 22:04:41.915924 madvise(0x2681d400000, 4194304, MADV_DONTNEED) = 0 <0.000028>
2434300 22:04:41.915979 madvise(0x2681d800000, 917504, MADV_DONTNEED) = 0 <0.000067>
2434300 22:04:41.917052 +++ exited with 0 +++
