2434470 22:04:42.141724 mprotect(0x7e12c9000000, 16384, PROT_READ) = 0 <0.000017>
2434470 22:04:42.141887 mprotect(0x7e12c927a000, 4096, PROT_READ) = 0 <0.000015>
2434470 22:04:42.141929 mprotect(0x7e12c92a8000, 4096, PROT_READ) = 0 <0.000013>
2434470 22:04:42.142252 mprotect(0x57745a0b1000, 172032, PROT_READ) = 0 <0.000012>
2434470 22:04:42.142287 mprotect(0x7e12c92f0000, 8192, PROT_READ) = 0 <0.000018>
2434470 22:04:42.142662 mprotect(0x7e12c92b5000, 4096, PROT_NONE) = 0 <0.000012>
2434470 22:04:42.142709 madvise(0x5bd80800000, 1073741824, MADV_HUGEPAGE) = 0 <0.000010>
2434470 22:04:42.168945 mprotect(0x7e12c89c0000, 2097152, PROT_READ|PROT_WRITE) = 0 <0.000025>
2434471 22:04:42.169285 mprotect(0x7e12c4000000, 135168, PROT_READ|PROT_WRITE) = 0 <0.000020>
2434471 22:04:42.169383 mprotect(0x7e12c92b2000, 4096, PROT_NONE) = 0 <0.000011>
2434470 22:04:42.203066 getrusage(RUSAGE_SELF, {ru_utime={tv_sec=0, tv_usec=35329}, ru_stime={tv_sec=0, tv_usec=26244}, ru_maxrss=59872, ru_ixrss=0, ru_idrss=0, ru_isrss=0, ru_minflt=322, ru_majflt=0, ru_nswap=0, ru_inblock=0, ru_oublock=0, ru_msgsnd=0, ru_msgrcv=0, ru_nsignals=0, ru_nvcsw=49, ru_nivcsw=2}) = 0 <0.000016>
2434470 22:04:42.268405 getrusage(RUSAGE_SELF, {ru_utime={tv_sec=0, tv_usec=100456}, ru_stime={tv_sec=0, tv_usec=26244}, ru_maxrss=61924, ru_ixrss=0, ru_idrss=0, ru_isrss=0, ru_minflt=326, ru_majflt=0, ru_nswap=0, ru_inblock=0, ru_oublock=0, ru_msgsnd=0, ru_msgrcv=0, ru_nsignals=0, ru_nvcsw=51, ru_nivcsw=2}) = 0 <0.000016>
2434470 22:04:42.268572 getrusage(RUSAGE_SELF, {ru_utime={tv_sec=0, tv_usec=100522}, ru_stime={tv_sec=0, tv_usec=26244}, ru_maxrss=61924, ru_ixrss=0, ru_idrss=0, ru_isrss=0, ru_minflt=326, ru_majflt=0, ru_nswap=0, ru_inblock=0, ru_oublock=0, ru_msgsnd=0, ru_msgrcv=0, ru_nsignals=0, ru_nvcsw=53, ru_nivcsw=2}) = 0 <0.000012>
2434471 22:04:42.268814 madvise(0x7e12c89bf000, 2076672, MADV_DONTNEED) = 0 <0.000016>
2434471 22:04:42.268902 +++ exited with 0 +++
2434470 22:04:42.269040 madvise(0x5bd80a30000, 65536, MADV_DONTNEED) = 0 <0.000039>
2434470 22:04:42.269099 madvise(0x5bd80a50000, 131072, MADV_DONTNEED) = 0 <0.000016>
2434470 22:04:42.269133 madvise(0x5bd80a80000, 65536, MADV_DONTNEED) = 0 <0.000013>
2434470 22:04:42.269164 madvise(0x5bd80aa0000, 131072, MADV_DONTNEED) = 0 <0.000016>
2434470 22:04:42.269198 madvise(0x5bd80ad0000, 655360, MADV_DONTNEED) = 0 <0.000036>
2434470 22:04:42.269251 madvise(0x5bd80b80000, 524288, MADV_DONTNEED) = 0 <0.000031>
2434470 22:04:42.269300 madvise(0x5bd80c00000, 65536, MADV_DONTNEED) = 0 <0.000032>
2434470 22:04:42.269349 madvise(0x5bd80c10000, 65536, MADV_DONTNEED) = 0 <0.000013>
2434470 22:04:42.269380 madvise(0x5bd80c20000, 65536, MADV_DONTNEED) = 0 <0.000013>
2434470 22:04:42.269410 madvise(0x5bd80c30000, 65536, MADV_DONTNEED) = 0 <0.000013>
2434470 22:04:42.269440 madvise(0x5bd80c50000, 65536, MADV_DONTNEED) = 0 <0.000013>
2434470 22:04:42.269470 madvise(0x5bd80c60000, 65536, MADV_DONTNEED) = 0 <0.000013>
2434470 22:04:42.269501 madvise(0x5bd80c70000, 65536, MADV_DONTNEED) = 0 <0.000013>
2434470 22:04:42.269531 madvise(0x5bd80c80000, 65536, MADV_DONTNEED) = 0 <0.000013>
2434470 22:04:42.269561 madvise(0x5bd80c90000, 65536, MADV_DONTNEED) = 0 <0.000013>
2434470 22:04:42.269591 madvise(0x5bd80ca0000, 65536, MADV_DONTNEED) = 0 <0.000013>
2434470 22:04:42.269622 madvise(0x5bd80cb0000, 65536, MADV_DONTNEED) = 0 <0.000013>
2434470 22:04:42.269652 madvise(0x5bd80cd0000, 65536, MADV_DONTNEED) = 0 <0.000013>
2434470 22:04:42.269682 madvise(0x5bd80ce0000, 65536, MADV_DONTNEED) = 0 <0.000013>
2434470 22:04:42.269713 madvise(0x5bd80cf0000, 65536, MADV_DONTNEED) = 0 <0.000013>
2434470 22:04:42.269777 madvise(0x5bd80d00000, 65536, MADV_DONTNEED) = 0 <0.000014>
2434470 22:04:42.269809 madvise(0x5bd80d10000, 65536, MADV_DONTNEED) = 0 <0.000013>
2434470 22:04:42.269839 madvise(0x5bd80d20000, 65536, MADV_DONTNEED) = 0 <0.000013>
2434470 22:04:42.269870 madvise(0x5bd80d30000, 65536, MADV_DONTNEED) = 0 <0.000013>
2434470 22:04:42.269900 madvise(0x5bd80d40000, 65536, MADV_DONTNEED) = 0 <0.000013>
2434470 22:04:42.269930 madvise(0x5bd80d50000, 65536, MADV_DONTNEED) = 0 <0.000013>
2434470 22:04:42.269966 madvise(0x5bd80d60000, 65536, MADV_DONTNEED) = 0 <0.000013>
2434470 22:04:42.269996 madvise(0x5bd80d70000, 65536, MADV_DONTNEED) = 0 <0.000013>
2434470 22:04:42.270026 madvise(0x5bd80d80000, 65536, MADV_DONTNEED) = 0 <0.000013>
2434470 22:04:42.270056 madvise(0x5bd80d90000, 65536, MADV_DONTNEED) = 0 <0.000013>
2434470 22:04:42.270086 madvise(0x5bd80da0000, 65536, MADV_DONTNEED) = 0 <0.000013>
2434470 22:04:42.270116 madvise(0x5bd80db0000, 65536, MADV_DONTNEED) = 0 <0.000013>
2434470 22:04:42.270146 madvise(0x5bd80dc0000, 65536, MADV_DONTNEED) = 0 <0.000013>
2434470 22:04:42.270176 madvise(0x5bd80dd0000, 65536, MADV_DONTNEED) = 0 <0.000013>
2434470 22:04:42.270206 madvise(0x5bd80de0000, 65536, MADV_DONTNEED) = 0 <0.000013>
2434470 22:04:42.270236 madvise(0x5bd80df0000, 65536, MADV_DONTNEED) = 0 <0.000013>
2434470 22:04:42.270266 madvise(0x5bd80e00000, 65536, MADV_DONTNEED) = 0 <0.000033>
2434470 22:04:42.270317 madvise(0x5bd80e10000, 65536, MADV_DONTNEED) = 0 <0.000013>
2434470 22:04:42.270347 madvise(0x5bd80e20000, 65536, MADV_DONTNEED) = 0 <0.000013>
2434470 22:04:42.270378 madvise(0x5bd80e30000, 65536, MADV_DONTNEED) = 0 <0.000013>
2434470 22:04:42.270407 madvise(0x5bd80e40000, 65536, MADV_DONTNEED) = 0 <0.000013>
2434470 22:04:42.270437 madvise(0x5bd80e50000, 65536, MADV_DONTNEED) = 0 <0.000013>
2434470 22:04:42.270467 madvise(0x5bd80e60000, 65536, MADV_DONTNEED) = 0 <0.000012>
2434470 22:04:42.270497 madvise(0x5bd80e70000, 65536, MADV_DONTNEED) = 0 <0.000013>
2434470 22:04:42.270526 madvise(0x5bd80e80000, 65536, MADV_DONTNEED) = 0 <0.000013>
2434470 22:04:42.270556 madvise(0x5bd80e90000, 65536, MADV_DONTNEED) = 0 <0.000013>
2434470 22:04:42.270586 madvise(0x5bd80ea0000, 65536, MADV_DONTNEED) = 0 <0.000013>
2434470 22:04:42.270616 madvise(0x5bd80eb0000, 65536, MADV_DONTNEED) = 0 <0.000013>
2434470 22:04:42.270646 madvise(0x5bd80ec0000, 65536, MADV_DONTNEED) = 0 <0.000013>
2434470 22:04:42.270676 madvise(0x5bd80ed0000, 65536, MADV_DONTNEED) = 0 <0.000013>
2434470 22:04:42.270706 madvise(0x5bd80ee0000, 65536, MADV_DONTNEED) = 0 <0.000013>
2434470 22:04:42.270736 madvise(0x5bd80ef0000, 65536, MADV_DONTNEED) = 0 <0.000018>
2434470 22:04:42.270772 madvise(0x5bd80f00000, 65536, MADV_DONTNEED) = 0 <0.000016>
2434470 22:04:42.270812 madvise(0x5bd80f10000, 65536, MADV_DONTNEED) = 0 <0.000015>
2434470 22:04:42.270847 madvise(0x5bd80f20000, 65536, MADV_DONTNEED) = 0 <0.000013>
2434470 22:04:42.270878 madvise(0x5bd80f30000, 65536, MADV_DONTNEED) = 0 <0.000013>
2434470 22:04:42.270908 madvise(0x5bd80f40000, 65536, MADV_DONTNEED) = 0 <0.000013>
2434470 22:04:42.270938 madvise(0x5bd80f50000, 65536, MADV_DONTNEED) = 0 <0.000013>
2434470 22:04:42.270968 madvise(0x5bd80f60000, 65536, MADV_DONTNEED) = 0 <0.000013>
2434470 22:04:42.270998 madvise(0x5bd80f70000, 65536, MADV_DONTNEED) = 0 <0.000013>
2434470 22:04:42.271028 madvise(0x5bd80f80000, 65536, MADV_DONTNEED) = 0 <0.000013>
2434470 22:04:42.271058 madvise(0x5bd80f90000, 65536, MADV_DONTNEED) = 0 <0.000013>
2434470 22:04:42.271088 madvise(0x5bd80fa0000, 65536, MADV_DONTNEED) = 0 <0.000013>
2434470 22:04:42.271118 madvise(0x5bd80fb0000, 65536, MADV_DONTNEED) = 0 <0.000013>
2434470 22:04:42.271148 madvise(0x5bd80fc0000, 65536, MADV_DONTNEED) = 0 <0.000013>
2434470 22:04:42.271178 madvise(0x5bd80fd0000, 65536, MADV_DONTNEED) = 0 <0.000013>
2434470 22:04:42.271208 madvise(0x5bd80fe0000, 65536, MADV_DONTNEED) = 0 <0.000013>
2434470 22:04:42.271237 madvise(0x5bd80ff0000, 65536, MADV_DONTNEED) = 0 <0.000027>
2434470 22:04:42.271283 madvise(0x5bd81000000, 4194304, MADV_DONTNEED) = 0 <0.000030>
2434470 22:04:42.271331 madvise(0x5bd81400000, 4194304, MADV_DONTNEED) = 0 <0.000027>
2434470 22:04:42.271376 madvise(0x5bd81800000, 2228224, MADV_DONTNEED) = 0 <0.000043>
2434470 22:04:42.271437 madvise(0x5bd81a30000, 131072, MADV_DONTNEED) = 0 <0.000016>
2434470 22:04:42.271471 madvise(0x5bd81a80000, 1572864, MADV_DONTNEED) = 0 <0.000072>
2434470 22:04:42.271561 madvise(0x5bd81c00000, 4194304, MADV_DONTNEED) = 0 <0.000028>
2434470 22:04:42.271606 madvise(0x5bd82000000, 4194304, MADV_DONTNEED) = 0 <0.000019>
2434470 22:04:42.271646 madvise(0x5bd82400000, 4194304, MADV_DONTNEED) = 0 <0.000018>
2434470 22:04:42.271682 madvise(0x5bd82800000, 4194304, MADV_DONTNEED) = 0 <0.000028>
2434470 22:04:42.271727 madvise(0x5bd82c00000, 4194304, MADV_DONTNEED) = 0 <0.000033>
2434470 22:04:42.271778 madvise(0x5bd83000000, 4194304, MADV_DONTNEED) = 0 <0.000018>
2434470 22:04:42.271814 madvise(0x5bd83400000, 4194304, MADV_DONTNEED) = 0 <0.000028>
2434470 22:04:42.271860 madvise(0x5bd83800000, 4194304, MADV_DONTNEED) = 0 <0.000027>
2434470 22:04:42.271905 madvise(0x5bd83c00000, 4194304, MADV_DONTNEED) = 0 <0.000028>
2434470 22:04:42.271950 madvise(0x5bd84000000, 917504, MADV_DONTNEED) = 0 <0.000065>
2434470 22:04:42.273021 +++ exited with 0 +++
