2434532 22:04:42.498381 mprotect(0x742da5400000, 16384, PROT_READ) = 0 <0.000016>
2434532 22:04:42.498496 mprotect(0x742da5547000, 4096, PROT_READ) = 0 <0.000015>
2434532 22:04:42.498534 mprotect(0x742da5575000, 4096, PROT_READ) = 0 <0.000012>
2434532 22:04:42.498778 mprotect(0x58f6fb940000, 172032, PROT_READ) = 0 <0.000011>
2434532 22:04:42.498811 mprotect(0x742da55bd000, 8192, PROT_READ) = 0 <0.000014>
2434532 22:04:42.499129 mprotect(0x742da5582000, 4096, PROT_NONE) = 0 <0.000013>
2434532 22:04:42.499179 madvise(0x262f8000000, 1073741824, MADV_HUGEPAGE) = 0 <0.000009>
2434532 22:04:42.579693 mprotect(0x742da4dc0000, 2097152, PROT_READ|PROT_WRITE) = 0 <0.000032>
2434533 22:04:42.580044 mprotect(0x742da0000000, 135168, PROT_READ|PROT_WRITE) = 0 <0.000020>
2434533 22:04:42.580146 mprotect(0x742da557f000, 4096, PROT_NONE) = 0 <0.000012>
2434532 22:04:42.614567 getrusage(RUSAGE_SELF, {ru_utime={tv_sec=0, tv_usec=51640}, ru_stime={tv_sec=0, tv_usec=64550}, ru_maxrss=63964, ru_ixrss=0, ru_idrss=0, ru_isrss=0, ru_minflt=323, ru_majflt=0, ru_nswap=0, ru_inblock=0, ru_oublock=0, ru_msgsnd=0, ru_msgrcv=0, ru_nsignals=0, ru_nvcsw=49, ru_nivcsw=4}) = 0 <0.000018>
2434532 22:04:42.680838 getrusage(RUSAGE_SELF, {ru_utime={tv_sec=0, tv_usec=116890}, ru_stime={tv_sec=0, tv_usec=65379}, ru_maxrss=63964, ru_ixrss=0, ru_idrss=0, ru_isrss=0, ru_minflt=326, ru_majflt=0, ru_nswap=0, ru_inblock=0, ru_oublock=0, ru_msgsnd=0, ru_msgrcv=0, ru_nsignals=0, ru_nvcsw=51, ru_nivcsw=4}) = 0 <0.000017>
2434532 22:04:42.681008 getrusage(RUSAGE_SELF, {ru_utime={tv_sec=0, tv_usec=116933}, ru_stime={tv_sec=0, tv_usec=65403}, ru_maxrss=63964, ru_ixrss=0, ru_idrss=0, ru_isrss=0, ru_minflt=326, ru_majflt=0, ru_nswap=0, ru_inblock=0, ru_oublock=0, ru_msgsnd=0, ru_msgrcv=0, ru_nsignals=0, ru_nvcsw=53, ru_nivcsw=4}) = 0 <0.000013>
2434533 22:04:42.681205 madvise(0x742da4dbf000, 2076672, MADV_DONTNEED) = 0 <0.000016>
2434533 22:04:42.681295 +++ exited with 0 +++
2434532 22:04:42.681462 madvise(0x262f8230000, 65536, MADV_DONTNEED) = 0 <0.000040>
2434532 22:04:42.681524 madvise(0x262f8250000, 131072, MADV_DONTNEED) = 0 <0.000017>
2434532 22:04:42.681561 madvise(0x262f8280000, 65536, MADV_DONTNEED) = 0 <0.000013>
2434532 22:04:42.681595 madvise(0x262f82b0000, 65536, MADV_DONTNEED) = 0 <0.000013>
2434532 22:04:42.681629 madvise(0x262f82d0000, 655360, MADV_DONTNEED) = 0 <0.000036>
2434532 22:04:42.681686 madvise(0x262f8380000, 524288, MADV_DONTNEED) = 0 <0.000032>
2434532 22:04:42.681737 madvise(0x262f8400000, 4194304, MADV_DONTNEED) = 0 <0.000033>
2434532 22:04:42.681847 madvise(0x262f8800000, 4194304, MADV_DONTNEED) = 0 <0.000028>
2434532 22:04:42.681897 madvise(0x262f8c00000, 4194304, MADV_DONTNEED) = 0 <0.000028>
2434532 22:04:42.681945 madvise(0x262f9000000, 1179648, MADV_DONTNEED) = 0 <0.000078>
2434532 22:04:42.682043 madvise(0x262f9130000, 2949120, MADV_DONTNEED) = 0 <0.000056>
2434532 22:04:42.682120 madvise(0x262f9400000, 1441792, MADV_DONTNEED) = 0 <0.000087>
2434532 22:04:42.682227 madvise(0x262f9570000, 983040, MADV_DONTNEED) = 0 <0.000069>
2434532 22:04:42.682316 madvise(0x262f9680000, 1572864, MADV_DONTNEED) = 0 <0.000073>
2434532 22:04:42.682408 madvise(0x262f9800000, 4194304, MADV_DONTNEED) = 0 <0.000029>
2434532 22:04:42.682455 madvise(0x262f9c00000, 3342336, MADV_DONTNEED) = 0 <0.000080>
2434532 22:04:42.682553 madvise(0x262fa000000, 4194304, MADV_DONTNEED) = 0 <0.000019>
2434532 22:04:42.682591 madvise(0x262fc000000, 4194304, MADV_DONTNEED) = 0 <0.000030>
2434532 22:04:42.682640 madvise(0x262fc400000, 4194304, MADV_DONTNEED) = 0 <0.000028>
2434532 22:04:42.682687 madvise(0x262fc800000, 4194304, MADV_DONTNEED) = 0 <0.000028>
2434532 22:04:42.682736 madvise(0x262fcc00000, 4194304, MADV_DONTNEED) = 0 <0.000028>
2434532 22:04:42.682787 madvise(0x262fd000000, 4194304, MADV_DONTNEED) = 0 <0.000027>
2434532 22:04:42.682832 madvise(0x262fd400000, 2031616, MADV_DONTNEED) = 0 <0.000110>
2434532 22:04:42.683934 +++ exited with 0 +++
