2434592 22:04:42.905018 mprotect(0x7c5075c00000, 16384, PROT_READ) = 0 <0.000014>
2434592 22:04:42.905131 mprotect(0x7c5075d28000, 4096, PROT_READ) = 0 <0.000013>
2434592 22:04:42.905166 mprotect(0x7c5075d56000, 4096, PROT_READ) = 0 <0.000012>
2434592 22:04:42.905412 mprotect(0x627302c58000, 172032, PROT_READ) = 0 <0.000012>
2434592 22:04:42.905446 mprotect(0x7c5075d9e000, 8192, PROT_READ) = 0 <0.000015>
2434592 22:04:42.905793 mprotect(0x7c5075d63000, 4096, PROT_NONE) = 0 <0.000013>
2434592 22:04:42.905842 madvise(0x578fac00000, 1073741824, MADV_HUGEPAGE) = 0 <0.000009>
2434592 22:04:42.985503 mprotect(0x7c50755c0000, 2097152, PROT_READ|PROT_WRITE) = 0 <0.000023>
2434595 22:04:42.985842 mprotect(0x7c5070000000, 135168, PROT_READ|PROT_WRITE) = 0 <0.000020>
2434595 22:04:42.985937 mprotect(0x7c5075d60000, 4096, PROT_NONE) = 0 <0.000011>
2434592 22:04:43.020264 getrusage(RUSAGE_SELF, {ru_utime={tv_sec=0, tv_usec=45085}, ru_stime={tv_sec=0, tv_usec=70132}, ru_maxrss=63968, ru_ixrss=0, ru_idrss=0, ru_isrss=0, ru_minflt=324, ru_majflt=0, ru_nswap=0, ru_inblock=0, ru_oublock=0, ru_msgsnd=0, ru_msgrcv=0, ru_nsignals=0, ru_nvcsw=49, ru_nivcsw=4}) = 0 <0.000017>
2434592 22:04:43.087498 getrusage(RUSAGE_SELF, {ru_utime={tv_sec=0, tv_usec=112157}, ru_stime={tv_sec=0, tv_usec=70132}, ru_maxrss=63968, ru_ixrss=0, ru_idrss=0, ru_isrss=0, ru_minflt=327, ru_majflt=0, ru_nswap=0, ru_inblock=0, ru_oublock=0, ru_msgsnd=0, ru_msgrcv=0, ru_nsignals=0, ru_nvcsw=51, ru_nivcsw=4}) = 0 <0.000018>
2434592 22:04:43.087664 getrusage(RUSAGE_SELF, {ru_utime={tv_sec=0, tv_usec=112219}, ru_stime={tv_sec=0, tv_usec=70137}, ru_maxrss=63968, ru_ixrss=0, ru_idrss=0, ru_isrss=0, ru_minflt=327, ru_majflt=0, ru_nswap=0, ru_inblock=0, ru_oublock=0, ru_msgsnd=0, ru_msgrcv=0, ru_nsignals=0, ru_nvcsw=53, ru_nivcsw=4}) = 0 <0.000011>
2434595 22:04:43.087852 madvise(0x7c50755bf000, 2076672, MADV_DONTNEED) = 0 <0.000016>
2434595 22:04:43.087938 +++ exited with 0 +++
2434592 22:04:43.088104 madvise(0x578fae30000, 65536, MADV_DONTNEED) = 0 <0.000041>
2434592 22:04:43.088166 madvise(0x578fae50000, 131072, MADV_DONTNEED) = 0 <0.000016>
2434592 22:04:43.088200 madvise(0x578fae80000, 65536, MADV_DONTNEED) = 0 <0.000013>
2434592 22:04:43.088230 madvise(0x578faeb0000, 65536, MADV_DONTNEED) = 0 <0.000013>
2434592 22:04:43.088261 madvise(0x578faed0000, 655360, MADV_DONTNEED) = 0 <0.000036>
2434592 22:04:43.088315 madvise(0x578faf80000, 524288, MADV_DONTNEED) = 0 <0.000031>
2434592 22:04:43.088363 madvise(0x578fb000000, 4194304, MADV_DONTNEED) = 0 <0.000031>
2434592 22:04:43.088411 madvise(0x578fb400000, 4194304, MADV_DONTNEED) = 0 <0.000028>
2434592 22:04:43.088457 madvise(0x578fb800000, 4194304, MADV_DONTNEED) = 0 <0.000027>
2434592 22:04:43.088502 madvise(0x578fbc00000, 1179648, MADV_DONTNEED) = 0 <0.000076>
2434592 22:04:43.088596 madvise(0x578fbd30000, 2949120, MADV_DONTNEED) = 0 <0.000052>
2434592 22:04:43.088666 madvise(0x578fc000000, 1441792, MADV_DONTNEED) = 0 <0.000092>
2434592 22:04:43.088776 madvise(0x578fc170000, 983040, MADV_DONTNEED) = 0 <0.000068>
2434592 22:04:43.088862 madvise(0x578fc280000, 1572864, MADV_DONTNEED) = 0 <0.000073>
2434592 22:04:43.088954 madvise(0x578fc400000, 4194304, MADV_DONTNEED) = 0 <0.000029>
2434592 22:04:43.089000 madvise(0x578fc800000, 3342336, MADV_DONTNEED) = 0 <0.000079>
2434592 22:04:43.089098 madvise(0x578fcc00000, 4194304, MADV_DONTNEED) = 0 <0.000019>
2434592 22:04:43.089135 madvise(0x578fec00000, 4194304, MADV_DONTNEED) = 0 <0.000028>
2434592 22:04:43.089182 madvise(0x578ff000000, 4194304, MADV_DONTNEED) = 0 <0.000027>
2434592 22:04:43.089226 madvise(0x578ff400000, 4194304, MADV_DONTNEED) = 0 <0.000027>
2434592 22:04:43.089270 madvise(0x578ff800000, 4194304, MADV_DONTNEED) = 0 <0.000028>
2434592 22:04:43.089315 madvise(0x578ffc00000, 4194304, MADV_DONTNEED) = 0 <0.000027>
2434592 22:04:43.089360 madvise(0x57900000000, 2031616, MADV_DONTNEED) = 0 <0.000111>
2434592 22:04:43.090452 +++ exited with 0 +++
