2434708 22:04:43.318659 mprotect(0x793fef200000, 16384, PROT_READ) = 0 <0.000019>
2434708 22:04:43.318803 mprotect(0x793fef3f5000, 4096, PROT_READ) = 0 <0.000015>
2434708 22:04:43.318841 mprotect(0x793fef423000, 4096, PROT_READ) = 0 <0.000012>
2434708 22:04:43.319085 mprotect(0x629a84288000, 172032, PROT_READ) = 0 <0.000012>
2434708 22:04:43.319119 mprotect(0x793fef46b000, 8192, PROT_READ) = 0 <0.000019>
2434708 22:04:43.319471 mprotect(0x793fef430000, 4096, PROT_NONE) = 0 <0.000013>
2434708 22:04:43.319524 madvise(0x2c2b3c00000, 1073741824, MADV_HUGEPAGE) = 0 <0.000010>
2434708 22:04:43.345544 mprotect(0x793feebc0000, 2097152, PROT_READ|PROT_WRITE) = 0 <0.000023>
2434709 22:04:43.345878 mprotect(0x793fe8000000, 135168, PROT_READ|PROT_WRITE) = 0 <0.000020>
2434709 22:04:43.345979 mprotect(0x793fef42d000, 4096, PROT_NONE) = 0 <0.000012>
2434708 22:04:43.380886 getrusage(RUSAGE_SELF, {ru_utime={tv_sec=0, tv_usec=38977}, ru_stime={tv_sec=0, tv_usec=23591}, ru_maxrss=58848, ru_ixrss=0, ru_idrss=0, ru_isrss=0, ru_minflt=321, ru_majflt=0, ru_nswap=0, ru_inblock=0, ru_oublock=0, ru_msgsnd=0, ru_msgrcv=0, ru_nsignals=0, ru_nvcsw=49, ru_nivcsw=3}) = 0 <0.000017>
2434708 22:04:43.446044 getrusage(RUSAGE_SELF, {ru_utime={tv_sec=0, tv_usec=103922}, ru_stime={tv_sec=0, tv_usec=23591}, ru_maxrss=60900, ru_ixrss=0, ru_idrss=0, ru_isrss=0, ru_minflt=325, ru_majflt=0, ru_nswap=0, ru_inblock=0, ru_oublock=0, ru_msgsnd=0, ru_msgrcv=0, ru_nsignals=0, ru_nvcsw=51, ru_nivcsw=4}) = 0 <0.000015>
2434708 22:04:43.446206 getrusage(RUSAGE_SELF, {ru_utime={tv_sec=0, tv_usec=103987}, ru_stime={tv_sec=0, tv_usec=23591}, ru_maxrss=60900, ru_ixrss=0, ru_idrss=0, ru_isrss=0, ru_minflt=325, ru_majflt=0, ru_nswap=0, ru_inblock=0, ru_oublock=0, ru_msgsnd=0, ru_msgrcv=0, ru_nsignals=0, ru_nvcsw=53, ru_nivcsw=4}) = 0 <0.000011>
2434709 22:04:43.446376 madvise(0x793feebbf000, 2076672, MADV_DONTNEED) = 0 <0.000015>
2434709 22:04:43.446461 +++ exited with 0 +++
2434708 22:04:43.446593 madvise(0x2c2b3e30000, 65536, MADV_DONTNEED) = 0 <0.000038>
2434708 22:04:43.446651 madvise(0x2c2b3e50000, 131072, MADV_DONTNEED) = 0 <0.000016>
2434708 22:04:43.446685 madvise(0x2c2b3e80000, 65536, MADV_DONTNEED) = 0 <0.000013>
2434708 22:04:43.446715 madvise(0x2c2b3ea0000, 131072, MADV_DONTNEED) = 0 <0.000016>
2434708 22:04:43.446756 madvise(0x2c2b3ed0000, 655360, MADV_DONTNEED) = 0 <0.000036>
2434708 22:04:43.446810 madvise(0x2c2b3f80000, 524288, MADV_DONTNEED) = 0 <0.000030>
2434708 22:04:43.446857 madvise(0x2c2b4000000, 65536, MADV_DONTNEED) = 0 <0.000032>
2434708 22:04:43.446908 madvise(0x2c2b4010000, 65536, MADV_DONTNEED) = 0 <0.000013>
2434708 22:04:43.446938 madvise(0x2c2b4020000, 65536, MADV_DONTNEED) = 0 <0.000013>
2434708 22:04:43.446968 madvise(0x2c2b4030000, 65536, MADV_DONTNEED) = 0 <0.000013>
2434708 22:04:43.446998 madvise(0x2c2b4050000, 65536, MADV_DONTNEED) = 0 <0.000013>
2434708 22:04:43.447028 madvise(0x2c2b4060000, 65536, MADV_DONTNEED) = 0 <0.000013>
2434708 22:04:43.447058 madvise(0x2c2b4070000, 65536, MADV_DONTNEED) = 0 <0.000013>
2434708 22:04:43.447088 madvise(0x2c2b4080000, 65536, MADV_DONTNEED) = 0 <0.000013>
2434708 22:04:43.447118 madvise(0x2c2b4090000, 65536, MADV_DONTNEED) = 0 <0.000013>
2434708 22:04:43.447148 madvise(0x2c2b40a0000, 65536, MADV_DONTNEED) = 0 <0.000013>
2434708 22:04:43.447179 madvise(0x2c2b40b0000, 65536, MADV_DONTNEED) = 0 <0.000013>
2434708 22:04:43.447209 madvise(0x2c2b40d0000, 65536, MADV_DONTNEED) = 0 <0.000013>
2434708 22:04:43.447240 madvise(0x2c2b40e0000, 65536, MADV_DONTNEED) = 0 <0.000013>
2434708 22:04:43.447270 madvise(0x2c2b40f0000, 65536, MADV_DONTNEED) = 0 <0.000013>
2434708 22:04:43.447299 madvise(0x2c2b4100000, 65536, MADV_DONTNEED) = 0 <0.000013>
2434708 22:04:43.447329 madvise(0x2c2b4110000, 65536, MADV_DONTNEED) = 0 <0.000013>
2434708 22:04:43.447359 madvise(0x2c2b4120000, 65536, MADV_DONTNEED) = 0 <0.000013>
2434708 22:04:43.447389 madvise(0x2c2b4130000, 65536, MADV_DONTNEED) = 0 <0.000012>
2434708 22:04:43.447418 madvise(0x2c2b4140000, 65536, MADV_DONTNEED) = 0 <0.000012>
2434708 22:04:43.447448 madvise(0x2c2b4150000, 65536, MADV_DONTNEED) = 0 <0.000014>
2434708 22:04:43.447487 madvise(0x2c2b4160000, 65536, MADV_DONTNEED) = 0 <0.000013>
2434708 22:04:43.447518 madvise(0x2c2b4170000, 65536, MADV_DONTNEED) = 0 <0.000013>
2434708 22:04:43.447550 madvise(0x2c2b4180000, 65536, MADV_DONTNEED) = 0 <0.000013>
2434708 22:04:43.447581 madvise(0x2c2b4190000, 65536, MADV_DONTNEED) = 0 <0.000013>
2434708 22:04:43.447611 madvise(0x2c2b41a0000, 65536, MADV_DONTNEED) = 0 <0.000013>
2434708 22:04:43.447643 madvise(0x2c2b41b0000, 65536, MADV_DONTNEED) = 0 <0.000013>
2434708 22:04:43.447674 madvise(0x2c2b41c0000, 65536, MADV_DONTNEED) = 0 <0.000013>
2434708 22:04:43.447705 madvise(0x2c2b41d0000, 65536, MADV_DONTNEED) = 0 <0.000016>
2434708 22:04:43.447795 madvise(0x2c2b41e0000, 65536, MADV_DONTNEED) = 0 <0.000013>
2434708 22:04:43.447828 madvise(0x2c2b41f0000, 65536, MADV_DONTNEED) = 0 <0.000014>
2434708 22:04:43.447862 madvise(0x2c2b4200000, 65536, MADV_DONTNEED) = 0 <0.000038>
2434708 22:04:43.447928 madvise(0x2c2b4210000, 65536, MADV_DONTNEED) = 0 <0.000014>
2434708 22:04:43.447963 madvise(0x2c2b4220000, 65536, MADV_DONTNEED) = 0 <0.000013>
2434708 22:04:43.447994 madvise(0x2c2b4230000, 65536, MADV_DONTNEED) = 0 <0.000013>
2434708 22:04:43.448026 madvise(0x2c2b4240000, 65536, MADV_DONTNEED) = 0 <0.000013>
2434708 22:04:43.448057 madvise(0x2c2b4250000, 65536, MADV_DONTNEED) = 0 <0.000013>
2434708 22:04:43.448088 madvise(0x2c2b4260000, 65536, MADV_DONTNEED) = 0 <0.000013>
2434708 22:04:43.448119 madvise(0x2c2b4270000, 65536, MADV_DONTNEED) = 0 <0.000013>
2434708 22:04:43.448150 madvise(0x2c2b4280000, 65536, MADV_DONTNEED) = 0 <0.000013>
2434708 22:04:43.448181 madvise(0x2c2b4290000, 65536, MADV_DONTNEED) = 0 <0.000013>
2434708 22:04:43.448212 madvise(0x2c2b42a0000, 65536, MADV_DONTNEED) = 0 <0.000014>
2434708 22:04:43.448244 madvise(0x2c2b42b0000, 65536, MADV_DONTNEED) = 0 <0.000013>
2434708 22:04:43.448275 madvise(0x2c2b42c0000, 65536, MADV_DONTNEED) = 0 <0.000013>
2434708 22:04:43.448306 madvise(0x2c2b42d0000, 65536, MADV_DONTNEED) = 0 <0.000013>
2434708 22:04:43.448336 madvise(0x2c2b42e0000, 65536, MADV_DONTNEED) = 0 <0.000013>
2434708 22:04:43.448367 madvise(0x2c2b42f0000, 65536, MADV_DONTNEED) = 0 <0.000013>
2434708 22:04:43.448399 madvise(0x2c2b4300000, 65536, MADV_DONTNEED) = 0 <0.000013>
2434708 22:04:43.448430 madvise(0x2c2b4310000, 65536, MADV_DONTNEED) = 0 <0.000013>
2434708 22:04:43.448461 madvise(0x2c2b4320000, 65536, MADV_DONTNEED) = 0 <0.000013>
2434708 22:04:43.448492 madvise(0x2c2b4330000, 65536, MADV_DONTNEED) = 0 <0.000013>
2434708 22:04:43.448525 madvise(0x2c2b4340000, 65536, MADV_DONTNEED) = 0 <0.000013>
2434708 22:04:43.448556 madvise(0x2c2b4350000, 65536, MADV_DONTNEED) = 0 <0.000012>
2434708 22:04:43.448586 madvise(0x2c2b4360000, 65536, MADV_DONTNEED) = 0 <0.000013>
2434708 22:04:43.448616 madvise(0x2c2b4370000, 65536, MADV_DONTNEED) = 0 <0.000013>
2434708 22:04:43.448647 madvise(0x2c2b4380000, 65536, MADV_DONTNEED) = 0 <0.000013>
2434708 22:04:43.448678 madvise(0x2c2b4390000, 65536, MADV_DONTNEED) = 0 <0.000013>
2434708 22:04:43.448709 madvise(0x2c2b43a0000, 65536, MADV_DONTNEED) = 0 <0.000013>
2434708 22:04:43.448746 madvise(0x2c2b43b0000, 65536, MADV_DONTNEED) = 0 <0.000013>
2434708 22:04:43.448778 madvise(0x2c2b43c0000, 65536, MADV_DONTNEED) = 0 <0.000013>
2434708 22:04:43.448809 madvise(0x2c2b43d0000, 65536, MADV_DONTNEED) = 0 <0.000013>
2434708 22:04:43.448841 madvise(0x2c2b43e0000, 65536, MADV_DONTNEED) = 0 <0.000013>
2434708 22:04:43.448871 madvise(0x2c2b43f0000, 65536, MADV_DONTNEED) = 0 <0.000023>
2434708 22:04:43.448913 madvise(0x2c2b4400000, 4194304, MADV_DONTNEED) = 0 <0.000030>
2434708 22:04:43.448962 madvise(0x2c2b4800000, 4194304, MADV_DONTNEED) = 0 <0.000046>
2434708 22:04:43.449027 madvise(0x2c2b4c00000, 2228224, MADV_DONTNEED) = 0 <0.000048>
2434708 22:04:43.449094 madvise(0x2c2b4e30000, 131072, MADV_DONTNEED) = 0 <0.000016>
2434708 22:04:43.449129 madvise(0x2c2b4e80000, 1572864, MADV_DONTNEED) = 0 <0.000073>
2434708 22:04:43.449221 madvise(0x2c2b5000000, 4194304, MADV_DONTNEED) = 0 <0.000029>
2434708 22:04:43.449269 madvise(0x2c2b5400000, 4194304, MADV_DONTNEED) = 0 <0.000019>
2434708 22:04:43.449316 madvise(0x2c2b5800000, 4194304, MADV_DONTNEED) = 0 <0.000020>
2434708 22:04:43.449355 madvise(0x2c2b5c00000, 4194304, MADV_DONTNEED) = 0 <0.000028>
2434708 22:04:43.449403 madvise(0x2c2b6000000, 4194304, MADV_DONTNEED) = 0 <0.000029>
2434708 22:04:43.449451 madvise(0x2c2b6400000, 4194304, MADV_DONTNEED) = 0 <0.000019>
2434708 22:04:43.449489 madvise(0x2c2b6800000, 4194304, MADV_DONTNEED) = 0 <0.000032>
2434708 22:04:43.449541 madvise(0x2c2b6c00000, 4194304, MADV_DONTNEED) = 0 <0.000031>
2434708 22:04:43.449590 madvise(0x2c2b7000000, 4194304, MADV_DONTNEED) = 0 <0.000030>
2434708 22:04:43.449639 madvise(0x2c2b7400000, 917504, MADV_DONTNEED) = 0 <0.000068>
2434708 22:04:43.450960 +++ exited with 0 +++
