2434772 22:04:43.669130 mprotect(0x76e7b5200000, 16384, PROT_READ) = 0 <0.000015>
2434772 22:04:43.669238 mprotect(0x76e7b54ea000, 4096, PROT_READ) = 0 <0.000014>
2434772 22:04:43.669273 mprotect(0x76e7b5518000, 4096, PROT_READ) = 0 <0.000012>
2434772 22:04:43.669497 mprotect(0x649b55938000, 172032, PROT_READ) = 0 <0.000011>
2434772 22:04:43.669529 mprotect(0x76e7b5560000, 8192, PROT_READ) = 0 <0.000014>
2434772 22:04:43.669839 mprotect(0x76e7b5525000, 4096, PROT_NONE) = 0 <0.000013>
2434772 22:04:43.669895 madvise(0x3ad81800000, 1073741824, MADV_HUGEPAGE) = 0 <0.000010>
2434772 22:04:43.696149 mprotect(0x76e7b4bc0000, 2097152, PROT_READ|PROT_WRITE) = 0 <0.000023>
2434773 22:04:43.696481 mprotect(0x76e7b0000000, 135168, PROT_READ|PROT_WRITE) = 0 <0.000020>
2434773 22:04:43.696577 mprotect(0x76e7b5522000, 4096, PROT_NONE) = 0 <0.000011>
2434772 22:04:43.730152 getrusage(RUSAGE_SELF, {ru_utime={tv_sec=0, tv_usec=39444}, ru_stime={tv_sec=0, tv_usec=21694}, ru_maxrss=59872, ru_ixrss=0, ru_idrss=0, ru_isrss=0, ru_minflt=322, ru_majflt=0, ru_nswap=0, ru_inblock=0, ru_oublock=0, ru_msgsnd=0, ru_msgrcv=0, ru_nsignals=0, ru_nvcsw=49, ru_nivcsw=3}) = 0 <0.000017>
2434772 22:04:43.796114 getrusage(RUSAGE_SELF, {ru_utime={tv_sec=0, tv_usec=105127}, ru_stime={tv_sec=0, tv_usec=21818}, ru_maxrss=61924, ru_ixrss=0, ru_idrss=0, ru_isrss=0, ru_minflt=326, ru_majflt=0, ru_nswap=0, ru_inblock=0, ru_oublock=0, ru_msgsnd=0, ru_msgrcv=0, ru_nsignals=0, ru_nvcsw=51, ru_nivcsw=3}) = 0 <0.000017>
2434772 22:04:43.796280 getrusage(RUSAGE_SELF, {ru_utime={tv_sec=0, tv_usec=105183}, ru_stime={tv_sec=0, tv_usec=21830}, ru_maxrss=61924, ru_ixrss=0, ru_idrss=0, ru_isrss=0, ru_minflt=326, ru_majflt=0, ru_nswap=0, ru_inblock=0, ru_oublock=0, ru_msgsnd=0, ru_msgrcv=0, ru_nsignals=0, ru_nvcsw=53, ru_nivcsw=3}) = 0 <0.000011>
2434773 22:04:43.796469 madvise(0x76e7b4bbf000, 2076672, MADV_DONTNEED) = 0 <0.000016>
2434773 22:04:43.796553 +++ exited with 0 +++
2434772 22:04:43.796787 madvise(0x3ad81a30000, 65536, MADV_DONTNEED) = 0 <0.000038>
2434772 22:04:43.796845 madvise(0x3ad81a50000, 131072, MADV_DONTNEED) = 0 <0.000016>
2434772 22:04:43.796878 madvise(0x3ad81a80000, 65536, MADV_DONTNEED) = 0 <0.000013>
2434772 22:04:43.796908 madvise(0x3ad81aa0000, 131072, MADV_DONTNEED) = 0 <0.000016>
2434772 22:04:43.796942 madvise(0x3ad81ad0000, 655360, MADV_DONTNEED) = 0 <0.000036>
2434772 22:04:43.796995 madvise(0x3ad81b80000, 524288, MADV_DONTNEED) = 0 <0.000031>
2434772 22:04:43.797043 madvise(0x3ad81c00000, 65536, MADV_DONTNEED) = 0 <0.000031>
2434772 22:04:43.797092 madvise(0x3ad81c10000, 65536, MADV_DONTNEED) = 0 <0.000013>
2434772 22:04:43.797122 madvise(0x3ad81c20000, 65536, MADV_DONTNEED) = 0 <0.000013>
2434772 22:04:43.797152 madvise(0x3ad81c30000, 65536, MADV_DONTNEED) = 0 <0.000015>
2434772 22:04:43.797186 madvise(0x3ad81c50000, 65536, MADV_DONTNEED) = 0 <0.000013>
2434772 22:04:43.797217 madvise(0x3ad81c60000, 65536, MADV_DONTNEED) = 0 <0.000013>
2434772 22:04:43.797247 madvise(0x3ad81c70000, 65536, MADV_DONTNEED) = 0 <0.000013>
2434772 22:04:43.797276 madvise(0x3ad81c80000, 65536, MADV_DONTNEED) = 0 <0.000013>
2434772 22:04:43.797306 madvise(0x3ad81c90000, 65536, MADV_DONTNEED) = 0 <0.000013>
2434772 22:04:43.797336 madvise(0x3ad81ca0000, 65536, MADV_DONTNEED) = 0 <0.000013>
2434772 22:04:43.797366 madvise(0x3ad81cb0000, 65536, MADV_DONTNEED) = 0 <0.000013>
2434772 22:04:43.797396 madvise(0x3ad81cd0000, 65536, MADV_DONTNEED) = 0 <0.000013>
2434772 22:04:43.797427 madvise(0x3ad81ce0000, 65536, MADV_DONTNEED) = 0 <0.000013>
2434772 22:04:43.797457 madvise(0x3ad81cf0000, 65536, MADV_DONTNEED) = 0 <0.000013>
2434772 22:04:43.797486 madvise(0x3ad81d00000, 65536, MADV_DONTNEED) = 0 <0.000013>
2434772 22:04:43.797516 madvise(0x3ad81d10000, 65536, MADV_DONTNEED) = 0 <0.000013>
2434772 22:04:43.797546 madvise(0x3ad81d20000, 65536, MADV_DONTNEED) = 0 <0.000013>
2434772 22:04:43.797575 madvise(0x3ad81d30000, 65536, MADV_DONTNEED) = 0 <0.000013>
2434772 22:04:43.797605 madvise(0x3ad81d40000, 65536, MADV_DONTNEED) = 0 <0.000013>
2434772 22:04:43.797635 madvise(0x3ad81d50000, 65536, MADV_DONTNEED) = 0 <0.000013>
2434772 22:04:43.797671 madvise(0x3ad81d60000, 65536, MADV_DONTNEED) = 0 <0.000013>
2434772 22:04:43.797701 madvise(0x3ad81d70000, 65536, MADV_DONTNEED) = 0 <0.000013>
2434772 22:04:43.797731 madvise(0x3ad81d80000, 65536, MADV_DONTNEED) = 0 <0.000017>
2434772 22:04:43.797766 madvise(0x3ad81d90000, 65536, MADV_DONTNEED) = 0 <0.000013>
2434772 22:04:43.797796 madvise(0x3ad81da0000, 65536, MADV_DONTNEED) = 0 <0.000013>
2434772 22:04:43.797826 madvise(0x3ad81db0000, 65536, MADV_DONTNEED) = 0 <0.000013>
2434772 22:04:43.797856 madvise(0x3ad81dc0000, 65536, MADV_DONTNEED) = 0 <0.000013>
2434772 22:04:43.797886 madvise(0x3ad81dd0000, 65536, MADV_DONTNEED) = 0 <0.000013>
2434772 22:04:43.797916 madvise(0x3ad81de0000, 65536, MADV_DONTNEED) = 0 <0.000012>
2434772 22:04:43.797946 madvise(0x3ad81df0000, 65536, MADV_DONTNEED) = 0 <0.000013>
2434772 22:04:43.797976 madvise(0x3ad81e00000, 65536, MADV_DONTNEED) = 0 <0.000031>
2434772 22:04:43.798024 madvise(0x3ad81e10000, 65536, MADV_DONTNEED) = 0 <0.000013>
2434772 22:04:43.798054 madvise(0x3ad81e20000, 65536, MADV_DONTNEED) = 0 <0.000013>
2434772 22:04:43.798084 madvise(0x3ad81e30000, 65536, MADV_DONTNEED) = 0 <0.000013>
2434772 22:04:43.798114 madvise(0x3ad81e40000, 65536, MADV_DONTNEED) = 0 <0.000012>
2434772 22:04:43.798144 madvise(0x3ad81e50000, 65536, MADV_DONTNEED) = 0 <0.000015>
2434772 22:04:43.798178 madvise(0x3ad81e60000, 65536, MADV_DONTNEED) = 0 <0.000013>
2434772 22:04:43.798208 madvise(0x3ad81e70000, 65536, MADV_DONTNEED) = 0 <0.000013>
2434772 22:04:43.798238 madvise(0x3ad81e80000, 65536, MADV_DONTNEED) = 0 <0.000013>
2434772 22:04:43.798268 madvise(0x3ad81e90000, 65536, MADV_DONTNEED) = 0 <0.000013>
2434772 22:04:43.798297 madvise(0x3ad81ea0000, 65536, MADV_DONTNEED) = 0 <0.000013>
2434772 22:04:43.798327 madvise(0x3ad81eb0000, 65536, MADV_DONTNEED) = 0 <0.000013>
2434772 22:04:43.798357 madvise(0x3ad81ec0000, 65536, MADV_DONTNEED) = 0 <0.000013>
2434772 22:04:43.798387 madvise(0x3ad81ed0000, 65536, MADV_DONTNEED) = 0 <0.000013>
2434772 22:04:43.798417 madvise(0x3ad81ee0000, 65536, MADV_DONTNEED) = 0 <0.000013>
2434772 22:04:43.798447 madvise(0x3ad81ef0000, 65536, MADV_DONTNEED) = 0 <0.000013>
2434772 22:04:43.798476 madvise(0x3ad81f00000, 65536, MADV_DONTNEED) = 0 <0.000013>
2434772 22:04:43.798506 madvise(0x3ad81f10000, 65536, MADV_DONTNEED) = 0 <0.000013>
2434772 22:04:43.798536 madvise(0x3ad81f20000, 65536, MADV_DONTNEED) = 0 <0.000013>
2434772 22:04:43.798566 madvise(0x3ad81f30000, 65536, MADV_DONTNEED) = 0 <0.000013>
2434772 22:04:43.798596 madvise(0x3ad81f40000, 65536, MADV_DONTNEED) = 0 <0.000013>
2434772 22:04:43.798626 madvise(0x3ad81f50000, 65536, MADV_DONTNEED) = 0 <0.000013>
2434772 22:04:43.798655 madvise(0x3ad81f60000, 65536, MADV_DONTNEED) = 0 <0.000013>
2434772 22:04:43.798685 madvise(0x3ad81f70000, 65536, MADV_DONTNEED) = 0 <0.000013>
2434772 22:04:43.798715 madvise(0x3ad81f80000, 65536, MADV_DONTNEED) = 0 <0.000013>
2434772 22:04:43.798749 madvise(0x3ad81f90000, 65536, MADV_DONTNEED) = 0 <0.000013>
2434772 22:04:43.798780 madvise(0x3ad81fa0000, 65536, MADV_DONTNEED) = 0 <0.000013>
2434772 22:04:43.798810 madvise(0x3ad81fb0000, 65536, MADV_DONTNEED) = 0 <0.000012>
2434772 22:04:43.798839 madvise(0x3ad81fc0000, 65536, MADV_DONTNEED) = 0 <0.000012>
2434772 22:04:43.798869 madvise(0x3ad81fd0000, 65536, MADV_DONTNEED) = 0 <0.000013>
2434772 22:04:43.798899 madvise(0x3ad81fe0000, 65536, MADV_DONTNEED) = 0 <0.000013>
2434772 22:04:43.798929 madvise(0x3ad81ff0000, 65536, MADV_DONTNEED) = 0 <0.000024>
2434772 22:04:43.798970 madvise(0x3ad82000000, 4194304, MADV_DONTNEED) = 0 <0.000029>
2434772 22:04:43.799017 madvise(0x3ad82400000, 4194304, MADV_DONTNEED) = 0 <0.000028>
2434772 22:04:43.799062 madvise(0x3ad82800000, 2228224, MADV_DONTNEED) = 0 <0.000043>
2434772 22:04:43.799123 madvise(0x3ad82a30000, 131072, MADV_DONTNEED) = 0 <0.000016>
2434772 22:04:43.799156 madvise(0x3ad82a80000, 1572864, MADV_DONTNEED) = 0 <0.000073>
2434772 22:04:43.799247 madvise(0x3ad82c00000, 4194304, MADV_DONTNEED) = 0 <0.000027>
2434772 22:04:43.799291 madvise(0x3ad83000000, 4194304, MADV_DONTNEED) = 0 <0.000019>
2434772 22:04:43.799330 madvise(0x3ad83400000, 4194304, MADV_DONTNEED) = 0 <0.000018>
2434772 22:04:43.799366 madvise(0x3ad83800000, 4194304, MADV_DONTNEED) = 0 <0.000026>
2434772 22:04:43.799410 madvise(0x3ad83c00000, 4194304, MADV_DONTNEED) = 0 <0.000027>
2434772 22:04:43.799454 madvise(0x3ad84000000, 4194304, MADV_DONTNEED) = 0 <0.000018>
2434772 22:04:43.799490 madvise(0x3ad84400000, 4194304, MADV_DONTNEED) = 0 <0.000027>
2434772 22:04:43.799534 madvise(0x3ad84800000, 4194304, MADV_DONTNEED) = 0 <0.000027>
2434772 22:04:43.799579 madvise(0x3ad84c00000, 4194304, MADV_DONTNEED) = 0 <0.000027>
2434772 22:04:43.799624 madvise(0x3ad85000000, 917504, MADV_DONTNEED) = 0 <0.000066>
2434772 22:04:43.800662 +++ exited with 0 +++
