2434832 22:04:44.027158 mprotect(0x7c084d000000, 16384, PROT_READ) = 0 <0.000016>
2434832 22:04:44.027277 mprotect(0x7c084d111000, 4096, PROT_READ) = 0 <0.000014>
2434832 22:04:44.027313 mprotect(0x7c084d13f000, 4096, PROT_READ) = 0 <0.000011>
2434832 22:04:44.027583 mprotect(0x58fce5435000, 172032, PROT_READ) = 0 <0.000011>
2434832 22:04:44.027617 mprotect(0x7c084d187000, 8192, PROT_READ) = 0 <0.000018>
2434832 22:04:44.028014 mprotect(0x7c084d14c000, 4096, PROT_NONE) = 0 <0.000013>
2434832 22:04:44.028081 madvise(0x325ba800000, 1073741824, MADV_HUGEPAGE) = 0 <0.000012>
2434832 22:04:44.106893 mprotect(0x7c084c9c0000, 2097152, PROT_READ|PROT_WRITE) = 0 <0.000024>
2434833 22:04:44.107233 mprotect(0x7c0848000000, 135168, PROT_READ|PROT_WRITE) = 0 <0.000020>
2434833 22:04:44.107332 mprotect(0x7c084d149000, 4096, PROT_NONE) = 0 <0.000012>
2434832 22:04:44.141011 getrusage(RUSAGE_SELF, {ru_utime={tv_sec=0, tv_usec=47544}, ru_stime={tv_sec=0, tv_usec=66364}, ru_maxrss=63964, ru_ixrss=0, ru_idrss=0, ru_isrss=0, ru_minflt=323, ru_majflt=0, ru_nswap=0, ru_inblock=0, ru_oublock=0, ru_msgsnd=0, ru_msgrcv=0, ru_nsignals=0, ru_nvcsw=49, ru_nivcsw=2}) = 0 <0.000019>
2434832 22:04:44.206642 getrusage(RUSAGE_SELF, {ru_utime={tv_sec=0, tv_usec=111606}, ru_stime={tv_sec=0, tv_usec=67760}, ru_maxrss=63964, ru_ixrss=0, ru_idrss=0, ru_isrss=0, ru_minflt=328, ru_majflt=0, ru_nswap=0, ru_inblock=0, ru_oublock=0, ru_msgsnd=0, ru_msgrcv=0, ru_nsignals=0, ru_nvcsw=51, ru_nivcsw=2}) = 0 <0.000017>
2434832 22:04:44.206882 getrusage(RUSAGE_SELF, {ru_utime={tv_sec=0, tv_usec=111648}, ru_stime={tv_sec=0, tv_usec=67786}, ru_maxrss=63964, ru_ixrss=0, ru_idrss=0, ru_isrss=0, ru_minflt=328, ru_majflt=0, ru_nswap=0, ru_inblock=0, ru_oublock=0, ru_msgsnd=0, ru_msgrcv=0, ru_nsignals=0, ru_nvcsw=53, ru_nivcsw=2}) = 0 <0.000010>
2434833 22:04:44.207082 madvise(0x7c084c9bf000, 2076672, MADV_DONTNEED) = 0 <0.000017>
2434833 22:04:44.207168 +++ exited with 0 +++
2434832 22:04:44.207384 madvise(0x325baa30000, 65536, MADV_DONTNEED) = 0 <0.000042>
2434832 22:04:44.207447 madvise(0x325baa50000, 131072, MADV_DONTNEED) = 0 <0.000017>
2434832 22:04:44.207483 madvise(0x325baa80000, 65536, MADV_DONTNEED) = 0 <0.000013>
2434832 22:04:44.207513 madvise(0x325baab0000, 65536, MADV_DONTNEED) = 0 <0.000013>
2434832 22:04:44.207543 madvise(0x325baad0000, 655360, MADV_DONTNEED) = 0 <0.000037>
2434832 22:04:44.207598 madvise(0x325bab80000, 524288, MADV_DONTNEED) = 0 <0.000031>
2434832 22:04:44.207647 madvise(0x325bac00000, 4194304, MADV_DONTNEED) = 0 <0.000031>
2434832 22:04:44.207698 madvise(0x325bb000000, 4194304, MADV_DONTNEED) = 0 <0.000028>
2434832 22:04:44.207751 madvise(0x325bb400000, 4194304, MADV_DONTNEED) = 0 <0.000030>
2434832 22:04:44.207801 madvise(0x325bb800000, 1179648, MADV_DONTNEED) = 0 <0.000077>
2434832 22:04:44.207898 madvise(0x325bb930000, 2949120, MADV_DONTNEED) = 0 <0.000055>
2434832 22:04:44.207973 madvise(0x325bbc00000, 1441792, MADV_DONTNEED) = 0 <0.000087>
2434832 22:04:44.208081 madvise(0x325bbd70000, 1048576, MADV_DONTNEED) = 0 <0.000071>
2434832 22:04:44.208173 madvise(0x325bbe80000, 1572864, MADV_DONTNEED) = 0 <0.000075>
2434832 22:04:44.208269 madvise(0x325bc000000, 4194304, MADV_DONTNEED) = 0 <0.000030>
2434832 22:04:44.208319 madvise(0x325bc400000, 3342336, MADV_DONTNEED) = 0 <0.000080>
2434832 22:04:44.208419 madvise(0x325bc800000, 4194304, MADV_DONTNEED) = 0 <0.000019>
2434832 22:04:44.208459 madvise(0x325be800000, 4194304, MADV_DONTNEED) = 0 <0.000029>
2434832 22:04:44.208508 madvise(0x325bec00000, 4194304, MADV_DONTNEED) = 0 <0.000028>
2434832 22:04:44.208556 madvise(0x325bf000000, 4194304, MADV_DONTNEED) = 0 <0.000028>
2434832 22:04:44.208604 madvise(0x325bf400000, 4194304, MADV_DONTNEED) = 0 <0.000029>
2434832 22:04:44.208653 madvise(0x325bf800000, 4194304, MADV_DONTNEED) = 0 <0.000028>
2434832 22:04:44.208701 madvise(0x325bfc00000, 2031616, MADV_DONTNEED) = 0 <0.000140>
2434832 22:04:44.209832 +++ exited with 0 +++
