2434947 22:04:44.428806 mprotect(0x7752ad400000, 16384, PROT_READ) = 0 <0.000016>
2434947 22:04:44.428916 mprotect(0x7752ad6a0000, 4096, PROT_READ) = 0 <0.000015>
2434947 22:04:44.428952 mprotect(0x7752ad6ce000, 4096, PROT_READ) = 0 <0.000012>
2434947 22:04:44.429170 mprotect(0x56ef77229000, 172032, PROT_READ) = 0 <0.000011>
2434947 22:04:44.429202 mprotect(0x7752ad716000, 8192, PROT_READ) = 0 <0.000016>
2434947 22:04:44.429532 mprotect(0x7752ad6db000, 4096, PROT_NONE) = 0 <0.000013>
2434947 22:04:44.429575 madvise(0x2a334c00000, 1073741824, MADV_HUGEPAGE) = 0 <0.000009>
2434947 22:04:44.508268 mprotect(0x7752acdc0000, 2097152, PROT_READ|PROT_WRITE) = 0 <0.000024>
2434948 22:04:44.508613 mprotect(0x7752a8000000, 135168, PROT_READ|PROT_WRITE) = 0 <0.000020>
2434948 22:04:44.508708 mprotect(0x7752ad6d8000, 4096, PROT_NONE) = 0 <0.000011>
2434947 22:04:44.542619 getrusage(RUSAGE_SELF, {ru_utime={tv_sec=0, tv_usec=41945}, ru_stime={tv_sec=0, tv_usec=71907}, ru_maxrss=63968, ru_ixrss=0, ru_idrss=0, ru_isrss=0, ru_minflt=324, ru_majflt=0, ru_nswap=0, ru_inblock=0, ru_oublock=0, ru_msgsnd=0, ru_msgrcv=0, ru_nsignals=0, ru_nvcsw=49, ru_nivcsw=3}) = 0 <0.000015>
2434947 22:04:44.608477 getrusage(RUSAGE_SELF, {ru_utime={tv_sec=0, tv_usec=107556}, ru_stime={tv_sec=0, tv_usec=71907}, ru_maxrss=63968, ru_ixrss=0, ru_idrss=0, ru_isrss=0, ru_minflt=328, ru_majflt=0, ru_nswap=0, ru_inblock=0, ru_oublock=0, ru_msgsnd=0, ru_msgrcv=0, ru_nsignals=0, ru_nvcsw=51, ru_nivcsw=5}) = 0 <0.000016>
2434947 22:04:44.608652 getrusage(RUSAGE_SELF, {ru_utime={tv_sec=0, tv_usec=107627}, ru_stime={tv_sec=0, tv_usec=71907}, ru_maxrss=63968, ru_ixrss=0, ru_idrss=0, ru_isrss=0, ru_minflt=328, ru_majflt=0, ru_nswap=0, ru_inblock=0, ru_oublock=0, ru_msgsnd=0, ru_msgrcv=0, ru_nsignals=0, ru_nvcsw=53, ru_nivcsw=5}) = 0 <0.000010>
2434948 22:04:44.608852 madvise(0x7752acdbf000, 2076672, MADV_DONTNEED) = 0 <0.000016>
2434948 22:04:44.608938 +++ exited with 0 +++
2434947 22:04:44.609131 madvise(0x2a334e30000, 65536, MADV_DONTNEED) = 0 <0.000041>
2434947 22:04:44.609194 madvise(0x2a334e50000, 131072, MADV_DONTNEED) = 0 <0.000018>
2434947 22:04:44.609231 madvise(0x2a334e80000, 65536, MADV_DONTNEED) = 0 <0.000013>
2434947 22:04:44.609262 madvise(0x2a334eb0000, 65536, MADV_DONTNEED) = 0 <0.000013>
2434947 22:04:44.609294 madvise(0x2a334ed0000, 655360, MADV_DONTNEED) = 0 <0.000037>
2434947 22:04:44.609349 madvise(0x2a334f80000, 524288, MADV_DONTNEED) = 0 <0.000031>
2434947 22:04:44.609398 madvise(0x2a335000000, 4194304, MADV_DONTNEED) = 0 <0.000031>
2434947 22:04:44.609448 madvise(0x2a335400000, 4194304, MADV_DONTNEED) = 0 <0.000028>
2434947 22:04:44.609495 madvise(0x2a335800000, 4194304, MADV_DONTNEED) = 0 <0.000028>
2434947 22:04:44.609541 madvise(0x2a335c00000, 1179648, MADV_DONTNEED) = 0 <0.000078>
2434947 22:04:44.609637 madvise(0x2a335d30000, 2949120, MADV_DONTNEED) = 0 <0.000055>
2434947 22:04:44.609712 madvise(0x2a336000000, 1441792, MADV_DONTNEED) = 0 <0.000095>
2434947 22:04:44.609826 madvise(0x2a336170000, 983040, MADV_DONTNEED) = 0 <0.000069>
2434947 22:04:44.609915 madvise(0x2a336280000, 1572864, MADV_DONTNEED) = 0 <0.000074>
2434947 22:04:44.610009 madvise(0x2a336400000, 4194304, MADV_DONTNEED) = 0 <0.000029>
2434947 22:04:44.610059 madvise(0x2a336800000, 3342336, MADV_DONTNEED) = 0 <0.000080>
2434947 22:04:44.610159 madvise(0x2a336c00000, 4194304, MADV_DONTNEED) = 0 <0.000019>
2434947 22:04:44.610197 madvise(0x2a338c00000, 4194304, MADV_DONTNEED) = 0 <0.000028>
2434947 22:04:44.610245 madvise(0x2a339000000, 4194304, MADV_DONTNEED) = 0 <0.000028>
2434947 22:04:44.610294 madvise(0x2a339400000, 4194304, MADV_DONTNEED) = 0 <0.000028>
2434947 22:04:44.610341 madvise(0x2a339800000, 4194304, MADV_DONTNEED) = 0 <0.000029>
2434947 22:04:44.610391 madvise(0x2a339c00000, 4194304, MADV_DONTNEED) = 0 <0.000028>
2434947 22:04:44.610439 madvise(0x2a33a000000, 2031616, MADV_DONTNEED) = 0 <0.000111>
2434947 22:04:44.611564 +++ exited with 0 +++
