2435009 22:04:44.845076 mprotect(0x7ce920e00000, 16384, PROT_READ) = 0 <0.000015>
2435009 22:04:44.845183 mprotect(0x7ce9210d9000, 4096, PROT_READ) = 0 <0.000015>
2435009 22:04:44.845219 mprotect(0x7ce921107000, 4096, PROT_READ) = 0 <0.000012>
2435009 22:04:44.845435 mprotect(0x641568287000, 172032, PROT_READ) = 0 <0.000011>
2435009 22:04:44.845467 mprotect(0x7ce92114f000, 8192, PROT_READ) = 0 <0.000014>
2435009 22:04:44.845777 mprotect(0x7ce921114000, 4096, PROT_NONE) = 0 <0.000013>
2435009 22:04:44.845831 madvise(0x2e307c00000, 1073741824, MADV_HUGEPAGE) = 0 <0.000009>
2435009 22:04:44.872090 mprotect(0x7ce9207c0000, 2097152, PROT_READ|PROT_WRITE) = 0 <0.000022>
2435010 22:04:44.872420 mprotect(0x7ce91c000000, 135168, PROT_READ|PROT_WRITE) = 0 <0.000020>
2435010 22:04:44.872519 mprotect(0x7ce921111000, 4096, PROT_NONE) = 0 <0.000011>
2435009 22:04:44.906449 getrusage(RUSAGE_SELF, {ru_utime={tv_sec=0, tv_usec=33636}, ru_stime={tv_sec=0, tv_usec=27700}, ru_maxrss=59868, ru_ixrss=0, ru_idrss=0, ru_isrss=0, ru_minflt=322, ru_majflt=0, ru_nswap=0, ru_inblock=0, ru_oublock=0, ru_msgsnd=0, ru_msgrcv=0, ru_nsignals=0, ru_nvcsw=49, ru_nivcsw=2}) = 0 <0.000016>
2435009 22:04:44.970981 getrusage(RUSAGE_SELF, {ru_utime={tv_sec=0, tv_usec=96907}, ru_stime={tv_sec=0, tv_usec=28676}, ru_maxrss=61920, ru_ixrss=0, ru_idrss=0, ru_isrss=0, ru_minflt=327, ru_majflt=0, ru_nswap=0, ru_inblock=0, ru_oublock=0, ru_msgsnd=0, ru_msgrcv=0, ru_nsignals=0, ru_nvcsw=51, ru_nivcsw=3}) = 0 <0.000015>
2435009 22:04:44.971137 getrusage(RUSAGE_SELF, {ru_utime={tv_sec=0, tv_usec=96955}, ru_stime={tv_sec=0, tv_usec=28691}, ru_maxrss=61920, ru_ixrss=0, ru_idrss=0, ru_isrss=0, ru_minflt=327, ru_majflt=0, ru_nswap=0, ru_inblock=0, ru_oublock=0, ru_msgsnd=0, ru_msgrcv=0, ru_nsignals=0, ru_nvcsw=53, ru_nivcsw=3}) = 0 <0.000011>
2435010 22:04:44.971313 madvise(0x7ce9207bf000, 2076672, MADV_DONTNEED) = 0 <0.000017>
2435010 22:04:44.971405 +++ exited with 0 +++
2435009 22:04:44.971563 madvise(0x2e307e30000, 65536, MADV_DONTNEED) = 0 <0.000040>
2435009 22:04:44.971624 madvise(0x2e307e50000, 131072, MADV_DONTNEED) = 0 <0.000017>
2435009 22:04:44.971662 madvise(0x2e307e80000, 65536, MADV_DONTNEED) = 0 <0.000014>
2435009 22:04:44.971696 madvise(0x2e307ea0000, 131072, MADV_DONTNEED) = 0 <0.000017>
2435009 22:04:44.971733 madvise(0x2e307ed0000, 655360, MADV_DONTNEED) = 0 <0.000045>
2435009 22:04:44.971800 madvise(0x2e307f80000, 524288, MADV_DONTNEED) = 0 <0.000032>
2435009 22:04:44.971854 madvise(0x2e308000000, 65536, MADV_DONTNEED) = 0 <0.000033>
2435009 22:04:44.971907 madvise(0x2e308010000, 65536, MADV_DONTNEED) = 0 <0.000013>
2435009 22:04:44.971940 madvise(0x2e308020000, 65536, MADV_DONTNEED) = 0 <0.000013>
2435009 22:04:44.971974 madvise(0x2e308030000, 65536, MADV_DONTNEED) = 0 <0.000013>
2435009 22:04:44.972007 madvise(0x2e308050000, 65536, MADV_DONTNEED) = 0 <0.000013>
2435009 22:04:44.972041 madvise(0x2e308060000, 65536, MADV_DONTNEED) = 0 <0.000013>
2435009 22:04:44.972076 madvise(0x2e308070000, 65536, MADV_DONTNEED) = 0 <0.000013>
2435009 22:04:44.972108 madvise(0x2e308080000, 65536, MADV_DONTNEED) = 0 <0.000013>
2435009 22:04:44.972142 madvise(0x2e308090000, 65536, MADV_DONTNEED) = 0 <0.000013>
2435009 22:04:44.972175 madvise(0x2e3080a0000, 65536, MADV_DONTNEED) = 0 <0.000014>
2435009 22:04:44.972209 madvise(0x2e3080b0000, 65536, MADV_DONTNEED) = 0 <0.000013>
2435009 22:04:44.972243 madvise(0x2e3080d0000, 65536, MADV_DONTNEED) = 0 <0.000013>
2435009 22:04:44.972276 madvise(0x2e3080e0000, 65536, MADV_DONTNEED) = 0 <0.000013>
2435009 22:04:44.972310 madvise(0x2e3080f0000, 65536, MADV_DONTNEED) = 0 <0.000013>
2435009 22:04:44.972345 madvise(0x2e308100000, 65536, MADV_DONTNEED) = 0 <0.000013>
2435009 22:04:44.972379 madvise(0x2e308110000, 65536, MADV_DONTNEED) = 0 <0.000015>
2435009 22:04:44.972418 madvise(0x2e308120000, 65536, MADV_DONTNEED) = 0 <0.000013>
2435009 22:04:44.972452 madvise(0x2e308130000, 65536, MADV_DONTNEED) = 0 <0.000013>
2435009 22:04:44.972486 madvise(0x2e308140000, 65536, MADV_DONTNEED) = 0 <0.000013>
2435009 22:04:44.972519 madvise(0x2e308150000, 65536, MADV_DONTNEED) = 0 <0.000013>
2435009 22:04:44.972560 madvise(0x2e308160000, 65536, MADV_DONTNEED) = 0 <0.000013>
2435009 22:04:44.972595 madvise(0x2e308170000, 65536, MADV_DONTNEED) = 0 <0.000013>
2435009 22:04:44.972627 madvise(0x2e308180000, 65536, MADV_DONTNEED) = 0 <0.000013>
2435009 22:04:44.972660 madvise(0x2e308190000, 65536, MADV_DONTNEED) = 0 <0.000013>
2435009 22:04:44.972692 madvise(0x2e3081a0000, 65536, MADV_DONTNEED) = 0 <0.000013>
2435009 22:04:44.972725 madvise(0x2e3081b0000, 65536, MADV_DONTNEED) = 0 <0.000018>
2435009 22:04:44.972764 madvise(0x2e3081c0000, 65536, MADV_DONTNEED) = 0 <0.000013>
2435009 22:04:44.972797 madvise(0x2e3081d0000, 65536, MADV_DONTNEED) = 0 <0.000013>
2435009 22:04:44.972830 madvise(0x2e3081e0000, 65536, MADV_DONTNEED) = 0 <0.000013>
2435009 22:04:44.972863 madvise(0x2e3081f0000, 65536, MADV_DONTNEED) = 0 <0.000014>
2435009 22:04:44.972896 madvise(0x2e308200000, 65536, MADV_DONTNEED) = 0 <0.000032>
2435009 22:04:44.972948 madvise(0x2e308210000, 65536, MADV_DONTNEED) = 0 <0.000013>
2435009 22:04:44.972982 madvise(0x2e308220000, 65536, MADV_DONTNEED) = 0 <0.000013>
2435009 22:04:44.973016 madvise(0x2e308230000, 65536, MADV_DONTNEED) = 0 <0.000013>
2435009 22:04:44.973048 madvise(0x2e308240000, 65536, MADV_DONTNEED) = 0 <0.000013>
2435009 22:04:44.973081 madvise(0x2e308250000, 65536, MADV_DONTNEED) = 0 <0.000013>
2435009 22:04:44.973113 madvise(0x2e308260000, 65536, MADV_DONTNEED) = 0 <0.000014>
2435009 22:04:44.973148 madvise(0x2e308270000, 65536, MADV_DONTNEED) = 0 <0.000014>
2435009 22:04:44.973183 madvise(0x2e308280000, 65536, MADV_DONTNEED) = 0 <0.000013>
2435009 22:04:44.973214 madvise(0x2e308290000, 65536, MADV_DONTNEED) = 0 <0.000013>
2435009 22:04:44.973244 madvise(0x2e3082a0000, 65536, MADV_DONTNEED) = 0 <0.000013>
2435009 22:04:44.973274 madvise(0x2e3082b0000, 65536, MADV_DONTNEED) = 0 <0.000013>
2435009 22:04:44.973304 madvise(0x2e3082c0000, 65536, MADV_DONTNEED) = 0 <0.000013>
2435009 22:04:44.973334 madvise(0x2e3082d0000, 65536, MADV_DONTNEED) = 0 <0.000013>
2435009 22:04:44.973363 madvise(0x2e3082e0000, 65536, MADV_DONTNEED) = 0 <0.000013>
2435009 22:04:44.973396 madvise(0x2e3082f0000, 65536, MADV_DONTNEED) = 0 <0.000015>
2435009 22:04:44.973428 madvise(0x2e308300000, 65536, MADV_DONTNEED) = 0 <0.000013>
2435009 22:04:44.973458 madvise(0x2e308310000, 65536, MADV_DONTNEED) = 0 <0.000013>
2435009 22:04:44.973487 madvise(0x2e308320000, 65536, MADV_DONTNEED) = 0 <0.000013>
2435009 22:04:44.973517 madvise(0x2e308330000, 65536, MADV_DONTNEED) = 0 <0.000013>
2435009 22:04:44.973547 madvise(0x2e308340000, 65536, MADV_DONTNEED) = 0 <0.000013>
2435009 22:04:44.973576 madvise(0x2e308350000, 65536, MADV_DONTNEED) = 0 <0.000013>
2435009 22:04:44.973606 madvise(0x2e308360000, 65536, MADV_DONTNEED) = 0 <0.000013>
2435009 22:04:44.973635 madvise(0x2e308370000, 65536, MADV_DONTNEED) = 0 <0.000013>
2435009 22:04:44.973665 madvise(0x2e308380000, 65536, MADV_DONTNEED) = 0 <0.000013>
2435009 22:04:44.973695 madvise(0x2e308390000, 65536, MADV_DONTNEED) = 0 <0.000013>
2435009 22:04:44.973725 madvise(0x2e3083a0000, 65536, MADV_DONTNEED) = 0 <0.000063>
2435009 22:04:44.973806 madvise(0x2e3083b0000, 65536, MADV_DONTNEED) = 0 <0.000013>
2435009 22:04:44.973837 madvise(0x2e3083c0000, 65536, MADV_DONTNEED) = 0 <0.000013>
2435009 22:04:44.973866 madvise(0x2e3083d0000, 65536, MADV_DONTNEED) = 0 <0.000012>
2435009 22:04:44.973896 madvise(0x2e3083e0000, 65536, MADV_DONTNEED) = 0 <0.000013>
2435009 22:04:44.973926 madvise(0x2e3083f0000, 65536, MADV_DONTNEED) = 0 <0.000022>
2435009 22:04:44.973966 madvise(0x2e308400000, 4194304, MADV_DONTNEED) = 0 <0.000028>
2435009 22:04:44.974011 madvise(0x2e308800000, 4194304, MADV_DONTNEED) = 0 <0.000027>
2435009 22:04:44.974055 madvise(0x2e308c00000, 2228224, MADV_DONTNEED) = 0 <0.000045>
2435009 22:04:44.974118 madvise(0x2e308e30000, 131072, MADV_DONTNEED) = 0 <0.000016>
2435009 22:04:44.974151 madvise(0x2e308e80000, 1572864, MADV_DONTNEED) = 0 <0.000072>
2435009 22:04:44.974240 madvise(0x2e309000000, 4194304, MADV_DONTNEED) = 0 <0.000027>
2435009 22:04:44.974284 madvise(0x2e309400000, 4194304, MADV_DONTNEED) = 0 <0.000018>
2435009 22:04:44.974323 madvise(0x2e309800000, 4194304, MADV_DONTNEED) = 0 <0.000018>
2435009 22:04:44.974357 madvise(0x2e309c00000, 4194304, MADV_DONTNEED) = 0 <0.000029>
2435009 22:04:44.974405 madvise(0x2e30a000000, 4194304, MADV_DONTNEED) = 0 <0.000028>
2435009 22:04:44.974452 madvise(0x2e30a400000, 4194304, MADV_DONTNEED) = 0 <0.000018>
2435009 22:04:44.974487 madvise(0x2e30a800000, 4194304, MADV_DONTNEED) = 0 <0.000027>
2435009 22:04:44.974531 madvise(0x2e30ac00000, 4194304, MADV_DONTNEED) = 0 <0.000028>
2435009 22:04:44.974577 madvise(0x2e30b000000, 4194304, MADV_DONTNEED) = 0 <0.000027>
2435009 22:04:44.974621 madvise(0x2e30b400000, 917504, MADV_DONTNEED) = 0 <0.000065>
2435009 22:04:44.975671 +++ exited with 0 +++
