2432768 22:04:33.247752 mprotect(0x7d344a600000, 16384, PROT_READ) = 0 <0.000015>
2432768 22:04:33.247861 mprotect(0x7d344a7a8000, 4096, PROT_READ) = 0 <0.000015>
2432768 22:04:33.247897 mprotect(0x7d344a7d6000, 4096, PROT_READ) = 0 <0.000012>
2432768 22:04:33.248136 mprotect(0x59e82c7f0000, 172032, PROT_READ) = 0 <0.000011>
2432768 22:04:33.248169 mprotect(0x7d344a81e000, 8192, PROT_READ) = 0 <0.000017>
2432768 22:04:33.248501 mprotect(0x7d344a7e3000, 4096, PROT_NONE) = 0 <0.000012>
2432768 22:04:33.248548 madvise(0x281a8400000, 1073741824, MADV_HUGEPAGE) = 0 <0.000009>
2432768 22:04:33.399401 mprotect(0x7d3449fc0000, 2097152, PROT_READ|PROT_WRITE) = 0 <0.000027>
2432770 22:04:33.399806 mprotect(0x7d3444000000, 135168, PROT_READ|PROT_WRITE) = 0 <0.000023>
2432770 22:04:33.399973 mprotect(0x7d344a7e0000, 4096, PROT_NONE) = 0 <0.000013>
2432768 22:04:33.985976 getrusage(RUSAGE_SELF, {ru_utime={tv_sec=0, tv_usec=51225}, ru_stime={tv_sec=0, tv_usec=676977}, ru_maxrss=41984, ru_ixrss=0, ru_idrss=0, ru_isrss=0, ru_minflt=8878, ru_majflt=0, ru_nswap=0, ru_inblock=944, ru_oublock=0, ru_msgsnd=0, ru_msgrcv=0, ru_nsignals=0, ru_nvcsw=179, ru_nivcsw=12}) = 0 <0.000016>
2432768 22:04:34.051584 getrusage(RUSAGE_SELF, {ru_utime={tv_sec=0, tv_usec=114517}, ru_stime={tv_sec=0, tv_usec=679070}, ru_maxrss=45056, ru_ixrss=0, ru_idrss=0, ru_isrss=0, ru_minflt=9618, ru_majflt=0, ru_nswap=0, ru_inblock=944, ru_oublock=0, ru_msgsnd=0, ru_msgrcv=0, ru_nsignals=0, ru_nvcsw=181, ru_nivcsw=12}) = 0 <0.000018>
2432768 22:04:34.051756 getrusage(RUSAGE_SELF, {ru_utime={tv_sec=0, tv_usec=114591}, ru_stime={tv_sec=0, tv_usec=679070}, ru_maxrss=45056, ru_ixrss=0, ru_idrss=0, ru_isrss=0, ru_minflt=9618, ru_majflt=0, ru_nswap=0, ru_inblock=944, ru_oublock=0, ru_msgsnd=0, ru_msgrcv=0, ru_nsignals=0, ru_nvcsw=183, ru_nivcsw=12}) = 0 <0.000012>
2432770 22:04:34.051959 madvise(0x7d3449fbf000, 2076672, MADV_DONTNEED) = 0 <0.000015>
2432770 22:04:34.052041 +++ exited with 0 +++
2432768 22:04:34.052222 madvise(0x281a8630000, 65536, MADV_DONTNEED) = 0 <0.000027>
2432768 22:04:34.052268 madvise(0x281a8650000, 131072, MADV_DONTNEED) = 0 <0.000026>
2432768 22:04:34.052312 madvise(0x281a8680000, 65536, MADV_DONTNEED) = 0 <0.000018>
2432768 22:04:34.052347 madvise(0x281a86b0000, 65536, MADV_DONTNEED) = 0 <0.000019>
2432768 22:04:34.052384 madvise(0x281a86d0000, 655360, MADV_DONTNEED) = 0 <0.000085>
2432768 22:04:34.052487 madvise(0x281a8780000, 524288, MADV_DONTNEED) = 0 <0.000065>
2432768 22:04:34.052571 madvise(0x281a8800000, 4194304, MADV_DONTNEED) = 0 <0.000440>
2432768 22:04:34.053032 madvise(0x281a8c00000, 4194304, MADV_DONTNEED) = 0 <0.000541>
2432768 22:04:34.053594 madvise(0x281a9000000, 4194304, MADV_DONTNEED) = 0 <0.000463>
2432768 22:04:34.054080 madvise(0x281a9400000, 1179648, MADV_DONTNEED) = 0 <0.000020>
2432768 22:04:34.054121 madvise(0x281a9530000, 2949120, MADV_DONTNEED) = 0 <0.000279>
2432768 22:04:34.054420 madvise(0x281a9800000, 1441792, MADV_DONTNEED) = 0 <0.000121>
2432768 22:04:34.054562 madvise(0x281a9970000, 983040, MADV_DONTNEED) = 0 <0.000078>
2432768 22:04:34.054660 madvise(0x281a9a80000, 1572864, MADV_DONTNEED) = 0 <0.000185>
2432768 22:04:34.054866 madvise(0x281a9c00000, 4194304, MADV_DONTNEED) = 0 <0.000294>
2432768 22:04:34.055182 madvise(0x281aa000000, 3342336, MADV_DONTNEED) = 0 <0.000066>
2432768 22:04:34.055269 madvise(0x281aa400000, 4194304, MADV_DONTNEED) = 0 <0.000038>
2432768 22:04:34.055325 madvise(0x281ac400000, 4194304, MADV_DONTNEED) = 0 <0.000511>
2432768 22:04:34.055855 madvise(0x281ac800000, 4194304, MADV_DONTNEED) = 0 <0.000217>
2432768 22:04:34.056092 madvise(0x281acc00000, 4194304, MADV_DONTNEED) = 0 <0.000141>
2432768 22:04:34.056252 madvise(0x281ad000000, 4194304, MADV_DONTNEED) = 0 <0.000257>
2432768 22:04:34.056528 madvise(0x281ad400000, 4194304, MADV_DONTNEED) = 0 <0.000630>
2432768 22:04:34.057179 madvise(0x281ad800000, 2031616, MADV_DONTNEED) = 0 <0.000185>
2432768 22:04:34.058372 +++ exited with 0 +++
