2435070 22:04:45.206802 mprotect(0x7c05ae800000, 16384, PROT_READ) = 0 <0.000016>
2435070 22:04:45.206919 mprotect(0x7c05aeaea000, 4096, PROT_READ) = 0 <0.000014>
2435070 22:04:45.206955 mprotect(0x7c05aeb18000, 4096, PROT_READ) = 0 <0.000011>
2435070 22:04:45.207194 mprotect(0x5f038bc85000, 172032, PROT_READ) = 0 <0.000011>
2435070 22:04:45.207227 mprotect(0x7c05aeb60000, 8192, PROT_READ) = 0 <0.000015>
2435070 22:04:45.207559 mprotect(0x7c05aeb25000, 4096, PROT_NONE) = 0 <0.000012>
2435070 22:04:45.207613 madvise(0x2262ac00000, 1073741824, MADV_HUGEPAGE) = 0 <0.000009>
2435070 22:04:45.233618 mprotect(0x7c05ae1c0000, 2097152, PROT_READ|PROT_WRITE) = 0 <0.000022>
2435071 22:04:45.233967 mprotect(0x7c05a8000000, 135168, PROT_READ|PROT_WRITE) = 0 <0.000022>
2435071 22:04:45.234081 mprotect(0x7c05aeb22000, 4096, PROT_NONE) = 0 <0.000012>
2435070 22:04:45.266944 getrusage(RUSAGE_SELF, {ru_utime={tv_sec=0, tv_usec=37673}, ru_stime={tv_sec=0, tv_usec=22802}, ru_maxrss=59872, ru_ixrss=0, ru_idrss=0, ru_isrss=0, ru_minflt=320, ru_majflt=0, ru_nswap=0, ru_inblock=0, ru_oublock=0, ru_msgsnd=0, ru_msgrcv=0, ru_nsignals=0, ru_nvcsw=49, ru_nivcsw=2}) = 0 <0.000022>
2435070 22:04:45.331978 getrusage(RUSAGE_SELF, {ru_utime={tv_sec=0, tv_usec=102435}, ru_stime={tv_sec=0, tv_usec=22873}, ru_maxrss=61924, ru_ixrss=0, ru_idrss=0, ru_isrss=0, ru_minflt=326, ru_majflt=0, ru_nswap=0, ru_inblock=0, ru_oublock=0, ru_msgsnd=0, ru_msgrcv=0, ru_nsignals=0, ru_nvcsw=51, ru_nivcsw=2}) = 0 <0.000016>
2435070 22:04:45.332145 getrusage(RUSAGE_SELF, {ru_utime={tv_sec=0, tv_usec=102490}, ru_stime={tv_sec=0, tv_usec=22886}, ru_maxrss=61924, ru_ixrss=0, ru_idrss=0, ru_isrss=0, ru_minflt=326, ru_majflt=0, ru_nswap=0, ru_inblock=0, ru_oublock=0, ru_msgsnd=0, ru_msgrcv=0, ru_nsignals=0, ru_nvcsw=53, ru_nivcsw=2}) = 0 <0.000012>
2435071 22:04:45.332318 madvise(0x7c05ae1bf000, 2076672, MADV_DONTNEED) = 0 <0.000016>
2435071 22:04:45.332401 +++ exited with 0 +++
2435070 22:04:45.332570 madvise(0x2262ae30000, 65536, MADV_DONTNEED) = 0 <0.000038>
2435070 22:04:45.332628 madvise(0x2262ae50000, 131072, MADV_DONTNEED) = 0 <0.000016>
2435070 22:04:45.332662 madvise(0x2262ae80000, 65536, MADV_DONTNEED) = 0 <0.000014>
2435070 22:04:45.332694 madvise(0x2262aea0000, 131072, MADV_DONTNEED) = 0 <0.000016>
2435070 22:04:45.332728 madvise(0x2262aed0000, 655360, MADV_DONTNEED) = 0 <0.000074>
2435070 22:04:45.332820 madvise(0x2262af80000, 524288, MADV_DONTNEED) = 0 <0.000031>
2435070 22:04:45.332870 madvise(0x2262b000000, 65536, MADV_DONTNEED) = 0 <0.000031>
2435070 22:04:45.332918 madvise(0x2262b010000, 65536, MADV_DONTNEED) = 0 <0.000012>
2435070 22:04:45.332948 madvise(0x2262b020000, 65536, MADV_DONTNEED) = 0 <0.000013>
2435070 22:04:45.332978 madvise(0x2262b030000, 65536, MADV_DONTNEED) = 0 <0.000013>
2435070 22:04:45.333008 madvise(0x2262b050000, 65536, MADV_DONTNEED) = 0 <0.000013>
2435070 22:04:45.333038 madvise(0x2262b060000, 65536, MADV_DONTNEED) = 0 <0.000013>
2435070 22:04:45.333068 madvise(0x2262b070000, 65536, MADV_DONTNEED) = 0 <0.000013>
2435070 22:04:45.333098 madvise(0x2262b080000, 65536, MADV_DONTNEED) = 0 <0.000015>
2435070 22:04:45.333129 madvise(0x2262b090000, 65536, MADV_DONTNEED) = 0 <0.000012>
2435070 22:04:45.333159 madvise(0x2262b0a0000, 65536, MADV_DONTNEED) = 0 <0.000012>
2435070 22:04:45.333189 madvise(0x2262b0b0000, 65536, MADV_DONTNEED) = 0 <0.000012>
2435070 22:04:45.333218 madvise(0x2262b0d0000, 65536, MADV_DONTNEED) = 0 <0.000012>
2435070 22:04:45.333248 madvise(0x2262b0e0000, 65536, MADV_DONTNEED) = 0 <0.000012>
2435070 22:04:45.333278 madvise(0x2262b0f0000, 65536, MADV_DONTNEED) = 0 <0.000013>
2435070 22:04:45.333308 madvise(0x2262b100000, 65536, MADV_DONTNEED) = 0 <0.000013>
2435070 22:04:45.333338 madvise(0x2262b110000, 65536, MADV_DONTNEED) = 0 <0.000013>
2435070 22:04:45.333367 madvise(0x2262b120000, 65536, MADV_DONTNEED) = 0 <0.000012>
2435070 22:04:45.333397 madvise(0x2262b130000, 65536, MADV_DONTNEED) = 0 <0.000013>
2435070 22:04:45.333427 madvise(0x2262b140000, 65536, MADV_DONTNEED) = 0 <0.000013>
2435070 22:04:45.333456 madvise(0x2262b150000, 65536, MADV_DONTNEED) = 0 <0.000013>
2435070 22:04:45.333492 madvise(0x2262b160000, 65536, MADV_DONTNEED) = 0 <0.000012>
2435070 22:04:45.333522 madvise(0x2262b170000, 65536, MADV_DONTNEED) = 0 <0.000012>
2435070 22:04:45.333551 madvise(0x2262b180000, 65536, MADV_DONTNEED) = 0 <0.000012>
2435070 22:04:45.333581 madvise(0x2262b190000, 65536, MADV_DONTNEED) = 0 <0.000013>
2435070 22:04:45.333611 madvise(0x2262b1a0000, 65536, MADV_DONTNEED) = 0 <0.000013>
2435070 22:04:45.333641 madvise(0x2262b1b0000, 65536, MADV_DONTNEED) = 0 <0.000012>
2435070 22:04:45.333671 madvise(0x2262b1c0000, 65536, MADV_DONTNEED) = 0 <0.000012>
2435070 22:04:45.333701 madvise(0x2262b1d0000, 65536, MADV_DONTNEED) = 0 <0.000013>
2435070 22:04:45.333730 madvise(0x2262b1e0000, 65536, MADV_DONTNEED) = 0 <0.000017>
2435070 22:04:45.333765 madvise(0x2262b1f0000, 65536, MADV_DONTNEED) = 0 <0.000013>
2435070 22:04:45.333795 madvise(0x2262b200000, 65536, MADV_DONTNEED) = 0 <0.000032>
2435070 22:04:45.333844 madvise(0x2262b210000, 65536, MADV_DONTNEED) = 0 <0.000013>
2435070 22:04:45.333873 madvise(0x2262b220000, 65536, MADV_DONTNEED) = 0 <0.000012>
2435070 22:04:45.333902 madvise(0x2262b230000, 65536, MADV_DONTNEED) = 0 <0.000012>
2435070 22:04:45.333932 madvise(0x2262b240000, 65536, MADV_DONTNEED) = 0 <0.000012>
2435070 22:04:45.333961 madvise(0x2262b250000, 65536, MADV_DONTNEED) = 0 <0.000013>
2435070 22:04:45.333992 madvise(0x2262b260000, 65536, MADV_DONTNEED) = 0 <0.000013>
2435070 22:04:45.334024 madvise(0x2262b270000, 65536, MADV_DONTNEED) = 0 <0.000013>
2435070 22:04:45.334054 madvise(0x2262b280000, 65536, MADV_DONTNEED) = 0 <0.000013>
2435070 22:04:45.334087 madvise(0x2262b290000, 65536, MADV_DONTNEED) = 0 <0.000016>
2435070 22:04:45.334121 madvise(0x2262b2a0000, 65536, MADV_DONTNEED) = 0 <0.000013>
2435070 22:04:45.334152 madvise(0x2262b2b0000, 65536, MADV_DONTNEED) = 0 <0.000013>
2435070 22:04:45.334183 madvise(0x2262b2c0000, 65536, MADV_DONTNEED) = 0 <0.000013>
2435070 22:04:45.334214 madvise(0x2262b2d0000, 65536, MADV_DONTNEED) = 0 <0.000014>
2435070 22:04:45.334251 madvise(0x2262b2e0000, 65536, MADV_DONTNEED) = 0 <0.000013>
2435070 22:04:45.334283 madvise(0x2262b2f0000, 65536, MADV_DONTNEED) = 0 <0.000013>
2435070 22:04:45.334315 madvise(0x2262b300000, 65536, MADV_DONTNEED) = 0 <0.000016>
2435070 22:04:45.334355 madvise(0x2262b310000, 65536, MADV_DONTNEED) = 0 <0.000017>
2435070 22:04:45.334402 madvise(0x2262b320000, 65536, MADV_DONTNEED) = 0 <0.000013>
2435070 22:04:45.334436 madvise(0x2262b330000, 65536, MADV_DONTNEED) = 0 <0.000013>
2435070 22:04:45.334467 madvise(0x2262b340000, 65536, MADV_DONTNEED) = 0 <0.000013>
2435070 22:04:45.334498 madvise(0x2262b350000, 65536, MADV_DONTNEED) = 0 <0.000013>
2435070 22:04:45.334529 madvise(0x2262b360000, 65536, MADV_DONTNEED) = 0 <0.000013>
2435070 22:04:45.334559 madvise(0x2262b370000, 65536, MADV_DONTNEED) = 0 <0.000013>
2435070 22:04:45.334590 madvise(0x2262b380000, 65536, MADV_DONTNEED) = 0 <0.000013>
2435070 22:04:45.334621 madvise(0x2262b390000, 65536, MADV_DONTNEED) = 0 <0.000013>
2435070 22:04:45.334652 madvise(0x2262b3a0000, 65536, MADV_DONTNEED) = 0 <0.000013>
2435070 22:04:45.334683 madvise(0x2262b3b0000, 65536, MADV_DONTNEED) = 0 <0.000013>
2435070 22:04:45.334714 madvise(0x2262b3c0000, 65536, MADV_DONTNEED) = 0 <0.000013>
2435070 22:04:45.334749 madvise(0x2262b3d0000, 65536, MADV_DONTNEED) = 0 <0.000013>
2435070 22:04:45.334781 madvise(0x2262b3e0000, 65536, MADV_DONTNEED) = 0 <0.000013>
2435070 22:04:45.334812 madvise(0x2262b3f0000, 65536, MADV_DONTNEED) = 0 <0.000024>
2435070 22:04:45.334853 madvise(0x2262b400000, 4194304, MADV_DONTNEED) = 0 <0.000029>
2435070 22:04:45.334901 madvise(0x2262b800000, 4194304, MADV_DONTNEED) = 0 <0.000028>
2435070 22:04:45.334947 madvise(0x2262bc00000, 2228224, MADV_DONTNEED) = 0 <0.000044>
2435070 22:04:45.335010 madvise(0x2262be30000, 131072, MADV_DONTNEED) = 0 <0.000016>
2435070 22:04:45.335043 madvise(0x2262be80000, 1572864, MADV_DONTNEED) = 0 <0.000079>
2435070 22:04:45.335141 madvise(0x2262c000000, 4194304, MADV_DONTNEED) = 0 <0.000028>
2435070 22:04:45.335188 madvise(0x2262c400000, 4194304, MADV_DONTNEED) = 0 <0.000019>
2435070 22:04:45.335231 madvise(0x2262c800000, 4194304, MADV_DONTNEED) = 0 <0.000018>
2435070 22:04:45.335267 madvise(0x2262cc00000, 4194304, MADV_DONTNEED) = 0 <0.000028>
2435070 22:04:45.335313 madvise(0x2262d000000, 4194304, MADV_DONTNEED) = 0 <0.000028>
2435070 22:04:45.335359 madvise(0x2262d400000, 4194304, MADV_DONTNEED) = 0 <0.000019>
2435070 22:04:45.335395 madvise(0x2262d800000, 4194304, MADV_DONTNEED) = 0 <0.000027>
2435070 22:04:45.335440 madvise(0x2262dc00000, 4194304, MADV_DONTNEED) = 0 <0.000027>
2435070 22:04:45.335485 madvise(0x2262e000000, 4194304, MADV_DONTNEED) = 0 <0.000027>
2435070 22:04:45.335530 madvise(0x2262e400000, 917504, MADV_DONTNEED) = 0 <0.000066>
2435070 22:04:45.336581 +++ exited with 0 +++
