2435130 22:04:45.566349 mprotect(0x7ed8d7a00000, 16384, PROT_READ) = 0 <0.000015>
2435130 22:04:45.566476 mprotect(0x7ed8d7c27000, 4096, PROT_READ) = 0 <0.000015>
2435130 22:04:45.566515 mprotect(0x7ed8d7c55000, 4096, PROT_READ) = 0 <0.000013>
2435130 22:04:45.566762 mprotect(0x5ffcb6e1f000, 172032, PROT_READ) = 0 <0.000011>
2435130 22:04:45.566796 mprotect(0x7ed8d7c9d000, 8192, PROT_READ) = 0 <0.000017>
2435130 22:04:45.567135 mprotect(0x7ed8d7c62000, 4096, PROT_NONE) = 0 <0.000013>
2435130 22:04:45.567187 madvise(0x3eed7000000, 1073741824, MADV_HUGEPAGE) = 0 <0.000010>
2435130 22:04:45.646502 mprotect(0x7ed8d73c0000, 2097152, PROT_READ|PROT_WRITE) = 0 <0.000024>
2435131 22:04:45.646861 mprotect(0x7ed8d0000000, 135168, PROT_READ|PROT_WRITE) = 0 <0.000022>
2435131 22:04:45.646965 mprotect(0x7ed8d7c5f000, 4096, PROT_NONE) = 0 <0.000012>
2435130 22:04:45.681039 getrusage(RUSAGE_SELF, {ru_utime={tv_sec=0, tv_usec=48896}, ru_stime={tv_sec=0, tv_usec=65861}, ru_maxrss=63972, ru_ixrss=0, ru_idrss=0, ru_isrss=0, ru_minflt=326, ru_majflt=0, ru_nswap=0, ru_inblock=0, ru_oublock=0, ru_msgsnd=0, ru_msgrcv=0, ru_nsignals=0, ru_nvcsw=49, ru_nivcsw=4}) = 0 <0.000015>
2435130 22:04:45.747578 getrusage(RUSAGE_SELF, {ru_utime={tv_sec=0, tv_usec=115085}, ru_stime={tv_sec=0, tv_usec=66049}, ru_maxrss=63972, ru_ixrss=0, ru_idrss=0, ru_isrss=0, ru_minflt=329, ru_majflt=0, ru_nswap=0, ru_inblock=0, ru_oublock=0, ru_msgsnd=0, ru_msgrcv=0, ru_nsignals=0, ru_nvcsw=51, ru_nivcsw=4}) = 0 <0.000016>
2435130 22:04:45.747787 getrusage(RUSAGE_SELF, {ru_utime={tv_sec=0, tv_usec=115128}, ru_stime={tv_sec=0, tv_usec=66073}, ru_maxrss=63972, ru_ixrss=0, ru_idrss=0, ru_isrss=0, ru_minflt=329, ru_majflt=0, ru_nswap=0, ru_inblock=0, ru_oublock=0, ru_msgsnd=0, ru_msgrcv=0, ru_nsignals=0, ru_nvcsw=53, ru_nivcsw=4}) = 0 <0.000012>
2435131 22:04:45.747974 madvise(0x7ed8d73bf000, 2076672, MADV_DONTNEED) = 0 <0.000016>
2435131 22:04:45.748056 +++ exited with 0 +++
2435130 22:04:45.748207 madvise(0x3eed7230000, 65536, MADV_DONTNEED) = 0 <0.000040>
2435130 22:04:45.748267 madvise(0x3eed7250000, 131072, MADV_DONTNEED) = 0 <0.000016>
2435130 22:04:45.748302 madvise(0x3eed7280000, 65536, MADV_DONTNEED) = 0 <0.000013>
2435130 22:04:45.748332 madvise(0x3eed72b0000, 65536, MADV_DONTNEED) = 0 <0.000013>
2435130 22:04:45.748362 madvise(0x3eed72d0000, 655360, MADV_DONTNEED) = 0 <0.000035>
2435130 22:04:45.748415 madvise(0x3eed7380000, 524288, MADV_DONTNEED) = 0 <0.000030>
2435130 22:04:45.748463 madvise(0x3eed7400000, 4194304, MADV_DONTNEED) = 0 <0.000032>
2435130 22:04:45.748513 madvise(0x3eed7800000, 4194304, MADV_DONTNEED) = 0 <0.000028>
2435130 22:04:45.748558 madvise(0x3eed7c00000, 4194304, MADV_DONTNEED) = 0 <0.000027>
2435130 22:04:45.748603 madvise(0x3eed8000000, 1179648, MADV_DONTNEED) = 0 <0.000075>
2435130 22:04:45.748696 madvise(0x3eed8130000, 2949120, MADV_DONTNEED) = 0 <0.000058>
2435130 22:04:45.748772 madvise(0x3eed8400000, 1441792, MADV_DONTNEED) = 0 <0.000087>
2435130 22:04:45.748878 madvise(0x3eed8570000, 983040, MADV_DONTNEED) = 0 <0.000068>
2435130 22:04:45.748965 madvise(0x3eed8680000, 1572864, MADV_DONTNEED) = 0 <0.000072>
2435130 22:04:45.749056 madvise(0x3eed8800000, 4194304, MADV_DONTNEED) = 0 <0.000027>
2435130 22:04:45.749100 madvise(0x3eed8c00000, 3342336, MADV_DONTNEED) = 0 <0.000078>
2435130 22:04:45.749196 madvise(0x3eed9000000, 4194304, MADV_DONTNEED) = 0 <0.000017>
2435130 22:04:45.749232 madvise(0x3eedb000000, 4194304, MADV_DONTNEED) = 0 <0.000028>
2435130 22:04:45.749277 madvise(0x3eedb400000, 4194304, MADV_DONTNEED) = 0 <0.000027>
2435130 22:04:45.749322 madvise(0x3eedb800000, 4194304, MADV_DONTNEED) = 0 <0.000027>
2435130 22:04:45.749366 madvise(0x3eedbc00000, 4194304, MADV_DONTNEED) = 0 <0.000028>
2435130 22:04:45.749411 madvise(0x3eedc000000, 4194304, MADV_DONTNEED) = 0 <0.000027>
2435130 22:04:45.749456 madvise(0x3eedc400000, 2031616, MADV_DONTNEED) = 0 <0.000110>
2435130 22:04:45.750559 +++ exited with 0 +++
