2435190 22:04:46.037588 mprotect(0x79e3a6800000, 16384, PROT_READ) = 0 <0.000014>
2435190 22:04:46.037691 mprotect(0x79e3a6941000, 4096, PROT_READ) = 0 <0.000014>
2435190 22:04:46.037725 mprotect(0x79e3a696f000, 4096, PROT_READ) = 0 <0.000016>
2435190 22:04:46.037958 mprotect(0x5f7065796000, 172032, PROT_READ) = 0 <0.000011>
2435190 22:04:46.037991 mprotect(0x79e3a69b7000, 8192, PROT_READ) = 0 <0.000015>
2435190 22:04:46.038307 mprotect(0x79e3a697c000, 4096, PROT_NONE) = 0 <0.000013>
2435190 22:04:46.038356 madvise(0x50ad1400000, 1073741824, MADV_HUGEPAGE) = 0 <0.000010>
2435190 22:04:46.117058 mprotect(0x79e3a61c0000, 2097152, PROT_READ|PROT_WRITE) = 0 <0.000023>
2435191 22:04:46.117389 mprotect(0x79e3a0000000, 135168, PROT_READ|PROT_WRITE) = 0 <0.000020>
2435191 22:04:46.117487 mprotect(0x79e3a6979000, 4096, PROT_NONE) = 0 <0.000011>
2435190 22:04:46.151594 getrusage(RUSAGE_SELF, {ru_utime={tv_sec=0, tv_usec=40345}, ru_stime={tv_sec=0, tv_usec=73630}, ru_maxrss=63968, ru_ixrss=0, ru_idrss=0, ru_isrss=0, ru_minflt=323, ru_majflt=0, ru_nswap=0, ru_inblock=0, ru_oublock=0, ru_msgsnd=0, ru_msgrcv=0, ru_nsignals=0, ru_nvcsw=49, ru_nivcsw=2}) = 0 <0.000017>
2435190 22:04:46.217298 getrusage(RUSAGE_SELF, {ru_utime={tv_sec=0, tv_usec=105302}, ru_stime={tv_sec=0, tv_usec=74213}, ru_maxrss=63968, ru_ixrss=0, ru_idrss=0, ru_isrss=0, ru_minflt=327, ru_majflt=0, ru_nswap=0, ru_inblock=0, ru_oublock=0, ru_msgsnd=0, ru_msgrcv=0, ru_nsignals=0, ru_nvcsw=51, ru_nivcsw=2}) = 0 <0.000015>
2435190 22:04:46.217461 getrusage(RUSAGE_SELF, {ru_utime={tv_sec=0, tv_usec=105341}, ru_stime={tv_sec=0, tv_usec=74240}, ru_maxrss=63968, ru_ixrss=0, ru_idrss=0, ru_isrss=0, ru_minflt=327, ru_majflt=0, ru_nswap=0, ru_inblock=0, ru_oublock=0, ru_msgsnd=0, ru_msgrcv=0, ru_nsignals=0, ru_nvcsw=53, ru_nivcsw=2}) = 0 <0.000011>
2435191 22:04:46.217643 madvise(0x79e3a61bf000, 2076672, MADV_DONTNEED) = 0 <0.000015>
2435191 22:04:46.217724 +++ exited with 0 +++
2435190 22:04:46.217958 madvise(0x50ad1630000, 65536, MADV_DONTNEED) = 0 <0.000040>
2435190 22:04:46.218017 madvise(0x50ad1650000, 131072, MADV_DONTNEED) = 0 <0.000016>
2435190 22:04:46.218051 madvise(0x50ad1680000, 65536, MADV_DONTNEED) = 0 <0.000013>
2435190 22:04:46.218081 madvise(0x50ad16b0000, 65536, MADV_DONTNEED) = 0 <0.000013>
2435190 22:04:46.218111 madvise(0x50ad16d0000, 655360, MADV_DONTNEED) = 0 <0.000035>
2435190 22:04:46.218164 madvise(0x50ad1780000, 524288, MADV_DONTNEED) = 0 <0.000030>
2435190 22:04:46.218212 madvise(0x50ad1800000, 4194304, MADV_DONTNEED) = 0 <0.000031>
2435190 22:04:46.218260 madvise(0x50ad1c00000, 4194304, MADV_DONTNEED) = 0 <0.000028>
2435190 22:04:46.218306 madvise(0x50ad2000000, 4194304, MADV_DONTNEED) = 0 <0.000027>
2435190 22:04:46.218350 madvise(0x50ad2400000, 1179648, MADV_DONTNEED) = 0 <0.000075>
2435190 22:04:46.218443 madvise(0x50ad2530000, 2949120, MADV_DONTNEED) = 0 <0.000053>
2435190 22:04:46.218514 madvise(0x50ad2800000, 1441792, MADV_DONTNEED) = 0 <0.000086>
2435190 22:04:46.218618 madvise(0x50ad2970000, 1048576, MADV_DONTNEED) = 0 <0.000070>
2435190 22:04:46.218705 madvise(0x50ad2a80000, 1572864, MADV_DONTNEED) = 0 <0.000080>
2435190 22:04:46.218805 madvise(0x50ad2c00000, 4194304, MADV_DONTNEED) = 0 <0.000028>
2435190 22:04:46.218852 madvise(0x50ad3000000, 3342336, MADV_DONTNEED) = 0 <0.000077>
2435190 22:04:46.218947 madvise(0x50ad3400000, 4194304, MADV_DONTNEED) = 0 <0.000018>
2435190 22:04:46.218982 madvise(0x50ad5400000, 4194304, MADV_DONTNEED) = 0 <0.000028>
2435190 22:04:46.219027 madvise(0x50ad5800000, 4194304, MADV_DONTNEED) = 0 <0.000027>
2435190 22:04:46.219072 madvise(0x50ad5c00000, 4194304, MADV_DONTNEED) = 0 <0.000027>
2435190 22:04:46.219116 madvise(0x50ad6000000, 4194304, MADV_DONTNEED) = 0 <0.000026>
2435190 22:04:46.219159 madvise(0x50ad6400000, 4194304, MADV_DONTNEED) = 0 <0.000027>
2435190 22:04:46.219203 madvise(0x50ad6800000, 2031616, MADV_DONTNEED) = 0 <0.000109>
2435190 22:04:46.220306 +++ exited with 0 +++
