2435250 22:04:46.495988 mprotect(0x722f1ca00000, 16384, PROT_READ) = 0 <0.000015>
2435250 22:04:46.496098 mprotect(0x722f1cb60000, 4096, PROT_READ) = 0 <0.000014>
2435250 22:04:46.496134 mprotect(0x722f1cb8e000, 4096, PROT_READ) = 0 <0.000012>
2435250 22:04:46.496355 mprotect(0x56dd0991a000, 172032, PROT_READ) = 0 <0.000011>
2435250 22:04:46.496386 mprotect(0x722f1cbd6000, 8192, PROT_READ) = 0 <0.000015>
2435250 22:04:46.496721 mprotect(0x722f1cb9b000, 4096, PROT_NONE) = 0 <0.000012>
2435250 22:04:46.496769 madvise(0x5724b800000, 1073741824, MADV_HUGEPAGE) = 0 <0.000010>
2435250 22:04:46.523176 mprotect(0x722f1c3c0000, 2097152, PROT_READ|PROT_WRITE) = 0 <0.000023>
2435251 22:04:46.523530 mprotect(0x722f18000000, 135168, PROT_READ|PROT_WRITE) = 0 <0.000022>
2435251 22:04:46.523633 mprotect(0x722f1cb98000, 4096, PROT_NONE) = 0 <0.000013>
2435250 22:04:46.557284 getrusage(RUSAGE_SELF, {ru_utime={tv_sec=0, tv_usec=37277}, ru_stime={tv_sec=0, tv_usec=24180}, ru_maxrss=59868, ru_ixrss=0, ru_idrss=0, ru_isrss=0, ru_minflt=322, ru_majflt=0, ru_nswap=0, ru_inblock=0, ru_oublock=0, ru_msgsnd=0, ru_msgrcv=0, ru_nsignals=0, ru_nvcsw=49, ru_nivcsw=1}) = 0 <0.000016>
2435250 22:04:46.622452 getrusage(RUSAGE_SELF, {ru_utime={tv_sec=0, tv_usec=102242}, ru_stime={tv_sec=0, tv_usec=24180}, ru_maxrss=61920, ru_ixrss=0, ru_idrss=0, ru_isrss=0, ru_minflt=326, ru_majflt=0, ru_nswap=0, ru_inblock=0, ru_oublock=0, ru_msgsnd=0, ru_msgrcv=0, ru_nsignals=0, ru_nvcsw=51, ru_nivcsw=3}) = 0 <0.000017>
2435250 22:04:46.622619 getrusage(RUSAGE_SELF, {ru_utime={tv_sec=0, tv_usec=102310}, ru_stime={tv_sec=0, tv_usec=24180}, ru_maxrss=61920, ru_ixrss=0, ru_idrss=0, ru_isrss=0, ru_minflt=326, ru_majflt=0, ru_nswap=0, ru_inblock=0, ru_oublock=0, ru_msgsnd=0, ru_msgrcv=0, ru_nsignals=0, ru_nvcsw=53, ru_nivcsw=3}) = 0 <0.000011>
2435251 22:04:46.622896 madvise(0x722f1c3bf000, 2076672, MADV_DONTNEED) = 0 <0.000017>
2435251 22:04:46.622984 +++ exited with 0 +++
2435250 22:04:46.623179 madvise(0x5724ba30000, 65536, MADV_DONTNEED) = 0 <0.000039>
2435250 22:04:46.623237 madvise(0x5724ba50000, 131072, MADV_DONTNEED) = 0 <0.000016>
2435250 22:04:46.623271 madvise(0x5724ba80000, 65536, MADV_DONTNEED) = 0 <0.000013>
2435250 22:04:46.623301 madvise(0x5724baa0000, 131072, MADV_DONTNEED) = 0 <0.000016>
2435250 22:04:46.623334 madvise(0x5724bad0000, 655360, MADV_DONTNEED) = 0 <0.000036>
2435250 22:04:46.623388 madvise(0x5724bb80000, 524288, MADV_DONTNEED) = 0 <0.000030>
2435250 22:04:46.623436 madvise(0x5724bc00000, 65536, MADV_DONTNEED) = 0 <0.000031>
2435250 22:04:46.623484 madvise(0x5724bc10000, 65536, MADV_DONTNEED) = 0 <0.000013>
2435250 22:04:46.623515 madvise(0x5724bc20000, 65536, MADV_DONTNEED) = 0 <0.000015>
2435250 22:04:46.623549 madvise(0x5724bc30000, 65536, MADV_DONTNEED) = 0 <0.000013>
2435250 22:04:46.623579 madvise(0x5724bc50000, 65536, MADV_DONTNEED) = 0 <0.000013>
2435250 22:04:46.623609 madvise(0x5724bc60000, 65536, MADV_DONTNEED) = 0 <0.000013>
2435250 22:04:46.623639 madvise(0x5724bc70000, 65536, MADV_DONTNEED) = 0 <0.000013>
2435250 22:04:46.623669 madvise(0x5724bc80000, 65536, MADV_DONTNEED) = 0 <0.000013>
2435250 22:04:46.623698 madvise(0x5724bc90000, 65536, MADV_DONTNEED) = 0 <0.000013>
2435250 22:04:46.623728 madvise(0x5724bca0000, 65536, MADV_DONTNEED) = 0 <0.000018>
2435250 22:04:46.623764 madvise(0x5724bcb0000, 65536, MADV_DONTNEED) = 0 <0.000012>
2435250 22:04:46.623794 madvise(0x5724bcd0000, 65536, MADV_DONTNEED) = 0 <0.000013>
2435250 22:04:46.623824 madvise(0x5724bce0000, 65536, MADV_DONTNEED) = 0 <0.000013>
2435250 22:04:46.623854 madvise(0x5724bcf0000, 65536, MADV_DONTNEED) = 0 <0.000013>
2435250 22:04:46.623884 madvise(0x5724bd00000, 65536, MADV_DONTNEED) = 0 <0.000012>
2435250 22:04:46.623913 madvise(0x5724bd10000, 65536, MADV_DONTNEED) = 0 <0.000013>
2435250 22:04:46.623943 madvise(0x5724bd20000, 65536, MADV_DONTNEED) = 0 <0.000013>
2435250 22:04:46.623973 madvise(0x5724bd30000, 65536, MADV_DONTNEED) = 0 <0.000013>
2435250 22:04:46.624003 madvise(0x5724bd40000, 65536, MADV_DONTNEED) = 0 <0.000013>
2435250 22:04:46.624032 madvise(0x5724bd50000, 65536, MADV_DONTNEED) = 0 <0.000013>
2435250 22:04:46.624070 madvise(0x5724bd60000, 65536, MADV_DONTNEED) = 0 <0.000013>
2435250 22:04:46.624100 madvise(0x5724bd70000, 65536, MADV_DONTNEED) = 0 <0.000013>
2435250 22:04:46.624130 madvise(0x5724bd80000, 65536, MADV_DONTNEED) = 0 <0.000013>
2435250 22:04:46.624159 madvise(0x5724bd90000, 65536, MADV_DONTNEED) = 0 <0.000013>
2435250 22:04:46.624189 madvise(0x5724bda0000, 65536, MADV_DONTNEED) = 0 <0.000013>
2435250 22:04:46.624219 madvise(0x5724bdb0000, 65536, MADV_DONTNEED) = 0 <0.000013>
2435250 22:04:46.624248 madvise(0x5724bdc0000, 65536, MADV_DONTNEED) = 0 <0.000013>
2435250 22:04:46.624278 madvise(0x5724bdd0000, 65536, MADV_DONTNEED) = 0 <0.000013>
2435250 22:04:46.624309 madvise(0x5724bde0000, 65536, MADV_DONTNEED) = 0 <0.000013>
2435250 22:04:46.624339 madvise(0x5724bdf0000, 65536, MADV_DONTNEED) = 0 <0.000013>
2435250 22:04:46.624369 madvise(0x5724be00000, 65536, MADV_DONTNEED) = 0 <0.000031>
2435250 22:04:46.624418 madvise(0x5724be10000, 65536, MADV_DONTNEED) = 0 <0.000013>
2435250 22:04:46.624448 madvise(0x5724be20000, 65536, MADV_DONTNEED) = 0 <0.000013>
2435250 22:04:46.624477 madvise(0x5724be30000, 65536, MADV_DONTNEED) = 0 <0.000013>
2435250 22:04:46.624508 madvise(0x5724be40000, 65536, MADV_DONTNEED) = 0 <0.000014>
2435250 22:04:46.624540 madvise(0x5724be50000, 65536, MADV_DONTNEED) = 0 <0.000014>
2435250 22:04:46.624572 madvise(0x5724be60000, 65536, MADV_DONTNEED) = 0 <0.000013>
2435250 22:04:46.624602 madvise(0x5724be70000, 65536, MADV_DONTNEED) = 0 <0.000013>
2435250 22:04:46.624632 madvise(0x5724be80000, 65536, MADV_DONTNEED) = 0 <0.000013>
2435250 22:04:46.624662 madvise(0x5724be90000, 65536, MADV_DONTNEED) = 0 <0.000013>
2435250 22:04:46.624691 madvise(0x5724bea0000, 65536, MADV_DONTNEED) = 0 <0.000013>
2435250 22:04:46.624721 madvise(0x5724beb0000, 65536, MADV_DONTNEED) = 0 <0.000013>
2435250 22:04:46.624802 madvise(0x5724bec0000, 65536, MADV_DONTNEED) = 0 <0.000013>
2435250 22:04:46.624832 madvise(0x5724bed0000, 65536, MADV_DONTNEED) = 0 <0.000013>
2435250 22:04:46.624862 madvise(0x5724bee0000, 65536, MADV_DONTNEED) = 0 <0.000013>
2435250 22:04:46.624891 madvise(0x5724bef0000, 65536, MADV_DONTNEED) = 0 <0.000012>
2435250 22:04:46.624921 madvise(0x5724bf00000, 65536, MADV_DONTNEED) = 0 <0.000013>
2435250 22:04:46.624951 madvise(0x5724bf10000, 65536, MADV_DONTNEED) = 0 <0.000013>
2435250 22:04:46.624981 madvise(0x5724bf20000, 65536, MADV_DONTNEED) = 0 <0.000013>
2435250 22:04:46.625011 madvise(0x5724bf30000, 65536, MADV_DONTNEED) = 0 <0.000013>
2435250 22:04:46.625041 madvise(0x5724bf40000, 65536, MADV_DONTNEED) = 0 <0.000013>
2435250 22:04:46.625070 madvise(0x5724bf50000, 65536, MADV_DONTNEED) = 0 <0.000013>
2435250 22:04:46.625100 madvise(0x5724bf60000, 65536, MADV_DONTNEED) = 0 <0.000013>
2435250 22:04:46.625130 madvise(0x5724bf70000, 65536, MADV_DONTNEED) = 0 <0.000013>
2435250 22:04:46.625160 madvise(0x5724bf80000, 65536, MADV_DONTNEED) = 0 <0.000013>
2435250 22:04:46.625190 madvise(0x5724bf90000, 65536, MADV_DONTNEED) = 0 <0.000013>
2435250 22:04:46.625220 madvise(0x5724bfa0000, 65536, MADV_DONTNEED) = 0 <0.000013>
2435250 22:04:46.625250 madvise(0x5724bfb0000, 65536, MADV_DONTNEED) = 0 <0.000013>
2435250 22:04:46.625280 madvise(0x5724bfc0000, 65536, MADV_DONTNEED) = 0 <0.000013>
2435250 22:04:46.625310 madvise(0x5724bfd0000, 65536, MADV_DONTNEED) = 0 <0.000013>
2435250 22:04:46.625340 madvise(0x5724bfe0000, 65536, MADV_DONTNEED) = 0 <0.000013>
2435250 22:04:46.625370 madvise(0x5724bff0000, 65536, MADV_DONTNEED) = 0 <0.000022>
2435250 22:04:46.625409 madvise(0x5724c000000, 4194304, MADV_DONTNEED) = 0 <0.000029>
2435250 22:04:46.625455 madvise(0x5724c400000, 4194304, MADV_DONTNEED) = 0 <0.000027>
2435250 22:04:46.625500 madvise(0x5724c800000, 2228224, MADV_DONTNEED) = 0 <0.000043>
2435250 22:04:46.625560 madvise(0x5724ca30000, 131072, MADV_DONTNEED) = 0 <0.000016>
2435250 22:04:46.625593 madvise(0x5724ca80000, 1572864, MADV_DONTNEED) = 0 <0.000073>
2435250 22:04:46.625684 madvise(0x5724cc00000, 4194304, MADV_DONTNEED) = 0 <0.000029>
2435250 22:04:46.625732 madvise(0x5724d000000, 4194304, MADV_DONTNEED) = 0 <0.000023>
2435250 22:04:46.625777 madvise(0x5724d400000, 4194304, MADV_DONTNEED) = 0 <0.000018>
2435250 22:04:46.625814 madvise(0x5724d800000, 4194304, MADV_DONTNEED) = 0 <0.000029>
2435250 22:04:46.625861 madvise(0x5724dc00000, 4194304, MADV_DONTNEED) = 0 <0.000031>
2435250 22:04:46.625914 madvise(0x5724e000000, 4194304, MADV_DONTNEED) = 0 <0.000018>
2435250 22:04:46.625950 madvise(0x5724e400000, 4194304, MADV_DONTNEED) = 0 <0.000028>
2435250 22:04:46.625996 madvise(0x5724e800000, 4194304, MADV_DONTNEED) = 0 <0.000027>
2435250 22:04:46.626041 madvise(0x5724ec00000, 4194304, MADV_DONTNEED) = 0 <0.000028>
2435250 22:04:46.626087 madvise(0x5724f000000, 917504, MADV_DONTNEED) = 0 <0.000066>
2435250 22:04:46.627218 +++ exited with 0 +++
