2435310 22:04:46.901053 mprotect(0x7bab0fe00000, 16384, PROT_READ) = 0 <0.000017>
2435310 22:04:46.901173 mprotect(0x7bab0ffac000, 4096, PROT_READ) = 0 <0.000015>
2435310 22:04:46.901210 mprotect(0x7bab0ffda000, 4096, PROT_READ) = 0 <0.000011>
2435310 22:04:46.901425 mprotect(0x596f0f98a000, 172032, PROT_READ) = 0 <0.000011>
2435310 22:04:46.901457 mprotect(0x7bab10022000, 8192, PROT_READ) = 0 <0.000015>
2435310 22:04:46.901784 mprotect(0x7bab0ffe7000, 4096, PROT_NONE) = 0 <0.000013>
2435310 22:04:46.901828 madvise(0x30bce800000, 1073741824, MADV_HUGEPAGE) = 0 <0.000009>
2435310 22:04:46.927789 mprotect(0x7bab0f7c0000, 2097152, PROT_READ|PROT_WRITE) = 0 <0.000024>
2435311 22:04:46.928141 mprotect(0x7bab08000000, 135168, PROT_READ|PROT_WRITE) = 0 <0.000021>
2435311 22:04:46.928247 mprotect(0x7bab0ffe4000, 4096, PROT_NONE) = 0 <0.000012>
2435310 22:04:46.962139 getrusage(RUSAGE_SELF, {ru_utime={tv_sec=0, tv_usec=37404}, ru_stime={tv_sec=0, tv_usec=23623}, ru_maxrss=59872, ru_ixrss=0, ru_idrss=0, ru_isrss=0, ru_minflt=323, ru_majflt=0, ru_nswap=0, ru_inblock=0, ru_oublock=0, ru_msgsnd=0, ru_msgrcv=0, ru_nsignals=0, ru_nvcsw=49, ru_nivcsw=3}) = 0 <0.000020>
2435310 22:04:47.026987 getrusage(RUSAGE_SELF, {ru_utime={tv_sec=0, tv_usec=101928}, ru_stime={tv_sec=0, tv_usec=23750}, ru_maxrss=61924, ru_ixrss=0, ru_idrss=0, ru_isrss=0, ru_minflt=327, ru_majflt=0, ru_nswap=0, ru_inblock=0, ru_oublock=0, ru_msgsnd=0, ru_msgrcv=0, ru_nsignals=0, ru_nvcsw=51, ru_nivcsw=3}) = 0 <0.000020>
2435310 22:04:47.027181 getrusage(RUSAGE_SELF, {ru_utime={tv_sec=0, tv_usec=101995}, ru_stime={tv_sec=0, tv_usec=23766}, ru_maxrss=61924, ru_ixrss=0, ru_idrss=0, ru_isrss=0, ru_minflt=327, ru_majflt=0, ru_nswap=0, ru_inblock=0, ru_oublock=0, ru_msgsnd=0, ru_msgrcv=0, ru_nsignals=0, ru_nvcsw=53, ru_nivcsw=3}) = 0 <0.000013>
2435311 22:04:47.027434 madvise(0x7bab0f7bf000, 2076672, MADV_DONTNEED) = 0 <0.000018>
2435311 22:04:47.027528 +++ exited with 0 +++
2435310 22:04:47.027801 madvise(0x30bcea30000, 65536, MADV_DONTNEED) = 0 <0.000039>
2435310 22:04:47.027860 madvise(0x30bcea50000, 131072, MADV_DONTNEED) = 0 <0.000016>
2435310 22:04:47.027893 madvise(0x30bcea80000, 65536, MADV_DONTNEED) = 0 <0.000013>
2435310 22:04:47.027923 madvise(0x30bceaa0000, 131072, MADV_DONTNEED) = 0 <0.000016>
2435310 22:04:47.027956 madvise(0x30bcead0000, 655360, MADV_DONTNEED) = 0 <0.000035>
2435310 22:04:47.028009 madvise(0x30bceb80000, 524288, MADV_DONTNEED) = 0 <0.000030>
2435310 22:04:47.028056 madvise(0x30bcec00000, 65536, MADV_DONTNEED) = 0 <0.000031>
2435310 22:04:47.028104 madvise(0x30bcec10000, 65536, MADV_DONTNEED) = 0 <0.000014>
2435310 22:04:47.028135 madvise(0x30bcec20000, 65536, MADV_DONTNEED) = 0 <0.000013>
2435310 22:04:47.028164 madvise(0x30bcec30000, 65536, MADV_DONTNEED) = 0 <0.000012>
2435310 22:04:47.028194 madvise(0x30bcec50000, 65536, MADV_DONTNEED) = 0 <0.000012>
2435310 22:04:47.028224 madvise(0x30bcec60000, 65536, MADV_DONTNEED) = 0 <0.000012>
2435310 22:04:47.028253 madvise(0x30bcec70000, 65536, MADV_DONTNEED) = 0 <0.000012>
2435310 22:04:47.028283 madvise(0x30bcec80000, 65536, MADV_DONTNEED) = 0 <0.000013>
2435310 22:04:47.028312 madvise(0x30bcec90000, 65536, MADV_DONTNEED) = 0 <0.000013>
2435310 22:04:47.028342 madvise(0x30bceca0000, 65536, MADV_DONTNEED) = 0 <0.000012>
2435310 22:04:47.028371 madvise(0x30bcecb0000, 65536, MADV_DONTNEED) = 0 <0.000012>
2435310 22:04:47.028401 madvise(0x30bcecd0000, 65536, MADV_DONTNEED) = 0 <0.000012>
2435310 22:04:47.028430 madvise(0x30bcece0000, 65536, MADV_DONTNEED) = 0 <0.000012>
2435310 22:04:47.028460 madvise(0x30bcecf0000, 65536, MADV_DONTNEED) = 0 <0.000012>
2435310 22:04:47.028489 madvise(0x30bced00000, 65536, MADV_DONTNEED) = 0 <0.000012>
2435310 22:04:47.028519 madvise(0x30bced10000, 65536, MADV_DONTNEED) = 0 <0.000012>
2435310 22:04:47.028548 madvise(0x30bced20000, 65536, MADV_DONTNEED) = 0 <0.000012>
2435310 22:04:47.028578 madvise(0x30bced30000, 65536, MADV_DONTNEED) = 0 <0.000012>
2435310 22:04:47.028607 madvise(0x30bced40000, 65536, MADV_DONTNEED) = 0 <0.000012>
2435310 22:04:47.028637 madvise(0x30bced50000, 65536, MADV_DONTNEED) = 0 <0.000013>
2435310 22:04:47.028674 madvise(0x30bced60000, 65536, MADV_DONTNEED) = 0 <0.000012>
2435310 22:04:47.028703 madvise(0x30bced70000, 65536, MADV_DONTNEED) = 0 <0.000012>
2435310 22:04:47.028733 madvise(0x30bced80000, 65536, MADV_DONTNEED) = 0 <0.000017>
2435310 22:04:47.028767 madvise(0x30bced90000, 65536, MADV_DONTNEED) = 0 <0.000013>
2435310 22:04:47.028797 madvise(0x30bceda0000, 65536, MADV_DONTNEED) = 0 <0.000012>
2435310 22:04:47.028827 madvise(0x30bcedb0000, 65536, MADV_DONTNEED) = 0 <0.000012>
2435310 22:04:47.028856 madvise(0x30bcedc0000, 65536, MADV_DONTNEED) = 0 <0.000013>
2435310 22:04:47.028886 madvise(0x30bcedd0000, 65536, MADV_DONTNEED) = 0 <0.000013>
2435310 22:04:47.028915 madvise(0x30bcede0000, 65536, MADV_DONTNEED) = 0 <0.000012>
2435310 22:04:47.028945 madvise(0x30bcedf0000, 65536, MADV_DONTNEED) = 0 <0.000013>
2435310 22:04:47.028975 madvise(0x30bcee00000, 65536, MADV_DONTNEED) = 0 <0.000031>
2435310 22:04:47.029023 madvise(0x30bcee10000, 65536, MADV_DONTNEED) = 0 <0.000013>
2435310 22:04:47.029053 madvise(0x30bcee20000, 65536, MADV_DONTNEED) = 0 <0.000015>
2435310 22:04:47.029085 madvise(0x30bcee30000, 65536, MADV_DONTNEED) = 0 <0.000013>
2435310 22:04:47.029115 madvise(0x30bcee40000, 65536, MADV_DONTNEED) = 0 <0.000012>
2435310 22:04:47.029144 madvise(0x30bcee50000, 65536, MADV_DONTNEED) = 0 <0.000012>
2435310 22:04:47.029174 madvise(0x30bcee60000, 65536, MADV_DONTNEED) = 0 <0.000012>
2435310 22:04:47.029204 madvise(0x30bcee70000, 65536, MADV_DONTNEED) = 0 <0.000012>
2435310 22:04:47.029233 madvise(0x30bcee80000, 65536, MADV_DONTNEED) = 0 <0.000012>
2435310 22:04:47.029262 madvise(0x30bcee90000, 65536, MADV_DONTNEED) = 0 <0.000013>
2435310 22:04:47.029292 madvise(0x30bceea0000, 65536, MADV_DONTNEED) = 0 <0.000012>
2435310 22:04:47.029321 madvise(0x30bceeb0000, 65536, MADV_DONTNEED) = 0 <0.000012>
2435310 22:04:47.029351 madvise(0x30bceec0000, 65536, MADV_DONTNEED) = 0 <0.000012>
2435310 22:04:47.029380 madvise(0x30bceed0000, 65536, MADV_DONTNEED) = 0 <0.000012>
2435310 22:04:47.029410 madvise(0x30bceee0000, 65536, MADV_DONTNEED) = 0 <0.000012>
2435310 22:04:47.029439 madvise(0x30bceef0000, 65536, MADV_DONTNEED) = 0 <0.000013>
2435310 22:04:47.029469 madvise(0x30bcef00000, 65536, MADV_DONTNEED) = 0 <0.000012>
2435310 22:04:47.029498 madvise(0x30bcef10000, 65536, MADV_DONTNEED) = 0 <0.000012>
2435310 22:04:47.029528 madvise(0x30bcef20000, 65536, MADV_DONTNEED) = 0 <0.000012>
2435310 22:04:47.029557 madvise(0x30bcef30000, 65536, MADV_DONTNEED) = 0 <0.000012>
2435310 22:04:47.029587 madvise(0x30bcef40000, 65536, MADV_DONTNEED) = 0 <0.000012>
2435310 22:04:47.029616 madvise(0x30bcef50000, 65536, MADV_DONTNEED) = 0 <0.000012>
2435310 22:04:47.029646 madvise(0x30bcef60000, 65536, MADV_DONTNEED) = 0 <0.000012>
2435310 22:04:47.029676 madvise(0x30bcef70000, 65536, MADV_DONTNEED) = 0 <0.000013>
2435310 22:04:47.029705 madvise(0x30bcef80000, 65536, MADV_DONTNEED) = 0 <0.000013>
2435310 22:04:47.029735 madvise(0x30bcef90000, 65536, MADV_DONTNEED) = 0 <0.000063>
2435310 22:04:47.029816 madvise(0x30bcefa0000, 65536, MADV_DONTNEED) = 0 <0.000012>
2435310 22:04:47.029845 madvise(0x30bcefb0000, 65536, MADV_DONTNEED) = 0 <0.000012>
2435310 22:04:47.029875 madvise(0x30bcefc0000, 65536, MADV_DONTNEED) = 0 <0.000012>
2435310 22:04:47.029904 madvise(0x30bcefd0000, 65536, MADV_DONTNEED) = 0 <0.000012>
2435310 22:04:47.029934 madvise(0x30bcefe0000, 65536, MADV_DONTNEED) = 0 <0.000012>
2435310 22:04:47.029963 madvise(0x30bceff0000, 65536, MADV_DONTNEED) = 0 <0.000023>
2435310 22:04:47.030003 madvise(0x30bcf000000, 4194304, MADV_DONTNEED) = 0 <0.000028>
2435310 22:04:47.030048 madvise(0x30bcf400000, 4194304, MADV_DONTNEED) = 0 <0.000026>
2435310 22:04:47.030092 madvise(0x30bcf800000, 2228224, MADV_DONTNEED) = 0 <0.000043>
2435310 22:04:47.030152 madvise(0x30bcfa30000, 131072, MADV_DONTNEED) = 0 <0.000016>
2435310 22:04:47.030185 madvise(0x30bcfa80000, 1572864, MADV_DONTNEED) = 0 <0.000072>
2435310 22:04:47.030275 madvise(0x30bcfc00000, 4194304, MADV_DONTNEED) = 0 <0.000030>
2435310 22:04:47.030325 madvise(0x30bd0000000, 4194304, MADV_DONTNEED) = 0 <0.000021>
2435310 22:04:47.030366 madvise(0x30bd0400000, 4194304, MADV_DONTNEED) = 0 <0.000018>
2435310 22:04:47.030402 madvise(0x30bd0800000, 4194304, MADV_DONTNEED) = 0 <0.000027>
2435310 22:04:47.030446 madvise(0x30bd0c00000, 4194304, MADV_DONTNEED) = 0 <0.000027>
2435310 22:04:47.030490 madvise(0x30bd1000000, 4194304, MADV_DONTNEED) = 0 <0.000018>
2435310 22:04:47.030525 madvise(0x30bd1400000, 4194304, MADV_DONTNEED) = 0 <0.000028>
2435310 22:04:47.030570 madvise(0x30bd1800000, 4194304, MADV_DONTNEED) = 0 <0.000027>
2435310 22:04:47.030614 madvise(0x30bd1c00000, 4194304, MADV_DONTNEED) = 0 <0.000027>
2435310 22:04:47.030659 madvise(0x30bd2000000, 917504, MADV_DONTNEED) = 0 <0.000065>
2435310 22:04:47.031702 +++ exited with 0 +++
