2435370 22:04:47.263640 mprotect(0x731980000000, 16384, PROT_READ) = 0 <0.000014>
2435370 22:04:47.263749 mprotect(0x731980163000, 4096, PROT_READ) = 0 <0.000014>
2435370 22:04:47.263784 mprotect(0x731980191000, 4096, PROT_READ) = 0 <0.000012>
2435370 22:04:47.264011 mprotect(0x6055a4873000, 172032, PROT_READ) = 0 <0.000011>
2435370 22:04:47.264042 mprotect(0x7319801d9000, 8192, PROT_READ) = 0 <0.000015>
2435370 22:04:47.264351 mprotect(0x73198019e000, 4096, PROT_NONE) = 0 <0.000012>
2435370 22:04:47.264404 madvise(0x46337400000, 1073741824, MADV_HUGEPAGE) = 0 <0.000009>
2435370 22:04:47.343572 mprotect(0x73197f9c0000, 2097152, PROT_READ|PROT_WRITE) = 0 <0.000024>
2435371 22:04:47.343929 mprotect(0x731978000000, 135168, PROT_READ|PROT_WRITE) = 0 <0.000020>
2435371 22:04:47.344031 mprotect(0x73198019b000, 4096, PROT_NONE) = 0 <0.000011>
2435370 22:04:47.378938 getrusage(RUSAGE_SELF, {ru_utime={tv_sec=0, tv_usec=45508}, ru_stime={tv_sec=0, tv_usec=69779}, ru_maxrss=63972, ru_ixrss=0, ru_idrss=0, ru_isrss=0, ru_minflt=326, ru_majflt=0, ru_nswap=0, ru_inblock=0, ru_oublock=0, ru_msgsnd=0, ru_msgrcv=0, ru_nsignals=0, ru_nvcsw=49, ru_nivcsw=3}) = 0 <0.000016>
2435370 22:04:47.443475 getrusage(RUSAGE_SELF, {ru_utime={tv_sec=0, tv_usec=109874}, ru_stime={tv_sec=0, tv_usec=69779}, ru_maxrss=63972, ru_ixrss=0, ru_idrss=0, ru_isrss=0, ru_minflt=330, ru_majflt=0, ru_nswap=0, ru_inblock=0, ru_oublock=0, ru_msgsnd=0, ru_msgrcv=0, ru_nsignals=0, ru_nvcsw=51, ru_nivcsw=3}) = 0 <0.000016>
2435370 22:04:47.443639 getrusage(RUSAGE_SELF, {ru_utime={tv_sec=0, tv_usec=109940}, ru_stime={tv_sec=0, tv_usec=69779}, ru_maxrss=63972, ru_ixrss=0, ru_idrss=0, ru_isrss=0, ru_minflt=330, ru_majflt=0, ru_nswap=0, ru_inblock=0, ru_oublock=0, ru_msgsnd=0, ru_msgrcv=0, ru_nsignals=0, ru_nvcsw=53, ru_nivcsw=3}) = 0 <0.000012>
2435371 22:04:47.443823 madvise(0x73197f9bf000, 2076672, MADV_DONTNEED) = 0 <0.000016>
2435371 22:04:47.443906 +++ exited with 0 +++
2435370 22:04:47.444081 madvise(0x46337630000, 65536, MADV_DONTNEED) = 0 <0.000044>
2435370 22:04:47.444149 madvise(0x46337650000, 131072, MADV_DONTNEED) = 0 <0.000018>
2435370 22:04:47.444190 madvise(0x46337680000, 65536, MADV_DONTNEED) = 0 <0.000014>
2435370 22:04:47.444224 madvise(0x463376b0000, 65536, MADV_DONTNEED) = 0 <0.000013>
2435370 22:04:47.444255 madvise(0x463376d0000, 655360, MADV_DONTNEED) = 0 <0.000036>
2435370 22:04:47.444308 madvise(0x46337780000, 524288, MADV_DONTNEED) = 0 <0.000030>
2435370 22:04:47.444356 madvise(0x46337800000, 4194304, MADV_DONTNEED) = 0 <0.000032>
2435370 22:04:47.444406 madvise(0x46337c00000, 4194304, MADV_DONTNEED) = 0 <0.000028>
2435370 22:04:47.444451 madvise(0x46338000000, 4194304, MADV_DONTNEED) = 0 <0.000027>
2435370 22:04:47.444495 madvise(0x46338400000, 1179648, MADV_DONTNEED) = 0 <0.000076>
2435370 22:04:47.444588 madvise(0x46338530000, 2949120, MADV_DONTNEED) = 0 <0.000053>
2435370 22:04:47.444659 madvise(0x46338800000, 1441792, MADV_DONTNEED) = 0 <0.000093>
2435370 22:04:47.444770 madvise(0x46338970000, 983040, MADV_DONTNEED) = 0 <0.000068>
2435370 22:04:47.444856 madvise(0x46338a80000, 1572864, MADV_DONTNEED) = 0 <0.000073>
2435370 22:04:47.444947 madvise(0x46338c00000, 4194304, MADV_DONTNEED) = 0 <0.000028>
2435370 22:04:47.444993 madvise(0x46339000000, 3342336, MADV_DONTNEED) = 0 <0.000078>
2435370 22:04:47.445092 madvise(0x46339400000, 4194304, MADV_DONTNEED) = 0 <0.000020>
2435370 22:04:47.445130 madvise(0x4633b400000, 4194304, MADV_DONTNEED) = 0 <0.000028>
2435370 22:04:47.445176 madvise(0x4633b800000, 4194304, MADV_DONTNEED) = 0 <0.000027>
2435370 22:04:47.445221 madvise(0x4633bc00000, 4194304, MADV_DONTNEED) = 0 <0.000028>
2435370 22:04:47.445265 madvise(0x4633c000000, 4194304, MADV_DONTNEED) = 0 <0.000028>
2435370 22:04:47.445310 madvise(0x4633c400000, 4194304, MADV_DONTNEED) = 0 <0.000027>
2435370 22:04:47.445355 madvise(0x4633c800000, 2031616, MADV_DONTNEED) = 0 <0.000112>
2435370 22:04:47.446473 +++ exited with 0 +++
