2435433 22:04:47.688990 mprotect(0x7d41a2800000, 16384, PROT_READ) = 0 <0.000014>
2435433 22:04:47.689102 mprotect(0x7d41a2a4a000, 4096, PROT_READ) = 0 <0.000016>
2435433 22:04:47.689139 mprotect(0x7d41a2a78000, 4096, PROT_READ) = 0 <0.000012>
2435433 22:04:47.689370 mprotect(0x57142e501000, 172032, PROT_READ) = 0 <0.000011>
2435433 22:04:47.689402 mprotect(0x7d41a2ac0000, 8192, PROT_READ) = 0 <0.000015>
2435433 22:04:47.689722 mprotect(0x7d41a2a85000, 4096, PROT_NONE) = 0 <0.000012>
2435433 22:04:47.689777 madvise(0x5d7de800000, 1073741824, MADV_HUGEPAGE) = 0 <0.000010>
2435433 22:04:47.768176 mprotect(0x7d41a21c0000, 2097152, PROT_READ|PROT_WRITE) = 0 <0.000024>
2435438 22:04:47.768514 mprotect(0x7d419c000000, 135168, PROT_READ|PROT_WRITE) = 0 <0.000020>
2435438 22:04:47.768610 mprotect(0x7d41a2a82000, 4096, PROT_NONE) = 0 <0.000011>
2435433 22:04:47.802997 getrusage(RUSAGE_SELF, {ru_utime={tv_sec=0, tv_usec=52058}, ru_stime={tv_sec=0, tv_usec=62069}, ru_maxrss=63964, ru_ixrss=0, ru_idrss=0, ru_isrss=0, ru_minflt=325, ru_majflt=0, ru_nswap=0, ru_inblock=0, ru_oublock=0, ru_msgsnd=0, ru_msgrcv=0, ru_nsignals=0, ru_nvcsw=49, ru_nivcsw=1}) = 0 <0.000017>
2435433 22:04:47.868384 getrusage(RUSAGE_SELF, {ru_utime={tv_sec=0, tv_usec=117193}, ru_stime={tv_sec=0, tv_usec=62102}, ru_maxrss=63964, ru_ixrss=0, ru_idrss=0, ru_isrss=0, ru_minflt=328, ru_majflt=0, ru_nswap=0, ru_inblock=0, ru_oublock=0, ru_msgsnd=0, ru_msgrcv=0, ru_nsignals=0, ru_nvcsw=51, ru_nivcsw=2}) = 0 <0.000017>
2435433 22:04:47.868547 getrusage(RUSAGE_SELF, {ru_utime={tv_sec=0, tv_usec=117237}, ru_stime={tv_sec=0, tv_usec=62125}, ru_maxrss=63964, ru_ixrss=0, ru_idrss=0, ru_isrss=0, ru_minflt=328, ru_majflt=0, ru_nswap=0, ru_inblock=0, ru_oublock=0, ru_msgsnd=0, ru_msgrcv=0, ru_nsignals=0, ru_nvcsw=53, ru_nivcsw=2}) = 0 <0.000011>
2435438 22:04:47.868730 madvise(0x7d41a21bf000, 2076672, MADV_DONTNEED) = 0 <0.000024>
2435438 22:04:47.868820 +++ exited with 0 +++
2435433 22:04:47.868961 madvise(0x5d7dea30000, 65536, MADV_DONTNEED) = 0 <0.000039>
2435433 22:04:47.869020 madvise(0x5d7dea50000, 131072, MADV_DONTNEED) = 0 <0.000016>
2435433 22:04:47.869054 madvise(0x5d7dea80000, 65536, MADV_DONTNEED) = 0 <0.000013>
2435433 22:04:47.869085 madvise(0x5d7deab0000, 65536, MADV_DONTNEED) = 0 <0.000013>
2435433 22:04:47.869117 madvise(0x5d7dead0000, 655360, MADV_DONTNEED) = 0 <0.000036>
2435433 22:04:47.869171 madvise(0x5d7deb80000, 524288, MADV_DONTNEED) = 0 <0.000031>
2435433 22:04:47.869221 madvise(0x5d7dec00000, 4194304, MADV_DONTNEED) = 0 <0.000033>
2435433 22:04:47.869273 madvise(0x5d7df000000, 4194304, MADV_DONTNEED) = 0 <0.000028>
2435433 22:04:47.869321 madvise(0x5d7df400000, 4194304, MADV_DONTNEED) = 0 <0.000031>
2435433 22:04:47.869372 madvise(0x5d7df800000, 1179648, MADV_DONTNEED) = 0 <0.000078>
2435433 22:04:47.869470 madvise(0x5d7df930000, 2949120, MADV_DONTNEED) = 0 <0.000058>
2435433 22:04:47.869556 madvise(0x5d7dfc00000, 1441792, MADV_DONTNEED) = 0 <0.000088>
2435433 22:04:47.869667 madvise(0x5d7dfd70000, 983040, MADV_DONTNEED) = 0 <0.000073>
2435433 22:04:47.869760 madvise(0x5d7dfe80000, 1572864, MADV_DONTNEED) = 0 <0.000075>
2435433 22:04:47.869854 madvise(0x5d7e0000000, 4194304, MADV_DONTNEED) = 0 <0.000029>
2435433 22:04:47.869902 madvise(0x5d7e0400000, 3342336, MADV_DONTNEED) = 0 <0.000081>
2435433 22:04:47.870003 madvise(0x5d7e0800000, 4194304, MADV_DONTNEED) = 0 <0.000019>
2435433 22:04:47.870041 madvise(0x5d7e2800000, 4194304, MADV_DONTNEED) = 0 <0.000029>
2435433 22:04:47.870089 madvise(0x5d7e2c00000, 4194304, MADV_DONTNEED) = 0 <0.000028>
2435433 22:04:47.870135 madvise(0x5d7e3000000, 4194304, MADV_DONTNEED) = 0 <0.000028>
2435433 22:04:47.870182 madvise(0x5d7e3400000, 4194304, MADV_DONTNEED) = 0 <0.000027>
2435433 22:04:47.870227 madvise(0x5d7e3800000, 4194304, MADV_DONTNEED) = 0 <0.000027>
2435433 22:04:47.870272 madvise(0x5d7e3c00000, 2031616, MADV_DONTNEED) = 0 <0.000112>
2435433 22:04:47.871570 +++ exited with 0 +++
