2435550 22:04:48.109771 mprotect(0x770cbf200000, 16384, PROT_READ) = 0 <0.000016>
2435550 22:04:48.109879 mprotect(0x770cbf326000, 4096, PROT_READ) = 0 <0.000014>
2435550 22:04:48.109914 mprotect(0x770cbf354000, 4096, PROT_READ) = 0 <0.000012>
2435550 22:04:48.110141 mprotect(0x55985f31a000, 172032, PROT_READ) = 0 <0.000011>
2435550 22:04:48.110173 mprotect(0x770cbf39c000, 8192, PROT_READ) = 0 <0.000015>
2435550 22:04:48.110509 mprotect(0x770cbf361000, 4096, PROT_NONE) = 0 <0.000012>
2435550 22:04:48.110552 madvise(0x231ddc00000, 1073741824, MADV_HUGEPAGE) = 0 <0.000010>
2435550 22:04:48.137346 mprotect(0x770cbebc0000, 2097152, PROT_READ|PROT_WRITE) = 0 <0.000026>
2435551 22:04:48.137690 mprotect(0x770cb8000000, 135168, PROT_READ|PROT_WRITE) = 0 <0.000020>
2435551 22:04:48.137793 mprotect(0x770cbf35e000, 4096, PROT_NONE) = 0 <0.000011>
2435550 22:04:48.171658 getrusage(RUSAGE_SELF, {ru_utime={tv_sec=0, tv_usec=38575}, ru_stime={tv_sec=0, tv_usec=23348}, ru_maxrss=59868, ru_ixrss=0, ru_idrss=0, ru_isrss=0, ru_minflt=321, ru_majflt=0, ru_nswap=0, ru_inblock=0, ru_oublock=0, ru_msgsnd=0, ru_msgrcv=0, ru_nsignals=0, ru_nvcsw=49, ru_nivcsw=2}) = 0 <0.000027>
2435550 22:04:48.235856 getrusage(RUSAGE_SELF, {ru_utime={tv_sec=0, tv_usec=102598}, ru_stime={tv_sec=0, tv_usec=23348}, ru_maxrss=61920, ru_ixrss=0, ru_idrss=0, ru_isrss=0, ru_minflt=325, ru_majflt=0, ru_nswap=0, ru_inblock=0, ru_oublock=0, ru_msgsnd=0, ru_msgrcv=0, ru_nsignals=0, ru_nvcsw=51, ru_nivcsw=2}) = 0 <0.000017>
2435550 22:04:48.236040 getrusage(RUSAGE_SELF, {ru_utime={tv_sec=0, tv_usec=102662}, ru_stime={tv_sec=0, tv_usec=23348}, ru_maxrss=61920, ru_ixrss=0, ru_idrss=0, ru_isrss=0, ru_minflt=325, ru_majflt=0, ru_nswap=0, ru_inblock=0, ru_oublock=0, ru_msgsnd=0, ru_msgrcv=0, ru_nsignals=0, ru_nvcsw=53, ru_nivcsw=2}) = 0 <0.000012>
2435551 22:04:48.236230 madvise(0x770cbebbf000, 2076672, MADV_DONTNEED) = 0 <0.000017>
2435551 22:04:48.236319 +++ exited with 0 +++
2435550 22:04:48.236480 madvise(0x231dde30000, 65536, MADV_DONTNEED) = 0 <0.000040>
2435550 22:04:48.236543 madvise(0x231dde50000, 131072, MADV_DONTNEED) = 0 <0.000017>
2435550 22:04:48.236581 madvise(0x231dde80000, 65536, MADV_DONTNEED) = 0 <0.000014>
2435550 22:04:48.236615 madvise(0x231ddea0000, 131072, MADV_DONTNEED) = 0 <0.000017>
2435550 22:04:48.236654 madvise(0x231dded0000, 655360, MADV_DONTNEED) = 0 <0.000037>
2435550 22:04:48.236710 madvise(0x231ddf80000, 524288, MADV_DONTNEED) = 0 <0.000067>
2435550 22:04:48.236799 madvise(0x231de000000, 65536, MADV_DONTNEED) = 0 <0.000033>
2435550 22:04:48.236854 madvise(0x231de010000, 65536, MADV_DONTNEED) = 0 <0.000014>
2435550 22:04:48.236887 madvise(0x231de020000, 65536, MADV_DONTNEED) = 0 <0.000014>
2435550 22:04:48.236920 madvise(0x231de030000, 65536, MADV_DONTNEED) = 0 <0.000013>
2435550 22:04:48.236955 madvise(0x231de050000, 65536, MADV_DONTNEED) = 0 <0.000014>
2435550 22:04:48.236989 madvise(0x231de060000, 65536, MADV_DONTNEED) = 0 <0.000014>
2435550 22:04:48.237023 madvise(0x231de070000, 65536, MADV_DONTNEED) = 0 <0.000013>
2435550 22:04:48.237056 madvise(0x231de080000, 65536, MADV_DONTNEED) = 0 <0.000014>
2435550 22:04:48.237091 madvise(0x231de090000, 65536, MADV_DONTNEED) = 0 <0.000014>
2435550 22:04:48.237129 madvise(0x231de0a0000, 65536, MADV_DONTNEED) = 0 <0.000013>
2435550 22:04:48.237160 madvise(0x231de0b0000, 65536, MADV_DONTNEED) = 0 <0.000013>
2435550 22:04:48.237190 madvise(0x231de0d0000, 65536, MADV_DONTNEED) = 0 <0.000013>
2435550 22:04:48.237220 madvise(0x231de0e0000, 65536, MADV_DONTNEED) = 0 <0.000013>
2435550 22:04:48.237249 madvise(0x231de0f0000, 65536, MADV_DONTNEED) = 0 <0.000013>
2435550 22:04:48.237279 madvise(0x231de100000, 65536, MADV_DONTNEED) = 0 <0.000012>
2435550 22:04:48.237309 madvise(0x231de110000, 65536, MADV_DONTNEED) = 0 <0.000013>
2435550 22:04:48.237338 madvise(0x231de120000, 65536, MADV_DONTNEED) = 0 <0.000013>
2435550 22:04:48.237368 madvise(0x231de130000, 65536, MADV_DONTNEED) = 0 <0.000012>
2435550 22:04:48.237398 madvise(0x231de140000, 65536, MADV_DONTNEED) = 0 <0.000013>
2435550 22:04:48.237427 madvise(0x231de150000, 65536, MADV_DONTNEED) = 0 <0.000013>
2435550 22:04:48.237462 madvise(0x231de160000, 65536, MADV_DONTNEED) = 0 <0.000012>
2435550 22:04:48.237492 madvise(0x231de170000, 65536, MADV_DONTNEED) = 0 <0.000012>
2435550 22:04:48.237522 madvise(0x231de180000, 65536, MADV_DONTNEED) = 0 <0.000013>
2435550 22:04:48.237551 madvise(0x231de190000, 65536, MADV_DONTNEED) = 0 <0.000013>
2435550 22:04:48.237582 madvise(0x231de1a0000, 65536, MADV_DONTNEED) = 0 <0.000013>
2435550 22:04:48.237611 madvise(0x231de1b0000, 65536, MADV_DONTNEED) = 0 <0.000013>
2435550 22:04:48.237641 madvise(0x231de1c0000, 65536, MADV_DONTNEED) = 0 <0.000013>
2435550 22:04:48.237671 madvise(0x231de1d0000, 65536, MADV_DONTNEED) = 0 <0.000012>
2435550 22:04:48.237701 madvise(0x231de1e0000, 65536, MADV_DONTNEED) = 0 <0.000013>
2435550 22:04:48.237730 madvise(0x231de1f0000, 65536, MADV_DONTNEED) = 0 <0.000017>
2435550 22:04:48.237765 madvise(0x231de200000, 65536, MADV_DONTNEED) = 0 <0.000032>
2435550 22:04:48.237815 madvise(0x231de210000, 65536, MADV_DONTNEED) = 0 <0.000013>
2435550 22:04:48.237845 madvise(0x231de220000, 65536, MADV_DONTNEED) = 0 <0.000012>
2435550 22:04:48.237874 madvise(0x231de230000, 65536, MADV_DONTNEED) = 0 <0.000013>
2435550 22:04:48.237904 madvise(0x231de240000, 65536, MADV_DONTNEED) = 0 <0.000013>
2435550 22:04:48.237934 madvise(0x231de250000, 65536, MADV_DONTNEED) = 0 <0.000013>
2435550 22:04:48.237963 madvise(0x231de260000, 65536, MADV_DONTNEED) = 0 <0.000013>
2435550 22:04:48.237993 madvise(0x231de270000, 65536, MADV_DONTNEED) = 0 <0.000012>
2435550 22:04:48.238023 madvise(0x231de280000, 65536, MADV_DONTNEED) = 0 <0.000013>
2435550 22:04:48.238052 madvise(0x231de290000, 65536, MADV_DONTNEED) = 0 <0.000013>
2435550 22:04:48.238082 madvise(0x231de2a0000, 65536, MADV_DONTNEED) = 0 <0.000013>
2435550 22:04:48.238112 madvise(0x231de2b0000, 65536, MADV_DONTNEED) = 0 <0.000013>
2435550 22:04:48.238142 madvise(0x231de2c0000, 65536, MADV_DONTNEED) = 0 <0.000013>
2435550 22:04:48.238171 madvise(0x231de2d0000, 65536, MADV_DONTNEED) = 0 <0.000012>
2435550 22:04:48.238201 madvise(0x231de2e0000, 65536, MADV_DONTNEED) = 0 <0.000012>
2435550 22:04:48.238231 madvise(0x231de2f0000, 65536, MADV_DONTNEED) = 0 <0.000012>
2435550 22:04:48.238260 madvise(0x231de300000, 65536, MADV_DONTNEED) = 0 <0.000012>
2435550 22:04:48.238290 madvise(0x231de310000, 65536, MADV_DONTNEED) = 0 <0.000012>
2435550 22:04:48.238320 madvise(0x231de320000, 65536, MADV_DONTNEED) = 0 <0.000012>
2435550 22:04:48.238349 madvise(0x231de330000, 65536, MADV_DONTNEED) = 0 <0.000013>
2435550 22:04:48.238379 madvise(0x231de340000, 65536, MADV_DONTNEED) = 0 <0.000012>
2435550 22:04:48.238409 madvise(0x231de350000, 65536, MADV_DONTNEED) = 0 <0.000013>
2435550 22:04:48.238438 madvise(0x231de360000, 65536, MADV_DONTNEED) = 0 <0.000013>
2435550 22:04:48.238468 madvise(0x231de370000, 65536, MADV_DONTNEED) = 0 <0.000013>
2435550 22:04:48.238498 madvise(0x231de380000, 65536, MADV_DONTNEED) = 0 <0.000012>
2435550 22:04:48.238528 madvise(0x231de390000, 65536, MADV_DONTNEED) = 0 <0.000013>
2435550 22:04:48.238557 madvise(0x231de3a0000, 65536, MADV_DONTNEED) = 0 <0.000012>
2435550 22:04:48.238587 madvise(0x231de3b0000, 65536, MADV_DONTNEED) = 0 <0.000013>
2435550 22:04:48.238617 madvise(0x231de3c0000, 65536, MADV_DONTNEED) = 0 <0.000013>
2435550 22:04:48.238647 madvise(0x231de3d0000, 65536, MADV_DONTNEED) = 0 <0.000013>
2435550 22:04:48.238676 madvise(0x231de3e0000, 65536, MADV_DONTNEED) = 0 <0.000012>
2435550 22:04:48.238706 madvise(0x231de3f0000, 65536, MADV_DONTNEED) = 0 <0.000023>
2435550 22:04:48.238750 madvise(0x231de400000, 4194304, MADV_DONTNEED) = 0 <0.000028>
2435550 22:04:48.238796 madvise(0x231de800000, 4194304, MADV_DONTNEED) = 0 <0.000027>
2435550 22:04:48.238841 madvise(0x231dec00000, 2228224, MADV_DONTNEED) = 0 <0.000044>
2435550 22:04:48.238904 madvise(0x231dee30000, 131072, MADV_DONTNEED) = 0 <0.000017>
2435550 22:04:48.238939 madvise(0x231dee80000, 1572864, MADV_DONTNEED) = 0 <0.000073>
2435550 22:04:48.239033 madvise(0x231df000000, 4194304, MADV_DONTNEED) = 0 <0.000029>
2435550 22:04:48.239082 madvise(0x231df400000, 4194304, MADV_DONTNEED) = 0 <0.000019>
2435550 22:04:48.239126 madvise(0x231df800000, 4194304, MADV_DONTNEED) = 0 <0.000019>
2435550 22:04:48.239166 madvise(0x231dfc00000, 4194304, MADV_DONTNEED) = 0 <0.000027>
2435550 22:04:48.239212 madvise(0x231e0000000, 4194304, MADV_DONTNEED) = 0 <0.000029>
2435550 22:04:48.239260 madvise(0x231e0400000, 4194304, MADV_DONTNEED) = 0 <0.000018>
2435550 22:04:48.239297 madvise(0x231e0800000, 4194304, MADV_DONTNEED) = 0 <0.000028>
2435550 22:04:48.239345 madvise(0x231e0c00000, 4194304, MADV_DONTNEED) = 0 <0.000028>
2435550 22:04:48.239393 madvise(0x231e1000000, 4194304, MADV_DONTNEED) = 0 <0.000028>
2435550 22:04:48.239441 madvise(0x231e1400000, 917504, MADV_DONTNEED) = 0 <0.000067>
2435550 22:04:48.240525 +++ exited with 0 +++
