2435611 22:04:48.477538 mprotect(0x7f43acc00000, 16384, PROT_READ) = 0 <0.000015>
2435611 22:04:48.477650 mprotect(0x7f43aceea000, 4096, PROT_READ) = 0 <0.000013>
2435611 22:04:48.477684 mprotect(0x7f43acf18000, 4096, PROT_READ) = 0 <0.000011>
2435611 22:04:48.477926 mprotect(0x5b95172a8000, 172032, PROT_READ) = 0 <0.000011>
2435611 22:04:48.477959 mprotect(0x7f43acf60000, 8192, PROT_READ) = 0 <0.000016>
2435611 22:04:48.478295 mprotect(0x7f43acf25000, 4096, PROT_NONE) = 0 <0.000012>
2435611 22:04:48.478348 madvise(0x2ffa9c00000, 1073741824, MADV_HUGEPAGE) = 0 <0.000009>
2435611 22:04:48.504564 mprotect(0x7f43ac5c0000, 2097152, PROT_READ|PROT_WRITE) = 0 <0.000025>
2435612 22:04:48.504913 mprotect(0x7f43a8000000, 135168, PROT_READ|PROT_WRITE) = 0 <0.000022>
2435612 22:04:48.505020 mprotect(0x7f43acf22000, 4096, PROT_NONE) = 0 <0.000013>
2435611 22:04:48.538919 getrusage(RUSAGE_SELF, {ru_utime={tv_sec=0, tv_usec=40408}, ru_stime={tv_sec=0, tv_usec=21214}, ru_maxrss=59868, ru_ixrss=0, ru_idrss=0, ru_isrss=0, ru_minflt=323, ru_majflt=0, ru_nswap=0, ru_inblock=0, ru_oublock=0, ru_msgsnd=0, ru_msgrcv=0, ru_nsignals=0, ru_nvcsw=49, ru_nivcsw=2}) = 0 <0.000016>
2435611 22:04:48.603791 getrusage(RUSAGE_SELF, {ru_utime={tv_sec=0, tv_usec=103271}, ru_stime={tv_sec=0, tv_usec=23060}, ru_maxrss=61920, ru_ixrss=0, ru_idrss=0, ru_isrss=0, ru_minflt=327, ru_majflt=0, ru_nswap=0, ru_inblock=0, ru_oublock=0, ru_msgsnd=0, ru_msgrcv=0, ru_nsignals=0, ru_nvcsw=51, ru_nivcsw=2}) = 0 <0.000048>
2435611 22:04:48.603996 getrusage(RUSAGE_SELF, {ru_utime={tv_sec=0, tv_usec=103350}, ru_stime={tv_sec=0, tv_usec=23078}, ru_maxrss=61920, ru_ixrss=0, ru_idrss=0, ru_isrss=0, ru_minflt=327, ru_majflt=0, ru_nswap=0, ru_inblock=0, ru_oublock=0, ru_msgsnd=0, ru_msgrcv=0, ru_nsignals=0, ru_nvcsw=53, ru_nivcsw=2}) = 0 <0.000012>
2435612 22:04:48.604214 madvise(0x7f43ac5bf000, 2076672, MADV_DONTNEED) = 0 <0.000015>
2435612 22:04:48.604300 +++ exited with 0 +++
2435611 22:04:48.604574 madvise(0x2ffa9e30000, 65536, MADV_DONTNEED) = 0 <0.000045>
2435611 22:04:48.604644 madvise(0x2ffa9e50000, 131072, MADV_DONTNEED) = 0 <0.000017>
2435611 22:04:48.604682 madvise(0x2ffa9e80000, 65536, MADV_DONTNEED) = 0 <0.000013>
2435611 22:04:48.604716 madvise(0x2ffa9ea0000, 131072, MADV_DONTNEED) = 0 <0.000017>
2435611 22:04:48.604819 madvise(0x2ffa9ed0000, 655360, MADV_DONTNEED) = 0 <0.000037>
2435611 22:04:48.604879 madvise(0x2ffa9f80000, 524288, MADV_DONTNEED) = 0 <0.000032>
2435611 22:04:48.604932 madvise(0x2ffaa000000, 65536, MADV_DONTNEED) = 0 <0.000034>
2435611 22:04:48.604989 madvise(0x2ffaa010000, 65536, MADV_DONTNEED) = 0 <0.000014>
2435611 22:04:48.605024 madvise(0x2ffaa020000, 65536, MADV_DONTNEED) = 0 <0.000014>
2435611 22:04:48.605060 madvise(0x2ffaa030000, 65536, MADV_DONTNEED) = 0 <0.000014>
2435611 22:04:48.605095 madvise(0x2ffaa050000, 65536, MADV_DONTNEED) = 0 <0.000014>
2435611 22:04:48.605129 madvise(0x2ffaa060000, 65536, MADV_DONTNEED) = 0 <0.000014>
2435611 22:04:48.605164 madvise(0x2ffaa070000, 65536, MADV_DONTNEED) = 0 <0.000014>
2435611 22:04:48.605201 madvise(0x2ffaa080000, 65536, MADV_DONTNEED) = 0 <0.000014>
2435611 22:04:48.605236 madvise(0x2ffaa090000, 65536, MADV_DONTNEED) = 0 <0.000013>
2435611 22:04:48.605271 madvise(0x2ffaa0a0000, 65536, MADV_DONTNEED) = 0 <0.000014>
2435611 22:04:48.605306 madvise(0x2ffaa0b0000, 65536, MADV_DONTNEED) = 0 <0.000014>
2435611 22:04:48.605341 madvise(0x2ffaa0d0000, 65536, MADV_DONTNEED) = 0 <0.000013>
2435611 22:04:48.605375 madvise(0x2ffaa0e0000, 65536, MADV_DONTNEED) = 0 <0.000014>
2435611 22:04:48.605410 madvise(0x2ffaa0f0000, 65536, MADV_DONTNEED) = 0 <0.000014>
2435611 22:04:48.605445 madvise(0x2ffaa100000, 65536, MADV_DONTNEED) = 0 <0.000014>
2435611 22:04:48.605480 madvise(0x2ffaa110000, 65536, MADV_DONTNEED) = 0 <0.000014>
2435611 22:04:48.605517 madvise(0x2ffaa120000, 65536, MADV_DONTNEED) = 0 <0.000014>
2435611 22:04:48.605553 madvise(0x2ffaa130000, 65536, MADV_DONTNEED) = 0 <0.000013>
2435611 22:04:48.605584 madvise(0x2ffaa140000, 65536, MADV_DONTNEED) = 0 <0.000013>
2435611 22:04:48.605615 madvise(0x2ffaa150000, 65536, MADV_DONTNEED) = 0 <0.000013>
2435611 22:04:48.605659 madvise(0x2ffaa160000, 65536, MADV_DONTNEED) = 0 <0.000013>
2435611 22:04:48.605688 madvise(0x2ffaa170000, 65536, MADV_DONTNEED) = 0 <0.000013>
2435611 22:04:48.605718 madvise(0x2ffaa180000, 65536, MADV_DONTNEED) = 0 <0.000013>
2435611 22:04:48.605752 madvise(0x2ffaa190000, 65536, MADV_DONTNEED) = 0 <0.000013>
2435611 22:04:48.605782 madvise(0x2ffaa1a0000, 65536, MADV_DONTNEED) = 0 <0.000013>
2435611 22:04:48.605812 madvise(0x2ffaa1b0000, 65536, MADV_DONTNEED) = 0 <0.000013>
2435611 22:04:48.605842 madvise(0x2ffaa1c0000, 65536, MADV_DONTNEED) = 0 <0.000013>
2435611 22:04:48.605872 madvise(0x2ffaa1d0000, 65536, MADV_DONTNEED) = 0 <0.000012>
2435611 22:04:48.605901 madvise(0x2ffaa1e0000, 65536, MADV_DONTNEED) = 0 <0.000013>
2435611 22:04:48.605931 madvise(0x2ffaa1f0000, 65536, MADV_DONTNEED) = 0 <0.000013>
2435611 22:04:48.605961 madvise(0x2ffaa200000, 65536, MADV_DONTNEED) = 0 <0.000031>
2435611 22:04:48.606009 madvise(0x2ffaa210000, 65536, MADV_DONTNEED) = 0 <0.000013>
2435611 22:04:48.606038 madvise(0x2ffaa220000, 65536, MADV_DONTNEED) = 0 <0.000013>
2435611 22:04:48.606068 madvise(0x2ffaa230000, 65536, MADV_DONTNEED) = 0 <0.000012>
2435611 22:04:48.606097 madvise(0x2ffaa240000, 65536, MADV_DONTNEED) = 0 <0.000013>
2435611 22:04:48.606127 madvise(0x2ffaa250000, 65536, MADV_DONTNEED) = 0 <0.000012>
2435611 22:04:48.606157 madvise(0x2ffaa260000, 65536, MADV_DONTNEED) = 0 <0.000013>
2435611 22:04:48.606186 madvise(0x2ffaa270000, 65536, MADV_DONTNEED) = 0 <0.000013>
2435611 22:04:48.606216 madvise(0x2ffaa280000, 65536, MADV_DONTNEED) = 0 <0.000012>
2435611 22:04:48.606246 madvise(0x2ffaa290000, 65536, MADV_DONTNEED) = 0 <0.000013>
2435611 22:04:48.606275 madvise(0x2ffaa2a0000, 65536, MADV_DONTNEED) = 0 <0.000014>
2435611 22:04:48.606307 madvise(0x2ffaa2b0000, 65536, MADV_DONTNEED) = 0 <0.000014>
2435611 22:04:48.606340 madvise(0x2ffaa2c0000, 65536, MADV_DONTNEED) = 0 <0.000013>
2435611 22:04:48.606369 madvise(0x2ffaa2d0000, 65536, MADV_DONTNEED) = 0 <0.000013>
2435611 22:04:48.606399 madvise(0x2ffaa2e0000, 65536, MADV_DONTNEED) = 0 <0.000013>
2435611 22:04:48.606429 madvise(0x2ffaa2f0000, 65536, MADV_DONTNEED) = 0 <0.000013>
2435611 22:04:48.606458 madvise(0x2ffaa300000, 65536, MADV_DONTNEED) = 0 <0.000013>
2435611 22:04:48.606488 madvise(0x2ffaa310000, 65536, MADV_DONTNEED) = 0 <0.000013>
2435611 22:04:48.606518 madvise(0x2ffaa320000, 65536, MADV_DONTNEED) = 0 <0.000013>
2435611 22:04:48.606548 madvise(0x2ffaa330000, 65536, MADV_DONTNEED) = 0 <0.000013>
2435611 22:04:48.606578 madvise(0x2ffaa340000, 65536, MADV_DONTNEED) = 0 <0.000013>
2435611 22:04:48.606607 madvise(0x2ffaa350000, 65536, MADV_DONTNEED) = 0 <0.000013>
2435611 22:04:48.606637 madvise(0x2ffaa360000, 65536, MADV_DONTNEED) = 0 <0.000013>
2435611 22:04:48.606667 madvise(0x2ffaa370000, 65536, MADV_DONTNEED) = 0 <0.000013>
2435611 22:04:48.606696 madvise(0x2ffaa380000, 65536, MADV_DONTNEED) = 0 <0.000013>
2435611 22:04:48.606726 madvise(0x2ffaa390000, 65536, MADV_DONTNEED) = 0 <0.000016>
2435611 22:04:48.606760 madvise(0x2ffaa3a0000, 65536, MADV_DONTNEED) = 0 <0.000013>
2435611 22:04:48.606790 madvise(0x2ffaa3b0000, 65536, MADV_DONTNEED) = 0 <0.000013>
2435611 22:04:48.606820 madvise(0x2ffaa3c0000, 65536, MADV_DONTNEED) = 0 <0.000012>
2435611 22:04:48.606850 madvise(0x2ffaa3d0000, 65536, MADV_DONTNEED) = 0 <0.000013>
2435611 22:04:48.606879 madvise(0x2ffaa3e0000, 65536, MADV_DONTNEED) = 0 <0.000013>
2435611 22:04:48.606909 madvise(0x2ffaa3f0000, 65536, MADV_DONTNEED) = 0 <0.000022>
2435611 22:04:48.606948 madvise(0x2ffaa400000, 4194304, MADV_DONTNEED) = 0 <0.000028>
2435611 22:04:48.606994 madvise(0x2ffaa800000, 4194304, MADV_DONTNEED) = 0 <0.000027>
2435611 22:04:48.607039 madvise(0x2ffaac00000, 2228224, MADV_DONTNEED) = 0 <0.000043>
2435611 22:04:48.607099 madvise(0x2ffaae30000, 131072, MADV_DONTNEED) = 0 <0.000016>
2435611 22:04:48.607132 madvise(0x2ffaae80000, 1572864, MADV_DONTNEED) = 0 <0.000073>
2435611 22:04:48.607222 madvise(0x2ffab000000, 4194304, MADV_DONTNEED) = 0 <0.000028>
2435611 22:04:48.607267 madvise(0x2ffab400000, 4194304, MADV_DONTNEED) = 0 <0.000018>
2435611 22:04:48.607307 madvise(0x2ffab800000, 4194304, MADV_DONTNEED) = 0 <0.000021>
2435611 22:04:48.607347 madvise(0x2ffabc00000, 4194304, MADV_DONTNEED) = 0 <0.000028>
2435611 22:04:48.607392 madvise(0x2ffac000000, 4194304, MADV_DONTNEED) = 0 <0.000027>
2435611 22:04:48.607436 madvise(0x2ffac400000, 4194304, MADV_DONTNEED) = 0 <0.000018>
2435611 22:04:48.607472 madvise(0x2ffac800000, 4194304, MADV_DONTNEED) = 0 <0.000026>
2435611 22:04:48.607516 madvise(0x2ffacc00000, 4194304, MADV_DONTNEED) = 0 <0.000028>
2435611 22:04:48.607561 madvise(0x2ffad000000, 4194304, MADV_DONTNEED) = 0 <0.000027>
2435611 22:04:48.607605 madvise(0x2ffad400000, 917504, MADV_DONTNEED) = 0 <0.000065>
2435611 22:04:48.608675 +++ exited with 0 +++
