2435723 22:04:48.840118 mprotect(0x71d979800000, 16384, PROT_READ) = 0 <0.000015>
2435723 22:04:48.840232 mprotect(0x71d979a57000, 4096, PROT_READ) = 0 <0.000013>
2435723 22:04:48.840267 mprotect(0x71d979a85000, 4096, PROT_READ) = 0 <0.000011>
2435723 22:04:48.840492 mprotect(0x556441ffb000, 172032, PROT_READ) = 0 <0.000011>
2435723 22:04:48.840524 mprotect(0x71d979acd000, 8192, PROT_READ) = 0 <0.000016>
2435723 22:04:48.840852 mprotect(0x71d979a92000, 4096, PROT_NONE) = 0 <0.000013>
2435723 22:04:48.840901 madvise(0x2d363000000, 1073741824, MADV_HUGEPAGE) = 0 <0.000009>
2435723 22:04:48.920001 mprotect(0x71d9791c0000, 2097152, PROT_READ|PROT_WRITE) = 0 <0.000025>
2435728 22:04:48.920343 mprotect(0x71d974000000, 135168, PROT_READ|PROT_WRITE) = 0 <0.000020>
2435728 22:04:48.920442 mprotect(0x71d979a8f000, 4096, PROT_NONE) = 0 <0.000011>
2435723 22:04:48.955477 getrusage(RUSAGE_SELF, {ru_utime={tv_sec=0, tv_usec=52622}, ru_stime={tv_sec=0, tv_usec=62550}, ru_maxrss=63972, ru_ixrss=0, ru_idrss=0, ru_isrss=0, ru_minflt=327, ru_majflt=0, ru_nswap=0, ru_inblock=0, ru_oublock=0, ru_msgsnd=0, ru_msgrcv=0, ru_nsignals=0, ru_nvcsw=49, ru_nivcsw=4}) = 0 <0.000017>
2435723 22:04:49.020673 getrusage(RUSAGE_SELF, {ru_utime={tv_sec=0, tv_usec=117456}, ru_stime={tv_sec=0, tv_usec=62709}, ru_maxrss=63972, ru_ixrss=0, ru_idrss=0, ru_isrss=0, ru_minflt=332, ru_majflt=0, ru_nswap=0, ru_inblock=0, ru_oublock=0, ru_msgsnd=0, ru_msgrcv=0, ru_nsignals=0, ru_nvcsw=53, ru_nivcsw=4}) = 0 <0.000066>
2435723 22:04:49.020888 getrusage(RUSAGE_SELF, {ru_utime={tv_sec=0, tv_usec=117497}, ru_stime={tv_sec=0, tv_usec=62731}, ru_maxrss=63972, ru_ixrss=0, ru_idrss=0, ru_isrss=0, ru_minflt=332, ru_majflt=0, ru_nswap=0, ru_inblock=0, ru_oublock=0, ru_msgsnd=0, ru_msgrcv=0, ru_nsignals=0, ru_nvcsw=55, ru_nivcsw=4}) = 0 <0.000012>
2435728 22:04:49.021062 madvise(0x71d9791bf000, 2076672, MADV_DONTNEED) = 0 <0.000014>
2435728 22:04:49.021145 +++ exited with 0 +++
2435723 22:04:49.021339 madvise(0x2d363230000, 65536, MADV_DONTNEED) = 0 <0.000045>
2435723 22:04:49.021407 madvise(0x2d363250000, 131072, MADV_DONTNEED) = 0 <0.000016>
2435723 22:04:49.021442 madvise(0x2d363280000, 65536, MADV_DONTNEED) = 0 <0.000013>
2435723 22:04:49.021472 madvise(0x2d3632b0000, 65536, MADV_DONTNEED) = 0 <0.000013>
2435723 22:04:49.021504 madvise(0x2d3632d0000, 655360, MADV_DONTNEED) = 0 <0.000036>
2435723 22:04:49.021560 madvise(0x2d363380000, 524288, MADV_DONTNEED) = 0 <0.000031>
2435723 22:04:49.021612 madvise(0x2d363400000, 4194304, MADV_DONTNEED) = 0 <0.000033>
2435723 22:04:49.021663 madvise(0x2d363800000, 4194304, MADV_DONTNEED) = 0 <0.000030>
2435723 22:04:49.021710 madvise(0x2d363c00000, 4194304, MADV_DONTNEED) = 0 <0.000040>
2435723 22:04:49.021769 madvise(0x2d364000000, 1179648, MADV_DONTNEED) = 0 <0.000078>
2435723 22:04:49.021866 madvise(0x2d364130000, 2949120, MADV_DONTNEED) = 0 <0.000054>
2435723 22:04:49.021941 madvise(0x2d364400000, 1441792, MADV_DONTNEED) = 0 <0.000088>
2435723 22:04:49.022051 madvise(0x2d364570000, 1048576, MADV_DONTNEED) = 0 <0.000072>
2435723 22:04:49.022145 madvise(0x2d364680000, 1572864, MADV_DONTNEED) = 0 <0.000074>
2435723 22:04:49.022242 madvise(0x2d364800000, 4194304, MADV_DONTNEED) = 0 <0.000030>
2435723 22:04:49.022291 madvise(0x2d364c00000, 3342336, MADV_DONTNEED) = 0 <0.000078>
2435723 22:04:49.022389 madvise(0x2d365000000, 4194304, MADV_DONTNEED) = 0 <0.000019>
2435723 22:04:49.022425 madvise(0x2d367000000, 4194304, MADV_DONTNEED) = 0 <0.000028>
2435723 22:04:49.022471 madvise(0x2d367400000, 4194304, MADV_DONTNEED) = 0 <0.000028>
2435723 22:04:49.022516 madvise(0x2d367800000, 4194304, MADV_DONTNEED) = 0 <0.000029>
2435723 22:04:49.022563 madvise(0x2d367c00000, 4194304, MADV_DONTNEED) = 0 <0.000027>
2435723 22:04:49.022607 madvise(0x2d368000000, 4194304, MADV_DONTNEED) = 0 <0.000028>
2435723 22:04:49.022652 madvise(0x2d368400000, 2031616, MADV_DONTNEED) = 0 <0.000114>
2435723 22:04:49.023774 +++ exited with 0 +++
