2432883 22:04:34.310915 mprotect(0x742e1dc00000, 16384, PROT_READ) = 0 <0.000016>
2432883 22:04:34.311034 mprotect(0x742e1de8b000, 4096, PROT_READ) = 0 <0.000016>
2432883 22:04:34.311074 mprotect(0x742e1deb9000, 4096, PROT_READ) = 0 <0.000013>
2432883 22:04:34.311350 mprotect(0x57aff703e000, 172032, PROT_READ) = 0 <0.000013>
2432883 22:04:34.311389 mprotect(0x742e1df01000, 8192, PROT_READ) = 0 <0.000018>
2432883 22:04:34.311763 mprotect(0x742e1dec6000, 4096, PROT_NONE) = 0 <0.000013>
2432883 22:04:34.311815 madvise(0x3cfabc00000, 1073741824, MADV_HUGEPAGE) = 0 <0.000010>
2432883 22:04:34.455443 mprotect(0x742e1d5c0000, 2097152, PROT_READ|PROT_WRITE) = 0 <0.000028>
2432884 22:04:34.455827 mprotect(0x742e18000000, 135168, PROT_READ|PROT_WRITE) = 0 <0.000021>
2432884 22:04:34.456029 mprotect(0x742e1dec3000, 4096, PROT_NONE) = 0 <0.000013>
2432883 22:04:34.978123 getrusage(RUSAGE_SELF, {ru_utime={tv_sec=0, tv_usec=47924}, ru_stime={tv_sec=0, tv_usec=619027}, ru_maxrss=55520, ru_ixrss=0, ru_idrss=0, ru_isrss=0, ru_minflt=5916, ru_majflt=0, ru_nswap=0, ru_inblock=0, ru_oublock=0, ru_msgsnd=0, ru_msgrcv=0, ru_nsignals=0, ru_nvcsw=73, ru_nivcsw=7}) = 0 <0.000018>
2432883 22:04:35.042910 getrusage(RUSAGE_SELF, {ru_utime={tv_sec=0, tv_usec=112256}, ru_stime={tv_sec=0, tv_usec=619027}, ru_maxrss=55520, ru_ixrss=0, ru_idrss=0, ru_isrss=0, ru_minflt=5965, ru_majflt=0, ru_nswap=0, ru_inblock=0, ru_oublock=0, ru_msgsnd=0, ru_msgrcv=0, ru_nsignals=0, ru_nvcsw=75, ru_nivcsw=8}) = 0 <0.000019>
2432883 22:04:35.043083 getrusage(RUSAGE_SELF, {ru_utime={tv_sec=0, tv_usec=112326}, ru_stime={tv_sec=0, tv_usec=619027}, ru_maxrss=55520, ru_ixrss=0, ru_idrss=0, ru_isrss=0, ru_minflt=5965, ru_majflt=0, ru_nswap=0, ru_inblock=0, ru_oublock=0, ru_msgsnd=0, ru_msgrcv=0, ru_nsignals=0, ru_nvcsw=77, ru_nivcsw=8}) = 0 <0.000013>
2432884 22:04:35.043281 madvise(0x742e1d5bf000, 2076672, MADV_DONTNEED) = 0 <0.000016>
2432884 22:04:35.043369 +++ exited with 0 +++
2432883 22:04:35.043517 madvise(0x3cfabe30000, 65536, MADV_DONTNEED) = 0 <0.000030>
2432883 22:04:35.043566 madvise(0x3cfabe50000, 131072, MADV_DONTNEED) = 0 <0.000028>
2432883 22:04:35.043612 madvise(0x3cfabe80000, 65536, MADV_DONTNEED) = 0 <0.000019>
2432883 22:04:35.043648 madvise(0x3cfabeb0000, 65536, MADV_DONTNEED) = 0 <0.000021>
2432883 22:04:35.043686 madvise(0x3cfabed0000, 655360, MADV_DONTNEED) = 0 <0.000108>
2432883 22:04:35.043813 madvise(0x3cfabf80000, 524288, MADV_DONTNEED) = 0 <0.000076>
2432883 22:04:35.043908 madvise(0x3cfac000000, 4194304, MADV_DONTNEED) = 0 <0.000499>
2432883 22:04:35.044427 madvise(0x3cfac400000, 4194304, MADV_DONTNEED) = 0 <0.000491>
2432883 22:04:35.044943 madvise(0x3cfac800000, 4194304, MADV_DONTNEED) = 0 <0.000471>
2432883 22:04:35.045434 madvise(0x3cfacc00000, 1179648, MADV_DONTNEED) = 0 <0.000016>
2432883 22:04:35.045469 madvise(0x3cfacd30000, 2949120, MADV_DONTNEED) = 0 <0.000311>
2432883 22:04:35.045801 madvise(0x3cfad000000, 1441792, MADV_DONTNEED) = 0 <0.000148>
2432883 22:04:35.045972 madvise(0x3cfad170000, 983040, MADV_DONTNEED) = 0 <0.000087>
2432883 22:04:35.046081 madvise(0x3cfad280000, 1572864, MADV_DONTNEED) = 0 <0.000154>
2432883 22:04:35.046255 madvise(0x3cfad400000, 4194304, MADV_DONTNEED) = 0 <0.000356>
2432883 22:04:35.046631 madvise(0x3cfad800000, 3342336, MADV_DONTNEED) = 0 <0.000085>
2432883 22:04:35.046737 madvise(0x3cfadc00000, 4194304, MADV_DONTNEED) = 0 <0.000050>
2432883 22:04:35.046863 madvise(0x3cfafc00000, 4194304, MADV_DONTNEED) = 0 <0.000030>
2432883 22:04:35.046913 madvise(0x3cfb0000000, 4194304, MADV_DONTNEED) = 0 <0.000029>
2432883 22:04:35.046959 madvise(0x3cfb0400000, 4194304, MADV_DONTNEED) = 0 <0.000028>
2432883 22:04:35.047005 madvise(0x3cfb0800000, 4194304, MADV_DONTNEED) = 0 <0.000028>
2432883 22:04:35.047049 madvise(0x3cfb0c00000, 4194304, MADV_DONTNEED) = 0 <0.000028>
2432883 22:04:35.047095 madvise(0x3cfb1000000, 2031616, MADV_DONTNEED) = 0 <0.000112>
2432883 22:04:35.048210 +++ exited with 0 +++
