2435804 22:04:49.400095 mprotect(0x7b3189600000, 16384, PROT_READ) = 0 <0.000015>
2435804 22:04:49.400204 mprotect(0x7b31898cf000, 4096, PROT_READ) = 0 <0.000014>
2435804 22:04:49.400240 mprotect(0x7b31898fd000, 4096, PROT_READ) = 0 <0.000013>
2435804 22:04:49.400469 mprotect(0x601b1426a000, 172032, PROT_READ) = 0 <0.000011>
2435804 22:04:49.400501 mprotect(0x7b3189945000, 8192, PROT_READ) = 0 <0.000015>
2435804 22:04:49.400850 mprotect(0x7b318990a000, 4096, PROT_NONE) = 0 <0.000013>
2435804 22:04:49.400901 madvise(0x4d328400000, 1073741824, MADV_HUGEPAGE) = 0 <0.000010>
2435804 22:04:49.480780 mprotect(0x7b3188fc0000, 2097152, PROT_READ|PROT_WRITE) = 0 <0.000027>
2435805 22:04:49.481125 mprotect(0x7b3184000000, 135168, PROT_READ|PROT_WRITE) = 0 <0.000020>
2435805 22:04:49.481220 mprotect(0x7b3189907000, 4096, PROT_NONE) = 0 <0.000011>
2435804 22:04:49.515658 getrusage(RUSAGE_SELF, {ru_utime={tv_sec=0, tv_usec=43137}, ru_stime={tv_sec=0, tv_usec=72229}, ru_maxrss=63964, ru_ixrss=0, ru_idrss=0, ru_isrss=0, ru_minflt=323, ru_majflt=0, ru_nswap=0, ru_inblock=0, ru_oublock=0, ru_msgsnd=0, ru_msgrcv=0, ru_nsignals=0, ru_nvcsw=49, ru_nivcsw=5}) = 0 <0.000017>
2435804 22:04:49.582240 getrusage(RUSAGE_SELF, {ru_utime={tv_sec=0, tv_usec=109374}, ru_stime={tv_sec=0, tv_usec=72247}, ru_maxrss=63964, ru_ixrss=0, ru_idrss=0, ru_isrss=0, ru_minflt=326, ru_majflt=0, ru_nswap=0, ru_inblock=0, ru_oublock=0, ru_msgsnd=0, ru_msgrcv=0, ru_nsignals=0, ru_nvcsw=51, ru_nivcsw=8}) = 0 <0.000019>
2435804 22:04:49.582407 getrusage(RUSAGE_SELF, {ru_utime={tv_sec=0, tv_usec=109415}, ru_stime={tv_sec=0, tv_usec=72274}, ru_maxrss=63964, ru_ixrss=0, ru_idrss=0, ru_isrss=0, ru_minflt=326, ru_majflt=0, ru_nswap=0, ru_inblock=0, ru_oublock=0, ru_msgsnd=0, ru_msgrcv=0, ru_nsignals=0, ru_nvcsw=53, ru_nivcsw=8}) = 0 <0.000012>
2435805 22:04:49.582596 madvise(0x7b3188fbf000, 2076672, MADV_DONTNEED) = 0 <0.000015>
2435805 22:04:49.582677 +++ exited with 0 +++
2435804 22:04:49.582869 madvise(0x4d328630000, 65536, MADV_DONTNEED) = 0 <0.000039>
2435804 22:04:49.582928 madvise(0x4d328650000, 131072, MADV_DONTNEED) = 0 <0.000016>
2435804 22:04:49.582961 madvise(0x4d328680000, 65536, MADV_DONTNEED) = 0 <0.000013>
2435804 22:04:49.582991 madvise(0x4d3286b0000, 65536, MADV_DONTNEED) = 0 <0.000013>
2435804 22:04:49.583021 madvise(0x4d3286d0000, 655360, MADV_DONTNEED) = 0 <0.000036>
2435804 22:04:49.583074 madvise(0x4d328780000, 524288, MADV_DONTNEED) = 0 <0.000030>
2435804 22:04:49.583122 madvise(0x4d328800000, 4194304, MADV_DONTNEED) = 0 <0.000035>
2435804 22:04:49.583176 madvise(0x4d328c00000, 4194304, MADV_DONTNEED) = 0 <0.000030>
2435804 22:04:49.583224 madvise(0x4d329000000, 4194304, MADV_DONTNEED) = 0 <0.000028>
2435804 22:04:49.583269 madvise(0x4d329400000, 1179648, MADV_DONTNEED) = 0 <0.000076>
2435804 22:04:49.583363 madvise(0x4d329530000, 2949120, MADV_DONTNEED) = 0 <0.000053>
2435804 22:04:49.583434 madvise(0x4d329800000, 1441792, MADV_DONTNEED) = 0 <0.000086>
2435804 22:04:49.583538 madvise(0x4d329970000, 983040, MADV_DONTNEED) = 0 <0.000067>
2435804 22:04:49.583624 madvise(0x4d329a80000, 1572864, MADV_DONTNEED) = 0 <0.000073>
2435804 22:04:49.583715 madvise(0x4d329c00000, 4194304, MADV_DONTNEED) = 0 <0.000032>
2435804 22:04:49.583764 madvise(0x4d32a000000, 3342336, MADV_DONTNEED) = 0 <0.000078>
2435804 22:04:49.583861 madvise(0x4d32a400000, 4194304, MADV_DONTNEED) = 0 <0.000019>
2435804 22:04:49.583897 madvise(0x4d32c400000, 4194304, MADV_DONTNEED) = 0 <0.000028>
2435804 22:04:49.583942 madvise(0x4d32c800000, 4194304, MADV_DONTNEED) = 0 <0.000027>
2435804 22:04:49.583987 madvise(0x4d32cc00000, 4194304, MADV_DONTNEED) = 0 <0.000028>
2435804 22:04:49.584032 madvise(0x4d32d000000, 4194304, MADV_DONTNEED) = 0 <0.000028>
2435804 22:04:49.584078 madvise(0x4d32d400000, 4194304, MADV_DONTNEED) = 0 <0.000027>
2435804 22:04:49.584123 madvise(0x4d32d800000, 2031616, MADV_DONTNEED) = 0 <0.000109>
2435804 22:04:49.585186 +++ exited with 0 +++
