2435865 22:04:49.801658 mprotect(0x7ddced200000, 16384, PROT_READ) = 0 <0.000014>
2435865 22:04:49.801769 mprotect(0x7ddced32c000, 4096, PROT_READ) = 0 <0.000015>
2435865 22:04:49.801805 mprotect(0x7ddced35a000, 4096, PROT_READ) = 0 <0.000011>
2435865 22:04:49.802038 mprotect(0x5c6234ff3000, 172032, PROT_READ) = 0 <0.000011>
2435865 22:04:49.802071 mprotect(0x7ddced3a2000, 8192, PROT_READ) = 0 <0.000017>
2435865 22:04:49.802389 mprotect(0x7ddced367000, 4096, PROT_NONE) = 0 <0.000012>
2435865 22:04:49.802444 madvise(0x46a01800000, 1073741824, MADV_HUGEPAGE) = 0 <0.000009>
2435865 22:04:49.828718 mprotect(0x7ddcecbc0000, 2097152, PROT_READ|PROT_WRITE) = 0 <0.000022>
2435866 22:04:49.829049 mprotect(0x7ddce8000000, 135168, PROT_READ|PROT_WRITE) = 0 <0.000020>
2435866 22:04:49.829150 mprotect(0x7ddced364000, 4096, PROT_NONE) = 0 <0.000012>
2435865 22:04:49.862943 getrusage(RUSAGE_SELF, {ru_utime={tv_sec=0, tv_usec=39281}, ru_stime={tv_sec=0, tv_usec=22158}, ru_maxrss=59872, ru_ixrss=0, ru_idrss=0, ru_isrss=0, ru_minflt=323, ru_majflt=0, ru_nswap=0, ru_inblock=0, ru_oublock=0, ru_msgsnd=0, ru_msgrcv=0, ru_nsignals=0, ru_nvcsw=49, ru_nivcsw=3}) = 0 <0.000016>
2435865 22:04:49.932268 getrusage(RUSAGE_SELF, {ru_utime={tv_sec=0, tv_usec=108415}, ru_stime={tv_sec=0, tv_usec=22158}, ru_maxrss=61924, ru_ixrss=0, ru_idrss=0, ru_isrss=0, ru_minflt=328, ru_majflt=0, ru_nswap=0, ru_inblock=0, ru_oublock=0, ru_msgsnd=0, ru_msgrcv=0, ru_nsignals=0, ru_nvcsw=51, ru_nivcsw=4}) = 0 <0.000014>
2435865 22:04:49.932447 getrusage(RUSAGE_SELF, {ru_utime={tv_sec=0, tv_usec=108492}, ru_stime={tv_sec=0, tv_usec=22158}, ru_maxrss=61924, ru_ixrss=0, ru_idrss=0, ru_isrss=0, ru_minflt=328, ru_majflt=0, ru_nswap=0, ru_inblock=0, ru_oublock=0, ru_msgsnd=0, ru_msgrcv=0, ru_nsignals=0, ru_nvcsw=53, ru_nivcsw=4}) = 0 <0.000013>
2435866 22:04:49.932652 madvise(0x7ddcecbbf000, 2076672, MADV_DONTNEED) = 0 <0.000017>
2435866 22:04:49.932739 +++ exited with 0 +++
2435865 22:04:49.932966 madvise(0x46a01a30000, 65536, MADV_DONTNEED) = 0 <0.000040>
2435865 22:04:49.933029 madvise(0x46a01a50000, 131072, MADV_DONTNEED) = 0 <0.000017>
2435865 22:04:49.933066 madvise(0x46a01a80000, 65536, MADV_DONTNEED) = 0 <0.000014>
2435865 22:04:49.933099 madvise(0x46a01aa0000, 131072, MADV_DONTNEED) = 0 <0.000017>
2435865 22:04:49.933136 madvise(0x46a01ad0000, 655360, MADV_DONTNEED) = 0 <0.000036>
2435865 22:04:49.933193 madvise(0x46a01b80000, 524288, MADV_DONTNEED) = 0 <0.000031>
2435865 22:04:49.933245 madvise(0x46a01c00000, 65536, MADV_DONTNEED) = 0 <0.000034>
2435865 22:04:49.933298 madvise(0x46a01c10000, 65536, MADV_DONTNEED) = 0 <0.000013>
2435865 22:04:49.933328 madvise(0x46a01c20000, 65536, MADV_DONTNEED) = 0 <0.000013>
2435865 22:04:49.933358 madvise(0x46a01c30000, 65536, MADV_DONTNEED) = 0 <0.000013>
2435865 22:04:49.933389 madvise(0x46a01c50000, 65536, MADV_DONTNEED) = 0 <0.000013>
2435865 22:04:49.933422 madvise(0x46a01c60000, 65536, MADV_DONTNEED) = 0 <0.000013>
2435865 22:04:49.933455 madvise(0x46a01c70000, 65536, MADV_DONTNEED) = 0 <0.000013>
2435865 22:04:49.933488 madvise(0x46a01c80000, 65536, MADV_DONTNEED) = 0 <0.000013>
2435865 22:04:49.933520 madvise(0x46a01c90000, 65536, MADV_DONTNEED) = 0 <0.000013>
2435865 22:04:49.933552 madvise(0x46a01ca0000, 65536, MADV_DONTNEED) = 0 <0.000013>
2435865 22:04:49.933584 madvise(0x46a01cb0000, 65536, MADV_DONTNEED) = 0 <0.000013>
2435865 22:04:49.933616 madvise(0x46a01cd0000, 65536, MADV_DONTNEED) = 0 <0.000013>
2435865 22:04:49.933648 madvise(0x46a01ce0000, 65536, MADV_DONTNEED) = 0 <0.000014>
2435865 22:04:49.933681 madvise(0x46a01cf0000, 65536, MADV_DONTNEED) = 0 <0.000013>
2435865 22:04:49.933714 madvise(0x46a01d00000, 65536, MADV_DONTNEED) = 0 <0.000014>
2435865 22:04:49.933753 madvise(0x46a01d10000, 65536, MADV_DONTNEED) = 0 <0.000014>
2435865 22:04:49.933786 madvise(0x46a01d20000, 65536, MADV_DONTNEED) = 0 <0.000014>
2435865 22:04:49.933822 madvise(0x46a01d30000, 65536, MADV_DONTNEED) = 0 <0.000015>
2435865 22:04:49.933859 madvise(0x46a01d40000, 65536, MADV_DONTNEED) = 0 <0.000014>
2435865 22:04:49.933892 madvise(0x46a01d50000, 65536, MADV_DONTNEED) = 0 <0.000013>
2435865 22:04:49.933935 madvise(0x46a01d60000, 65536, MADV_DONTNEED) = 0 <0.000013>
2435865 22:04:49.933969 madvise(0x46a01d70000, 65536, MADV_DONTNEED) = 0 <0.000014>
2435865 22:04:49.934001 madvise(0x46a01d80000, 65536, MADV_DONTNEED) = 0 <0.000013>
2435865 22:04:49.934034 madvise(0x46a01d90000, 65536, MADV_DONTNEED) = 0 <0.000013>
2435865 22:04:49.934066 madvise(0x46a01da0000, 65536, MADV_DONTNEED) = 0 <0.000013>
2435865 22:04:49.934099 madvise(0x46a01db0000, 65536, MADV_DONTNEED) = 0 <0.000014>
2435865 22:04:49.934133 madvise(0x46a01dc0000, 65536, MADV_DONTNEED) = 0 <0.000013>
2435865 22:04:49.934165 madvise(0x46a01dd0000, 65536, MADV_DONTNEED) = 0 <0.000014>
2435865 22:04:49.934200 madvise(0x46a01de0000, 65536, MADV_DONTNEED) = 0 <0.000014>
2435865 22:04:49.934233 madvise(0x46a01df0000, 65536, MADV_DONTNEED) = 0 <0.000013>
2435865 22:04:49.934267 madvise(0x46a01e00000, 65536, MADV_DONTNEED) = 0 <0.000037>
2435865 22:04:49.934326 madvise(0x46a01e10000, 65536, MADV_DONTNEED) = 0 <0.000014>
2435865 22:04:49.934361 madvise(0x46a01e20000, 65536, MADV_DONTNEED) = 0 <0.000013>
2435865 22:04:49.934393 madvise(0x46a01e30000, 65536, MADV_DONTNEED) = 0 <0.000013>
2435865 22:04:49.934429 madvise(0x46a01e40000, 65536, MADV_DONTNEED) = 0 <0.000013>
2435865 22:04:49.934462 madvise(0x46a01e50000, 65536, MADV_DONTNEED) = 0 <0.000014>
2435865 22:04:49.934496 madvise(0x46a01e60000, 65536, MADV_DONTNEED) = 0 <0.000014>
2435865 22:04:49.934531 madvise(0x46a01e70000, 65536, MADV_DONTNEED) = 0 <0.000013>
2435865 22:04:49.934565 madvise(0x46a01e80000, 65536, MADV_DONTNEED) = 0 <0.000014>
2435865 22:04:49.934598 madvise(0x46a01e90000, 65536, MADV_DONTNEED) = 0 <0.000013>
2435865 22:04:49.934631 madvise(0x46a01ea0000, 65536, MADV_DONTNEED) = 0 <0.000013>
2435865 22:04:49.934663 madvise(0x46a01eb0000, 65536, MADV_DONTNEED) = 0 <0.000013>
2435865 22:04:49.934696 madvise(0x46a01ec0000, 65536, MADV_DONTNEED) = 0 <0.000014>
2435865 22:04:49.934729 madvise(0x46a01ed0000, 65536, MADV_DONTNEED) = 0 <0.000017>
2435865 22:04:49.934765 madvise(0x46a01ee0000, 65536, MADV_DONTNEED) = 0 <0.000013>
2435865 22:04:49.934797 madvise(0x46a01ef0000, 65536, MADV_DONTNEED) = 0 <0.000016>
2435865 22:04:49.934832 madvise(0x46a01f00000, 65536, MADV_DONTNEED) = 0 <0.000013>
2435865 22:04:49.934863 madvise(0x46a01f10000, 65536, MADV_DONTNEED) = 0 <0.000012>
2435865 22:04:49.934893 madvise(0x46a01f20000, 65536, MADV_DONTNEED) = 0 <0.000013>
2435865 22:04:49.934922 madvise(0x46a01f30000, 65536, MADV_DONTNEED) = 0 <0.000013>
2435865 22:04:49.934952 madvise(0x46a01f40000, 65536, MADV_DONTNEED) = 0 <0.000012>
2435865 22:04:49.934982 madvise(0x46a01f50000, 65536, MADV_DONTNEED) = 0 <0.000012>
2435865 22:04:49.935011 madvise(0x46a01f60000, 65536, MADV_DONTNEED) = 0 <0.000012>
2435865 22:04:49.935041 madvise(0x46a01f70000, 65536, MADV_DONTNEED) = 0 <0.000013>
2435865 22:04:49.935071 madvise(0x46a01f80000, 65536, MADV_DONTNEED) = 0 <0.000012>
2435865 22:04:49.935101 madvise(0x46a01f90000, 65536, MADV_DONTNEED) = 0 <0.000012>
2435865 22:04:49.935130 madvise(0x46a01fa0000, 65536, MADV_DONTNEED) = 0 <0.000012>
2435865 22:04:49.935160 madvise(0x46a01fb0000, 65536, MADV_DONTNEED) = 0 <0.000012>
2435865 22:04:49.935189 madvise(0x46a01fc0000, 65536, MADV_DONTNEED) = 0 <0.000013>
2435865 22:04:49.935219 madvise(0x46a01fd0000, 65536, MADV_DONTNEED) = 0 <0.000013>
2435865 22:04:49.935249 madvise(0x46a01fe0000, 65536, MADV_DONTNEED) = 0 <0.000012>
2435865 22:04:49.935279 madvise(0x46a01ff0000, 65536, MADV_DONTNEED) = 0 <0.000024>
2435865 22:04:49.935320 madvise(0x46a02000000, 4194304, MADV_DONTNEED) = 0 <0.000038>
2435865 22:04:49.935375 madvise(0x46a02400000, 4194304, MADV_DONTNEED) = 0 <0.000032>
2435865 22:04:49.935425 madvise(0x46a02800000, 2228224, MADV_DONTNEED) = 0 <0.000054>
2435865 22:04:49.935497 madvise(0x46a02a30000, 131072, MADV_DONTNEED) = 0 <0.000016>
2435865 22:04:49.935530 madvise(0x46a02a80000, 1572864, MADV_DONTNEED) = 0 <0.000072>
2435865 22:04:49.935619 madvise(0x46a02c00000, 4194304, MADV_DONTNEED) = 0 <0.000028>
2435865 22:04:49.935664 madvise(0x46a03000000, 4194304, MADV_DONTNEED) = 0 <0.000018>
2435865 22:04:49.935705 madvise(0x46a03400000, 4194304, MADV_DONTNEED) = 0 <0.000018>
2435865 22:04:49.935746 madvise(0x46a03800000, 4194304, MADV_DONTNEED) = 0 <0.000027>
2435865 22:04:49.935791 madvise(0x46a03c00000, 4194304, MADV_DONTNEED) = 0 <0.000030>
2435865 22:04:49.935840 madvise(0x46a04000000, 4194304, MADV_DONTNEED) = 0 <0.000019>
2435865 22:04:49.935877 madvise(0x46a04400000, 4194304, MADV_DONTNEED) = 0 <0.000026>
2435865 22:04:49.935920 madvise(0x46a04800000, 4194304, MADV_DONTNEED) = 0 <0.000027>
2435865 22:04:49.935964 madvise(0x46a04c00000, 4194304, MADV_DONTNEED) = 0 <0.000027>
2435865 22:04:49.936009 madvise(0x46a05000000, 917504, MADV_DONTNEED) = 0 <0.000065>
2435865 22:04:49.937099 +++ exited with 0 +++
