2435927 22:04:50.146363 mprotect(0x77b837000000, 16384, PROT_READ) = 0 <0.000017>
2435927 22:04:50.146507 mprotect(0x77b837286000, 4096, PROT_READ) = 0 <0.000018>
2435927 22:04:50.146554 mprotect(0x77b8372b4000, 4096, PROT_READ) = 0 <0.000014>
2435927 22:04:50.146814 mprotect(0x5edb829a5000, 172032, PROT_READ) = 0 <0.000014>
2435927 22:04:50.146856 mprotect(0x77b8372fc000, 8192, PROT_READ) = 0 <0.000019>
2435927 22:04:50.147205 mprotect(0x77b8372c1000, 4096, PROT_NONE) = 0 <0.000015>
2435927 22:04:50.147268 madvise(0x3c2c7400000, 1073741824, MADV_HUGEPAGE) = 0 <0.000013>
2435927 22:04:50.175938 mprotect(0x77b8369c0000, 2097152, PROT_READ|PROT_WRITE) = 0 <0.000023>
2435928 22:04:50.176287 mprotect(0x77b830000000, 135168, PROT_READ|PROT_WRITE) = 0 <0.000023>
2435928 22:04:50.176399 mprotect(0x77b8372be000, 4096, PROT_NONE) = 0 <0.000011>
2435927 22:04:50.211630 getrusage(RUSAGE_SELF, {ru_utime={tv_sec=0, tv_usec=32673}, ru_stime={tv_sec=0, tv_usec=32673}, ru_maxrss=59868, ru_ixrss=0, ru_idrss=0, ru_isrss=0, ru_minflt=318, ru_majflt=0, ru_nswap=0, ru_inblock=0, ru_oublock=0, ru_msgsnd=0, ru_msgrcv=0, ru_nsignals=0, ru_nvcsw=49, ru_nivcsw=3}) = 0 <0.000022>
2435927 22:04:50.280695 getrusage(RUSAGE_SELF, {ru_utime={tv_sec=0, tv_usec=101162}, ru_stime={tv_sec=0, tv_usec=33052}, ru_maxrss=61920, ru_ixrss=0, ru_idrss=0, ru_isrss=0, ru_minflt=324, ru_majflt=0, ru_nswap=0, ru_inblock=0, ru_oublock=0, ru_msgsnd=0, ru_msgrcv=0, ru_nsignals=0, ru_nvcsw=51, ru_nivcsw=3}) = 0 <0.000019>
2435927 22:04:50.280926 getrusage(RUSAGE_SELF, {ru_utime={tv_sec=0, tv_usec=101214}, ru_stime={tv_sec=0, tv_usec=33070}, ru_maxrss=61920, ru_ixrss=0, ru_idrss=0, ru_isrss=0, ru_minflt=324, ru_majflt=0, ru_nswap=0, ru_inblock=0, ru_oublock=0, ru_msgsnd=0, ru_msgrcv=0, ru_nsignals=0, ru_nvcsw=53, ru_nivcsw=3}) = 0 <0.000012>
2435928 22:04:50.281119 madvise(0x77b8369bf000, 2076672, MADV_DONTNEED) = 0 <0.000014>
2435928 22:04:50.281200 +++ exited with 0 +++
2435927 22:04:50.281426 madvise(0x3c2c7630000, 65536, MADV_DONTNEED) = 0 <0.000039>
2435927 22:04:50.281486 madvise(0x3c2c7650000, 131072, MADV_DONTNEED) = 0 <0.000018>
2435927 22:04:50.281523 madvise(0x3c2c7680000, 65536, MADV_DONTNEED) = 0 <0.000013>
2435927 22:04:50.281553 madvise(0x3c2c76a0000, 131072, MADV_DONTNEED) = 0 <0.000016>
2435927 22:04:50.281586 madvise(0x3c2c76d0000, 655360, MADV_DONTNEED) = 0 <0.000036>
2435927 22:04:50.281640 madvise(0x3c2c7780000, 524288, MADV_DONTNEED) = 0 <0.000030>
2435927 22:04:50.281688 madvise(0x3c2c7800000, 65536, MADV_DONTNEED) = 0 <0.000031>
2435927 22:04:50.281737 madvise(0x3c2c7810000, 65536, MADV_DONTNEED) = 0 <0.000014>
2435927 22:04:50.281773 madvise(0x3c2c7820000, 65536, MADV_DONTNEED) = 0 <0.000013>
2435927 22:04:50.281803 madvise(0x3c2c7830000, 65536, MADV_DONTNEED) = 0 <0.000013>
2435927 22:04:50.281833 madvise(0x3c2c7850000, 65536, MADV_DONTNEED) = 0 <0.000013>
2435927 22:04:50.281863 madvise(0x3c2c7860000, 65536, MADV_DONTNEED) = 0 <0.000013>
2435927 22:04:50.281893 madvise(0x3c2c7870000, 65536, MADV_DONTNEED) = 0 <0.000013>
2435927 22:04:50.281923 madvise(0x3c2c7880000, 65536, MADV_DONTNEED) = 0 <0.000013>
2435927 22:04:50.281953 madvise(0x3c2c7890000, 65536, MADV_DONTNEED) = 0 <0.000012>
2435927 22:04:50.281983 madvise(0x3c2c78a0000, 65536, MADV_DONTNEED) = 0 <0.000012>
2435927 22:04:50.282012 madvise(0x3c2c78b0000, 65536, MADV_DONTNEED) = 0 <0.000013>
2435927 22:04:50.282042 madvise(0x3c2c78d0000, 65536, MADV_DONTNEED) = 0 <0.000013>
2435927 22:04:50.282072 madvise(0x3c2c78e0000, 65536, MADV_DONTNEED) = 0 <0.000012>
2435927 22:04:50.282102 madvise(0x3c2c78f0000, 65536, MADV_DONTNEED) = 0 <0.000013>
2435927 22:04:50.282132 madvise(0x3c2c7900000, 65536, MADV_DONTNEED) = 0 <0.000013>
2435927 22:04:50.282162 madvise(0x3c2c7910000, 65536, MADV_DONTNEED) = 0 <0.000013>
2435927 22:04:50.282193 madvise(0x3c2c7920000, 65536, MADV_DONTNEED) = 0 <0.000013>
2435927 22:04:50.282223 madvise(0x3c2c7930000, 65536, MADV_DONTNEED) = 0 <0.000013>
2435927 22:04:50.282252 madvise(0x3c2c7940000, 65536, MADV_DONTNEED) = 0 <0.000013>
2435927 22:04:50.282282 madvise(0x3c2c7950000, 65536, MADV_DONTNEED) = 0 <0.000013>
2435927 22:04:50.282319 madvise(0x3c2c7960000, 65536, MADV_DONTNEED) = 0 <0.000013>
2435927 22:04:50.282349 madvise(0x3c2c7970000, 65536, MADV_DONTNEED) = 0 <0.000013>
2435927 22:04:50.282379 madvise(0x3c2c7980000, 65536, MADV_DONTNEED) = 0 <0.000013>
2435927 22:04:50.282411 madvise(0x3c2c7990000, 65536, MADV_DONTNEED) = 0 <0.000013>
2435927 22:04:50.282441 madvise(0x3c2c79a0000, 65536, MADV_DONTNEED) = 0 <0.000013>
2435927 22:04:50.282471 madvise(0x3c2c79b0000, 65536, MADV_DONTNEED) = 0 <0.000015>
2435927 22:04:50.282505 madvise(0x3c2c79c0000, 65536, MADV_DONTNEED) = 0 <0.000013>
2435927 22:04:50.282535 madvise(0x3c2c79d0000, 65536, MADV_DONTNEED) = 0 <0.000013>
2435927 22:04:50.282565 madvise(0x3c2c79e0000, 65536, MADV_DONTNEED) = 0 <0.000013>
2435927 22:04:50.282595 madvise(0x3c2c79f0000, 65536, MADV_DONTNEED) = 0 <0.000013>
2435927 22:04:50.282625 madvise(0x3c2c7a00000, 65536, MADV_DONTNEED) = 0 <0.000031>
2435927 22:04:50.282673 madvise(0x3c2c7a10000, 65536, MADV_DONTNEED) = 0 <0.000013>
2435927 22:04:50.282703 madvise(0x3c2c7a20000, 65536, MADV_DONTNEED) = 0 <0.000013>
2435927 22:04:50.282733 madvise(0x3c2c7a30000, 65536, MADV_DONTNEED) = 0 <0.000016>
2435927 22:04:50.282767 madvise(0x3c2c7a40000, 65536, MADV_DONTNEED) = 0 <0.000013>
2435927 22:04:50.282797 madvise(0x3c2c7a50000, 65536, MADV_DONTNEED) = 0 <0.000013>
2435927 22:04:50.282827 madvise(0x3c2c7a60000, 65536, MADV_DONTNEED) = 0 <0.000013>
2435927 22:04:50.282857 madvise(0x3c2c7a70000, 65536, MADV_DONTNEED) = 0 <0.000013>
2435927 22:04:50.282886 madvise(0x3c2c7a80000, 65536, MADV_DONTNEED) = 0 <0.000013>
2435927 22:04:50.282916 madvise(0x3c2c7a90000, 65536, MADV_DONTNEED) = 0 <0.000013>
2435927 22:04:50.282947 madvise(0x3c2c7aa0000, 65536, MADV_DONTNEED) = 0 <0.000013>
2435927 22:04:50.282976 madvise(0x3c2c7ab0000, 65536, MADV_DONTNEED) = 0 <0.000013>
2435927 22:04:50.283006 madvise(0x3c2c7ac0000, 65536, MADV_DONTNEED) = 0 <0.000013>
2435927 22:04:50.283036 madvise(0x3c2c7ad0000, 65536, MADV_DONTNEED) = 0 <0.000013>
2435927 22:04:50.283065 madvise(0x3c2c7ae0000, 65536, MADV_DONTNEED) = 0 <0.000013>
2435927 22:04:50.283095 madvise(0x3c2c7af0000, 65536, MADV_DONTNEED) = 0 <0.000013>
2435927 22:04:50.283125 madvise(0x3c2c7b00000, 65536, MADV_DONTNEED) = 0 <0.000013>
2435927 22:04:50.283155 madvise(0x3c2c7b10000, 65536, MADV_DONTNEED) = 0 <0.000013>
2435927 22:04:50.283185 madvise(0x3c2c7b20000, 65536, MADV_DONTNEED) = 0 <0.000013>
2435927 22:04:50.283214 madvise(0x3c2c7b30000, 65536, MADV_DONTNEED) = 0 <0.000013>
2435927 22:04:50.283244 madvise(0x3c2c7b40000, 65536, MADV_DONTNEED) = 0 <0.000012>
2435927 22:04:50.283274 madvise(0x3c2c7b50000, 65536, MADV_DONTNEED) = 0 <0.000012>
2435927 22:04:50.283303 madvise(0x3c2c7b60000, 65536, MADV_DONTNEED) = 0 <0.000012>
2435927 22:04:50.283333 madvise(0x3c2c7b70000, 65536, MADV_DONTNEED) = 0 <0.000013>
2435927 22:04:50.283363 madvise(0x3c2c7b80000, 65536, MADV_DONTNEED) = 0 <0.000013>
2435927 22:04:50.283392 madvise(0x3c2c7b90000, 65536, MADV_DONTNEED) = 0 <0.000012>
2435927 22:04:50.283422 madvise(0x3c2c7ba0000, 65536, MADV_DONTNEED) = 0 <0.000013>
2435927 22:04:50.283451 madvise(0x3c2c7bb0000, 65536, MADV_DONTNEED) = 0 <0.000013>
2435927 22:04:50.283483 madvise(0x3c2c7bc0000, 65536, MADV_DONTNEED) = 0 <0.000015>
2435927 22:04:50.283516 madvise(0x3c2c7bd0000, 65536, MADV_DONTNEED) = 0 <0.000013>
2435927 22:04:50.283546 madvise(0x3c2c7be0000, 65536, MADV_DONTNEED) = 0 <0.000013>
2435927 22:04:50.283575 madvise(0x3c2c7bf0000, 65536, MADV_DONTNEED) = 0 <0.000024>
2435927 22:04:50.283616 madvise(0x3c2c7c00000, 4194304, MADV_DONTNEED) = 0 <0.000029>
2435927 22:04:50.283663 madvise(0x3c2c8000000, 4194304, MADV_DONTNEED) = 0 <0.000027>
2435927 22:04:50.283707 madvise(0x3c2c8400000, 2228224, MADV_DONTNEED) = 0 <0.000048>
2435927 22:04:50.283773 madvise(0x3c2c8630000, 131072, MADV_DONTNEED) = 0 <0.000016>
2435927 22:04:50.283806 madvise(0x3c2c8680000, 1572864, MADV_DONTNEED) = 0 <0.000072>
2435927 22:04:50.283896 madvise(0x3c2c8800000, 4194304, MADV_DONTNEED) = 0 <0.000028>
2435927 22:04:50.283941 madvise(0x3c2c8c00000, 4194304, MADV_DONTNEED) = 0 <0.000018>
2435927 22:04:50.283979 madvise(0x3c2c9000000, 4194304, MADV_DONTNEED) = 0 <0.000019>
2435927 22:04:50.284016 madvise(0x3c2c9400000, 4194304, MADV_DONTNEED) = 0 <0.000027>
2435927 22:04:50.284060 madvise(0x3c2c9800000, 4194304, MADV_DONTNEED) = 0 <0.000030>
2435927 22:04:50.284107 madvise(0x3c2c9c00000, 4194304, MADV_DONTNEED) = 0 <0.000018>
2435927 22:04:50.284142 madvise(0x3c2ca000000, 4194304, MADV_DONTNEED) = 0 <0.000027>
2435927 22:04:50.284187 madvise(0x3c2ca400000, 4194304, MADV_DONTNEED) = 0 <0.000027>
2435927 22:04:50.284231 madvise(0x3c2ca800000, 4194304, MADV_DONTNEED) = 0 <0.000026>
2435927 22:04:50.284275 madvise(0x3c2cac00000, 917504, MADV_DONTNEED) = 0 <0.000066>
2435927 22:04:50.285356 +++ exited with 0 +++
