2436043 22:04:50.489786 mprotect(0x79d32d200000, 16384, PROT_READ) = 0 <0.000016>
2436043 22:04:50.489902 mprotect(0x79d32d3e9000, 4096, PROT_READ) = 0 <0.000015>
2436043 22:04:50.489937 mprotect(0x79d32d417000, 4096, PROT_READ) = 0 <0.000011>
2436043 22:04:50.490205 mprotect(0x59b3b1847000, 172032, PROT_READ) = 0 <0.000011>
2436043 22:04:50.490238 mprotect(0x79d32d45f000, 8192, PROT_READ) = 0 <0.000015>
2436043 22:04:50.490597 mprotect(0x79d32d424000, 4096, PROT_NONE) = 0 <0.000012>
2436043 22:04:50.490647 madvise(0x41b95800000, 1073741824, MADV_HUGEPAGE) = 0 <0.000009>
2436043 22:04:50.571615 mprotect(0x79d32cbc0000, 2097152, PROT_READ|PROT_WRITE) = 0 <0.000025>
2436045 22:04:50.571977 mprotect(0x79d328000000, 135168, PROT_READ|PROT_WRITE) = 0 <0.000022>
2436045 22:04:50.572086 mprotect(0x79d32d421000, 4096, PROT_NONE) = 0 <0.000012>
2436043 22:04:50.607958 getrusage(RUSAGE_SELF, {ru_utime={tv_sec=0, tv_usec=43700}, ru_stime={tv_sec=0, tv_usec=74489}, ru_maxrss=63968, ru_ixrss=0, ru_idrss=0, ru_isrss=0, ru_minflt=325, ru_majflt=0, ru_nswap=0, ru_inblock=0, ru_oublock=0, ru_msgsnd=0, ru_msgrcv=0, ru_nsignals=0, ru_nvcsw=49, ru_nivcsw=5}) = 0 <0.000017>
2436043 22:04:50.678150 getrusage(RUSAGE_SELF, {ru_utime={tv_sec=0, tv_usec=112493}, ru_stime={tv_sec=0, tv_usec=75659}, ru_maxrss=63968, ru_ixrss=0, ru_idrss=0, ru_isrss=0, ru_minflt=329, ru_majflt=0, ru_nswap=0, ru_inblock=0, ru_oublock=0, ru_msgsnd=0, ru_msgrcv=0, ru_nsignals=0, ru_nvcsw=51, ru_nivcsw=6}) = 0 <0.000024>
2436043 22:04:50.678345 getrusage(RUSAGE_SELF, {ru_utime={tv_sec=0, tv_usec=112547}, ru_stime={tv_sec=0, tv_usec=75695}, ru_maxrss=63968, ru_ixrss=0, ru_idrss=0, ru_isrss=0, ru_minflt=329, ru_majflt=0, ru_nswap=0, ru_inblock=0, ru_oublock=0, ru_msgsnd=0, ru_msgrcv=0, ru_nsignals=0, ru_nvcsw=53, ru_nivcsw=6}) = 0 <0.000013>
2436045 22:04:50.678545 madvise(0x79d32cbbf000, 2076672, MADV_DONTNEED) = 0 <0.000015>
2436045 22:04:50.678628 +++ exited with 0 +++
2436043 22:04:50.678868 madvise(0x41b95a30000, 65536, MADV_DONTNEED) = 0 <0.000040>
2436043 22:04:50.678928 madvise(0x41b95a50000, 131072, MADV_DONTNEED) = 0 <0.000016>
2436043 22:04:50.678962 madvise(0x41b95a80000, 65536, MADV_DONTNEED) = 0 <0.000013>
2436043 22:04:50.678992 madvise(0x41b95ab0000, 65536, MADV_DONTNEED) = 0 <0.000015>
2436043 22:04:50.679028 madvise(0x41b95ad0000, 655360, MADV_DONTNEED) = 0 <0.000036>
2436043 22:04:50.679082 madvise(0x41b95b80000, 524288, MADV_DONTNEED) = 0 <0.000030>
2436043 22:04:50.679130 madvise(0x41b95c00000, 4194304, MADV_DONTNEED) = 0 <0.000030>
2436043 22:04:50.679177 madvise(0x41b96000000, 4194304, MADV_DONTNEED) = 0 <0.000028>
2436043 22:04:50.679229 madvise(0x41b96400000, 4194304, MADV_DONTNEED) = 0 <0.000049>
2436043 22:04:50.679299 madvise(0x41b96800000, 1179648, MADV_DONTNEED) = 0 <0.000147>
2436043 22:04:50.679468 madvise(0x41b96930000, 2949120, MADV_DONTNEED) = 0 <0.000101>
2436043 22:04:50.679592 madvise(0x41b96c00000, 1441792, MADV_DONTNEED) = 0 <0.000177>
2436043 22:04:50.679792 madvise(0x41b96d70000, 983040, MADV_DONTNEED) = 0 <0.000131>
2436043 22:04:50.679951 madvise(0x41b96e80000, 1572864, MADV_DONTNEED) = 0 <0.000142>
2436043 22:04:50.680117 madvise(0x41b97000000, 4194304, MADV_DONTNEED) = 0 <0.000049>
2436043 22:04:50.680189 madvise(0x41b97400000, 3342336, MADV_DONTNEED) = 0 <0.000096>
2436043 22:04:50.680303 madvise(0x41b97800000, 4194304, MADV_DONTNEED) = 0 <0.000018>
2436043 22:04:50.680339 madvise(0x41b99800000, 4194304, MADV_DONTNEED) = 0 <0.000030>
2436043 22:04:50.680386 madvise(0x41b99c00000, 4194304, MADV_DONTNEED) = 0 <0.000027>
2436043 22:04:50.680431 madvise(0x41b9a000000, 4194304, MADV_DONTNEED) = 0 <0.000027>
2436043 22:04:50.680475 madvise(0x41b9a400000, 4194304, MADV_DONTNEED) = 0 <0.000029>
2436043 22:04:50.680522 madvise(0x41b9a800000, 4194304, MADV_DONTNEED) = 0 <0.000027>
2436043 22:04:50.680567 madvise(0x41b9ac00000, 2031616, MADV_DONTNEED) = 0 <0.000110>
2436043 22:04:50.681728 +++ exited with 0 +++
