2436105 22:04:50.895235 mprotect(0x7dc07b200000, 16384, PROT_READ) = 0 <0.000015>
2436105 22:04:50.895343 mprotect(0x7dc07b37b000, 4096, PROT_READ) = 0 <0.000014>
2436105 22:04:50.895379 mprotect(0x7dc07b3a9000, 4096, PROT_READ) = 0 <0.000012>
2436105 22:04:50.895619 mprotect(0x5bd42719f000, 172032, PROT_READ) = 0 <0.000011>
2436105 22:04:50.895651 mprotect(0x7dc07b3f1000, 8192, PROT_READ) = 0 <0.000014>
2436105 22:04:50.895969 mprotect(0x7dc07b3b6000, 4096, PROT_NONE) = 0 <0.000013>
2436105 22:04:50.896020 madvise(0x4e192800000, 1073741824, MADV_HUGEPAGE) = 0 <0.000010>
2436105 22:04:50.977365 mprotect(0x7dc07abc0000, 2097152, PROT_READ|PROT_WRITE) = 0 <0.000031>
2436106 22:04:50.977810 mprotect(0x7dc074000000, 135168, PROT_READ|PROT_WRITE) = 0 <0.000022>
2436106 22:04:50.977921 mprotect(0x7dc07b3b3000, 4096, PROT_NONE) = 0 <0.000012>
2436105 22:04:51.014817 getrusage(RUSAGE_SELF, {ru_utime={tv_sec=0, tv_usec=51716}, ru_stime={tv_sec=0, tv_usec=67629}, ru_maxrss=63964, ru_ixrss=0, ru_idrss=0, ru_isrss=0, ru_minflt=325, ru_majflt=0, ru_nswap=0, ru_inblock=0, ru_oublock=0, ru_msgsnd=0, ru_msgrcv=0, ru_nsignals=0, ru_nvcsw=49, ru_nivcsw=3}) = 0 <0.000016>
2436105 22:04:51.084303 getrusage(RUSAGE_SELF, {ru_utime={tv_sec=0, tv_usec=120771}, ru_stime={tv_sec=0, tv_usec=67871}, ru_maxrss=63964, ru_ixrss=0, ru_idrss=0, ru_isrss=0, ru_minflt=328, ru_majflt=0, ru_nswap=0, ru_inblock=0, ru_oublock=0, ru_msgsnd=0, ru_msgrcv=0, ru_nsignals=0, ru_nvcsw=51, ru_nivcsw=3}) = 0 <0.000016>
2436105 22:04:51.084474 getrusage(RUSAGE_SELF, {ru_utime={tv_sec=0, tv_usec=120814}, ru_stime={tv_sec=0, tv_usec=67895}, ru_maxrss=63964, ru_ixrss=0, ru_idrss=0, ru_isrss=0, ru_minflt=328, ru_majflt=0, ru_nswap=0, ru_inblock=0, ru_oublock=0, ru_msgsnd=0, ru_msgrcv=0, ru_nsignals=0, ru_nvcsw=53, ru_nivcsw=3}) = 0 <0.000012>
2436106 22:04:51.084659 madvise(0x7dc07abbf000, 2076672, MADV_DONTNEED) = 0 <0.000016>
2436106 22:04:51.084739 +++ exited with 0 +++
2436105 22:04:51.084932 madvise(0x4e192a30000, 65536, MADV_DONTNEED) = 0 <0.000040>
2436105 22:04:51.084991 madvise(0x4e192a50000, 131072, MADV_DONTNEED) = 0 <0.000016>
2436105 22:04:51.085025 madvise(0x4e192a80000, 65536, MADV_DONTNEED) = 0 <0.000013>
2436105 22:04:51.085055 madvise(0x4e192ab0000, 65536, MADV_DONTNEED) = 0 <0.000013>
2436105 22:04:51.085085 madvise(0x4e192ad0000, 655360, MADV_DONTNEED) = 0 <0.000036>
2436105 22:04:51.085139 madvise(0x4e192b80000, 524288, MADV_DONTNEED) = 0 <0.000030>
2436105 22:04:51.085187 madvise(0x4e192c00000, 4194304, MADV_DONTNEED) = 0 <0.000032>
2436105 22:04:51.085236 madvise(0x4e193000000, 4194304, MADV_DONTNEED) = 0 <0.000027>
2436105 22:04:51.085281 madvise(0x4e193400000, 4194304, MADV_DONTNEED) = 0 <0.000028>
2436105 22:04:51.085326 madvise(0x4e193800000, 1179648, MADV_DONTNEED) = 0 <0.000076>
2436105 22:04:51.085420 madvise(0x4e193930000, 2949120, MADV_DONTNEED) = 0 <0.000053>
2436105 22:04:51.085490 madvise(0x4e193c00000, 1441792, MADV_DONTNEED) = 0 <0.000086>
2436105 22:04:51.085594 madvise(0x4e193d70000, 983040, MADV_DONTNEED) = 0 <0.000068>
2436105 22:04:51.085679 madvise(0x4e193e80000, 1572864, MADV_DONTNEED) = 0 <0.000079>
2436105 22:04:51.085777 madvise(0x4e194000000, 4194304, MADV_DONTNEED) = 0 <0.000027>
2436105 22:04:51.085822 madvise(0x4e194400000, 3342336, MADV_DONTNEED) = 0 <0.000078>
2436105 22:04:51.085918 madvise(0x4e194800000, 4194304, MADV_DONTNEED) = 0 <0.000018>
2436105 22:04:51.085954 madvise(0x4e196800000, 4194304, MADV_DONTNEED) = 0 <0.000028>
2436105 22:04:51.085999 madvise(0x4e196c00000, 4194304, MADV_DONTNEED) = 0 <0.000028>
2436105 22:04:51.086046 madvise(0x4e197000000, 4194304, MADV_DONTNEED) = 0 <0.000027>
2436105 22:04:51.086092 madvise(0x4e197400000, 4194304, MADV_DONTNEED) = 0 <0.000027>
2436105 22:04:51.086137 madvise(0x4e197800000, 4194304, MADV_DONTNEED) = 0 <0.000029>
2436105 22:04:51.086184 madvise(0x4e197c00000, 2031616, MADV_DONTNEED) = 0 <0.000111>
2436105 22:04:51.087323 +++ exited with 0 +++
