2436188 22:04:51.297485 mprotect(0x7922d2a00000, 16384, PROT_READ) = 0 <0.000016>
2436188 22:04:51.297601 mprotect(0x7922d2be9000, 4096, PROT_READ) = 0 <0.000015>
2436188 22:04:51.297639 mprotect(0x7922d2c17000, 4096, PROT_READ) = 0 <0.000013>
2436188 22:04:51.297882 mprotect(0x5a20bb50d000, 172032, PROT_READ) = 0 <0.000012>
2436188 22:04:51.297917 mprotect(0x7922d2c5f000, 8192, PROT_READ) = 0 <0.000018>
2436188 22:04:51.298284 mprotect(0x7922d2c24000, 4096, PROT_NONE) = 0 <0.000013>
2436188 22:04:51.298335 madvise(0x40257800000, 1073741824, MADV_HUGEPAGE) = 0 <0.000010>
2436188 22:04:51.325281 mprotect(0x7922d23c0000, 2097152, PROT_READ|PROT_WRITE) = 0 <0.000024>
2436217 22:04:51.325623 mprotect(0x7922cc000000, 135168, PROT_READ|PROT_WRITE) = 0 <0.000020>
2436217 22:04:51.325723 mprotect(0x7922d2c21000, 4096, PROT_NONE) = 0 <0.000020>
2436188 22:04:51.360769 getrusage(RUSAGE_SELF, {ru_utime={tv_sec=0, tv_usec=35241}, ru_stime={tv_sec=0, tv_usec=28193}, ru_maxrss=59872, ru_ixrss=0, ru_idrss=0, ru_isrss=0, ru_minflt=324, ru_majflt=0, ru_nswap=0, ru_inblock=0, ru_oublock=0, ru_msgsnd=0, ru_msgrcv=0, ru_nsignals=0, ru_nvcsw=49, ru_nivcsw=2}) = 0 <0.000017>
2436188 22:04:51.430539 getrusage(RUSAGE_SELF, {ru_utime={tv_sec=0, tv_usec=104764}, ru_stime={tv_sec=0, tv_usec=28205}, ru_maxrss=61924, ru_ixrss=0, ru_idrss=0, ru_isrss=0, ru_minflt=327, ru_majflt=0, ru_nswap=0, ru_inblock=0, ru_oublock=0, ru_msgsnd=0, ru_msgrcv=0, ru_nsignals=0, ru_nvcsw=51, ru_nivcsw=3}) = 0 <0.000018>
2436188 22:04:51.430720 getrusage(RUSAGE_SELF, {ru_utime={tv_sec=0, tv_usec=104825}, ru_stime={tv_sec=0, tv_usec=28222}, ru_maxrss=61924, ru_ixrss=0, ru_idrss=0, ru_isrss=0, ru_minflt=327, ru_majflt=0, ru_nswap=0, ru_inblock=0, ru_oublock=0, ru_msgsnd=0, ru_msgrcv=0, ru_nsignals=0, ru_nvcsw=53, ru_nivcsw=3}) = 0 <0.000013>
2436217 22:04:51.430958 madvise(0x7922d23bf000, 2076672, MADV_DONTNEED) = 0 <0.000016>
2436217 22:04:51.431047 +++ exited with 0 +++
2436188 22:04:51.431290 madvise(0x40257a30000, 65536, MADV_DONTNEED) = 0 <0.000040>
2436188 22:04:51.431351 madvise(0x40257a50000, 131072, MADV_DONTNEED) = 0 <0.000016>
2436188 22:04:51.431384 madvise(0x40257a80000, 65536, MADV_DONTNEED) = 0 <0.000013>
2436188 22:04:51.431415 madvise(0x40257aa0000, 131072, MADV_DONTNEED) = 0 <0.000016>
2436188 22:04:51.431448 madvise(0x40257ad0000, 655360, MADV_DONTNEED) = 0 <0.000036>
2436188 22:04:51.431501 madvise(0x40257b80000, 524288, MADV_DONTNEED) = 0 <0.000030>
2436188 22:04:51.431549 madvise(0x40257c00000, 65536, MADV_DONTNEED) = 0 <0.000031>
2436188 22:04:51.431598 madvise(0x40257c10000, 65536, MADV_DONTNEED) = 0 <0.000013>
2436188 22:04:51.431628 madvise(0x40257c20000, 65536, MADV_DONTNEED) = 0 <0.000013>
2436188 22:04:51.431660 madvise(0x40257c30000, 65536, MADV_DONTNEED) = 0 <0.000015>
2436188 22:04:51.431694 madvise(0x40257c50000, 65536, MADV_DONTNEED) = 0 <0.000013>
2436188 22:04:51.431723 madvise(0x40257c60000, 65536, MADV_DONTNEED) = 0 <0.000017>
2436188 22:04:51.431759 madvise(0x40257c70000, 65536, MADV_DONTNEED) = 0 <0.000013>
2436188 22:04:51.431790 madvise(0x40257c80000, 65536, MADV_DONTNEED) = 0 <0.000013>
2436188 22:04:51.431820 madvise(0x40257c90000, 65536, MADV_DONTNEED) = 0 <0.000013>
2436188 22:04:51.431850 madvise(0x40257ca0000, 65536, MADV_DONTNEED) = 0 <0.000013>
2436188 22:04:51.431880 madvise(0x40257cb0000, 65536, MADV_DONTNEED) = 0 <0.000013>
2436188 22:04:51.431909 madvise(0x40257cd0000, 65536, MADV_DONTNEED) = 0 <0.000013>
2436188 22:04:51.431939 madvise(0x40257ce0000, 65536, MADV_DONTNEED) = 0 <0.000013>
2436188 22:04:51.431969 madvise(0x40257cf0000, 65536, MADV_DONTNEED) = 0 <0.000013>
2436188 22:04:51.431999 madvise(0x40257d00000, 65536, MADV_DONTNEED) = 0 <0.000013>
2436188 22:04:51.432029 madvise(0x40257d10000, 65536, MADV_DONTNEED) = 0 <0.000013>
2436188 22:04:51.432059 madvise(0x40257d20000, 65536, MADV_DONTNEED) = 0 <0.000013>
2436188 22:04:51.432089 madvise(0x40257d30000, 65536, MADV_DONTNEED) = 0 <0.000013>
2436188 22:04:51.432119 madvise(0x40257d40000, 65536, MADV_DONTNEED) = 0 <0.000013>
2436188 22:04:51.432149 madvise(0x40257d50000, 65536, MADV_DONTNEED) = 0 <0.000013>
2436188 22:04:51.432186 madvise(0x40257d60000, 65536, MADV_DONTNEED) = 0 <0.000013>
2436188 22:04:51.432217 madvise(0x40257d70000, 65536, MADV_DONTNEED) = 0 <0.000013>
2436188 22:04:51.432246 madvise(0x40257d80000, 65536, MADV_DONTNEED) = 0 <0.000013>
2436188 22:04:51.432276 madvise(0x40257d90000, 65536, MADV_DONTNEED) = 0 <0.000013>
2436188 22:04:51.432306 madvise(0x40257da0000, 65536, MADV_DONTNEED) = 0 <0.000013>
2436188 22:04:51.432336 madvise(0x40257db0000, 65536, MADV_DONTNEED) = 0 <0.000013>
2436188 22:04:51.432366 madvise(0x40257dc0000, 65536, MADV_DONTNEED) = 0 <0.000013>
2436188 22:04:51.432396 madvise(0x40257dd0000, 65536, MADV_DONTNEED) = 0 <0.000013>
2436188 22:04:51.432425 madvise(0x40257de0000, 65536, MADV_DONTNEED) = 0 <0.000013>
2436188 22:04:51.432455 madvise(0x40257df0000, 65536, MADV_DONTNEED) = 0 <0.000013>
2436188 22:04:51.432485 madvise(0x40257e00000, 65536, MADV_DONTNEED) = 0 <0.000031>
2436188 22:04:51.432533 madvise(0x40257e10000, 65536, MADV_DONTNEED) = 0 <0.000013>
2436188 22:04:51.432563 madvise(0x40257e20000, 65536, MADV_DONTNEED) = 0 <0.000013>
2436188 22:04:51.432593 madvise(0x40257e30000, 65536, MADV_DONTNEED) = 0 <0.000013>
2436188 22:04:51.432623 madvise(0x40257e40000, 65536, MADV_DONTNEED) = 0 <0.000013>
2436188 22:04:51.432653 madvise(0x40257e50000, 65536, MADV_DONTNEED) = 0 <0.000014>
2436188 22:04:51.432688 madvise(0x40257e60000, 65536, MADV_DONTNEED) = 0 <0.000013>
2436188 22:04:51.432718 madvise(0x40257e70000, 65536, MADV_DONTNEED) = 0 <0.000013>
2436188 22:04:51.432751 madvise(0x40257e80000, 65536, MADV_DONTNEED) = 0 <0.000013>
2436188 22:04:51.432782 madvise(0x40257e90000, 65536, MADV_DONTNEED) = 0 <0.000012>
2436188 22:04:51.432812 madvise(0x40257ea0000, 65536, MADV_DONTNEED) = 0 <0.000013>
2436188 22:04:51.432842 madvise(0x40257eb0000, 65536, MADV_DONTNEED) = 0 <0.000013>
2436188 22:04:51.432872 madvise(0x40257ec0000, 65536, MADV_DONTNEED) = 0 <0.000013>
2436188 22:04:51.432902 madvise(0x40257ed0000, 65536, MADV_DONTNEED) = 0 <0.000013>
2436188 22:04:51.432932 madvise(0x40257ee0000, 65536, MADV_DONTNEED) = 0 <0.000013>
2436188 22:04:51.432961 madvise(0x40257ef0000, 65536, MADV_DONTNEED) = 0 <0.000013>
2436188 22:04:51.432991 madvise(0x40257f00000, 65536, MADV_DONTNEED) = 0 <0.000013>
2436188 22:04:51.433021 madvise(0x40257f10000, 65536, MADV_DONTNEED) = 0 <0.000013>
2436188 22:04:51.433051 madvise(0x40257f20000, 65536, MADV_DONTNEED) = 0 <0.000013>
2436188 22:04:51.433081 madvise(0x40257f30000, 65536, MADV_DONTNEED) = 0 <0.000013>
2436188 22:04:51.433111 madvise(0x40257f40000, 65536, MADV_DONTNEED) = 0 <0.000013>
2436188 22:04:51.433141 madvise(0x40257f50000, 65536, MADV_DONTNEED) = 0 <0.000013>
2436188 22:04:51.433170 madvise(0x40257f60000, 65536, MADV_DONTNEED) = 0 <0.000013>
2436188 22:04:51.433200 madvise(0x40257f70000, 65536, MADV_DONTNEED) = 0 <0.000013>
2436188 22:04:51.433230 madvise(0x40257f80000, 65536, MADV_DONTNEED) = 0 <0.000013>
2436188 22:04:51.433260 madvise(0x40257f90000, 65536, MADV_DONTNEED) = 0 <0.000013>
2436188 22:04:51.433290 madvise(0x40257fa0000, 65536, MADV_DONTNEED) = 0 <0.000013>
2436188 22:04:51.433320 madvise(0x40257fb0000, 65536, MADV_DONTNEED) = 0 <0.000013>
2436188 22:04:51.433350 madvise(0x40257fc0000, 65536, MADV_DONTNEED) = 0 <0.000013>
2436188 22:04:51.433380 madvise(0x40257fd0000, 65536, MADV_DONTNEED) = 0 <0.000013>
2436188 22:04:51.433410 madvise(0x40257fe0000, 65536, MADV_DONTNEED) = 0 <0.000013>
2436188 22:04:51.433439 madvise(0x40257ff0000, 65536, MADV_DONTNEED) = 0 <0.000023>
2436188 22:04:51.433479 madvise(0x40258000000, 4194304, MADV_DONTNEED) = 0 <0.000029>
2436188 22:04:51.433525 madvise(0x40258400000, 4194304, MADV_DONTNEED) = 0 <0.000029>
2436188 22:04:51.433572 madvise(0x40258800000, 2228224, MADV_DONTNEED) = 0 <0.000043>
2436188 22:04:51.433632 madvise(0x40258a30000, 131072, MADV_DONTNEED) = 0 <0.000016>
2436188 22:04:51.433666 madvise(0x40258a80000, 1572864, MADV_DONTNEED) = 0 <0.000076>
2436188 22:04:51.433760 madvise(0x40258c00000, 4194304, MADV_DONTNEED) = 0 <0.000037>
2436188 22:04:51.433815 madvise(0x40259000000, 4194304, MADV_DONTNEED) = 0 <0.000019>
2436188 22:04:51.433856 madvise(0x40259400000, 4194304, MADV_DONTNEED) = 0 <0.000018>
2436188 22:04:51.433891 madvise(0x40259800000, 4194304, MADV_DONTNEED) = 0 <0.000027>
2436188 22:04:51.433936 madvise(0x40259c00000, 4194304, MADV_DONTNEED) = 0 <0.000028>
2436188 22:04:51.433981 madvise(0x4025a000000, 4194304, MADV_DONTNEED) = 0 <0.000018>
2436188 22:04:51.434017 madvise(0x4025a400000, 4194304, MADV_DONTNEED) = 0 <0.000026>
2436188 22:04:51.434060 madvise(0x4025a800000, 4194304, MADV_DONTNEED) = 0 <0.000027>
2436188 22:04:51.434104 madvise(0x4025ac00000, 4194304, MADV_DONTNEED) = 0 <0.000027>
2436188 22:04:51.434149 madvise(0x4025b000000, 917504, MADV_DONTNEED) = 0 <0.000065>
2436188 22:04:51.435242 +++ exited with 0 +++
