2436280 22:04:51.648800 mprotect(0x72613d000000, 16384, PROT_READ) = 0 <0.000015>
2436280 22:04:51.648915 mprotect(0x72613d1a2000, 4096, PROT_READ) = 0 <0.000014>
2436280 22:04:51.648951 mprotect(0x72613d1d0000, 4096, PROT_READ) = 0 <0.000011>
2436280 22:04:51.649205 mprotect(0x5f0d50967000, 172032, PROT_READ) = 0 <0.000011>
2436280 22:04:51.649237 mprotect(0x72613d218000, 8192, PROT_READ) = 0 <0.000016>
2436280 22:04:51.649577 mprotect(0x72613d1dd000, 4096, PROT_NONE) = 0 <0.000012>
2436280 22:04:51.649629 madvise(0x315c3800000, 1073741824, MADV_HUGEPAGE) = 0 <0.000009>
2436280 22:04:51.676262 mprotect(0x72613c9c0000, 2097152, PROT_READ|PROT_WRITE) = 0 <0.000024>
2436281 22:04:51.676617 mprotect(0x726138000000, 135168, PROT_READ|PROT_WRITE) = 0 <0.000022>
2436281 22:04:51.676728 mprotect(0x72613d1da000, 4096, PROT_NONE) = 0 <0.000017>
2436280 22:04:51.712013 getrusage(RUSAGE_SELF, {ru_utime={tv_sec=0, tv_usec=36238}, ru_stime={tv_sec=0, tv_usec=27178}, ru_maxrss=59872, ru_ixrss=0, ru_idrss=0, ru_isrss=0, ru_minflt=322, ru_majflt=0, ru_nswap=0, ru_inblock=0, ru_oublock=0, ru_msgsnd=0, ru_msgrcv=0, ru_nsignals=0, ru_nvcsw=49, ru_nivcsw=3}) = 0 <0.000017>
2436280 22:04:51.780975 getrusage(RUSAGE_SELF, {ru_utime={tv_sec=0, tv_usec=105032}, ru_stime={tv_sec=0, tv_usec=27178}, ru_maxrss=61924, ru_ixrss=0, ru_idrss=0, ru_isrss=0, ru_minflt=327, ru_majflt=0, ru_nswap=0, ru_inblock=0, ru_oublock=0, ru_msgsnd=0, ru_msgrcv=0, ru_nsignals=0, ru_nvcsw=51, ru_nivcsw=3}) = 0 <0.000015>
2436280 22:04:51.781144 getrusage(RUSAGE_SELF, {ru_utime={tv_sec=0, tv_usec=105103}, ru_stime={tv_sec=0, tv_usec=27178}, ru_maxrss=61924, ru_ixrss=0, ru_idrss=0, ru_isrss=0, ru_minflt=327, ru_majflt=0, ru_nswap=0, ru_inblock=0, ru_oublock=0, ru_msgsnd=0, ru_msgrcv=0, ru_nsignals=0, ru_nvcsw=53, ru_nivcsw=3}) = 0 <0.000013>
2436281 22:04:51.781356 madvise(0x72613c9bf000, 2076672, MADV_DONTNEED) = 0 <0.000018>
2436281 22:04:51.781444 +++ exited with 0 +++
2436280 22:04:51.781682 madvise(0x315c3a30000, 65536, MADV_DONTNEED) = 0 <0.000043>
2436280 22:04:51.781753 madvise(0x315c3a50000, 131072, MADV_DONTNEED) = 0 <0.000018>
2436280 22:04:51.781791 madvise(0x315c3a80000, 65536, MADV_DONTNEED) = 0 <0.000013>
2436280 22:04:51.781822 madvise(0x315c3aa0000, 131072, MADV_DONTNEED) = 0 <0.000016>
2436280 22:04:51.781857 madvise(0x315c3ad0000, 655360, MADV_DONTNEED) = 0 <0.000037>
2436280 22:04:51.781912 madvise(0x315c3b80000, 524288, MADV_DONTNEED) = 0 <0.000031>
2436280 22:04:51.781962 madvise(0x315c3c00000, 65536, MADV_DONTNEED) = 0 <0.000032>
2436280 22:04:51.782013 madvise(0x315c3c10000, 65536, MADV_DONTNEED) = 0 <0.000013>
2436280 22:04:51.782045 madvise(0x315c3c20000, 65536, MADV_DONTNEED) = 0 <0.000013>
2436280 22:04:51.782076 madvise(0x315c3c30000, 65536, MADV_DONTNEED) = 0 <0.000013>
2436280 22:04:51.782107 madvise(0x315c3c50000, 65536, MADV_DONTNEED) = 0 <0.000013>
2436280 22:04:51.782138 madvise(0x315c3c60000, 65536, MADV_DONTNEED) = 0 <0.000013>
2436280 22:04:51.782169 madvise(0x315c3c70000, 65536, MADV_DONTNEED) = 0 <0.000013>
2436280 22:04:51.782201 madvise(0x315c3c80000, 65536, MADV_DONTNEED) = 0 <0.000013>
2436280 22:04:51.782232 madvise(0x315c3c90000, 65536, MADV_DONTNEED) = 0 <0.000013>
2436280 22:04:51.782263 madvise(0x315c3ca0000, 65536, MADV_DONTNEED) = 0 <0.000013>
2436280 22:04:51.782293 madvise(0x315c3cb0000, 65536, MADV_DONTNEED) = 0 <0.000013>
2436280 22:04:51.782323 madvise(0x315c3cd0000, 65536, MADV_DONTNEED) = 0 <0.000013>
2436280 22:04:51.782354 madvise(0x315c3ce0000, 65536, MADV_DONTNEED) = 0 <0.000013>
2436280 22:04:51.782384 madvise(0x315c3cf0000, 65536, MADV_DONTNEED) = 0 <0.000013>
2436280 22:04:51.782414 madvise(0x315c3d00000, 65536, MADV_DONTNEED) = 0 <0.000014>
2436280 22:04:51.782445 madvise(0x315c3d10000, 65536, MADV_DONTNEED) = 0 <0.000013>
2436280 22:04:51.782476 madvise(0x315c3d20000, 65536, MADV_DONTNEED) = 0 <0.000012>
2436280 22:04:51.782505 madvise(0x315c3d30000, 65536, MADV_DONTNEED) = 0 <0.000013>
2436280 22:04:51.782535 madvise(0x315c3d40000, 65536, MADV_DONTNEED) = 0 <0.000013>
2436280 22:04:51.782565 madvise(0x315c3d50000, 65536, MADV_DONTNEED) = 0 <0.000013>
2436280 22:04:51.782605 madvise(0x315c3d60000, 65536, MADV_DONTNEED) = 0 <0.000013>
2436280 22:04:51.782635 madvise(0x315c3d70000, 65536, MADV_DONTNEED) = 0 <0.000013>
2436280 22:04:51.782666 madvise(0x315c3d80000, 65536, MADV_DONTNEED) = 0 <0.000013>
2436280 22:04:51.782696 madvise(0x315c3d90000, 65536, MADV_DONTNEED) = 0 <0.000013>
2436280 22:04:51.782726 madvise(0x315c3da0000, 65536, MADV_DONTNEED) = 0 <0.000018>
2436280 22:04:51.782762 madvise(0x315c3db0000, 65536, MADV_DONTNEED) = 0 <0.000013>
2436280 22:04:51.782792 madvise(0x315c3dc0000, 65536, MADV_DONTNEED) = 0 <0.000013>
2436280 22:04:51.782822 madvise(0x315c3dd0000, 65536, MADV_DONTNEED) = 0 <0.000013>
2436280 22:04:51.782853 madvise(0x315c3de0000, 65536, MADV_DONTNEED) = 0 <0.000013>
2436280 22:04:51.782883 madvise(0x315c3df0000, 65536, MADV_DONTNEED) = 0 <0.000013>
2436280 22:04:51.782914 madvise(0x315c3e00000, 65536, MADV_DONTNEED) = 0 <0.000032>
2436280 22:04:51.782964 madvise(0x315c3e10000, 65536, MADV_DONTNEED) = 0 <0.000013>
2436280 22:04:51.782995 madvise(0x315c3e20000, 65536, MADV_DONTNEED) = 0 <0.000013>
2436280 22:04:51.783026 madvise(0x315c3e30000, 65536, MADV_DONTNEED) = 0 <0.000013>
2436280 22:04:51.783058 madvise(0x315c3e40000, 65536, MADV_DONTNEED) = 0 <0.000013>
2436280 22:04:51.783093 madvise(0x315c3e50000, 65536, MADV_DONTNEED) = 0 <0.000013>
2436280 22:04:51.783127 madvise(0x315c3e60000, 65536, MADV_DONTNEED) = 0 <0.000013>
2436280 22:04:51.783161 madvise(0x315c3e70000, 65536, MADV_DONTNEED) = 0 <0.000013>
2436280 22:04:51.783193 madvise(0x315c3e80000, 65536, MADV_DONTNEED) = 0 <0.000013>
2436280 22:04:51.783226 madvise(0x315c3e90000, 65536, MADV_DONTNEED) = 0 <0.000013>
2436280 22:04:51.783259 madvise(0x315c3ea0000, 65536, MADV_DONTNEED) = 0 <0.000013>
2436280 22:04:51.783292 madvise(0x315c3eb0000, 65536, MADV_DONTNEED) = 0 <0.000015>
2436280 22:04:51.783329 madvise(0x315c3ec0000, 65536, MADV_DONTNEED) = 0 <0.000014>
2436280 22:04:51.783366 madvise(0x315c3ed0000, 65536, MADV_DONTNEED) = 0 <0.000015>
2436280 22:04:51.783403 madvise(0x315c3ee0000, 65536, MADV_DONTNEED) = 0 <0.000014>
2436280 22:04:51.783440 madvise(0x315c3ef0000, 65536, MADV_DONTNEED) = 0 <0.000015>
2436280 22:04:51.783478 madvise(0x315c3f00000, 65536, MADV_DONTNEED) = 0 <0.000014>
2436280 22:04:51.783516 madvise(0x315c3f10000, 65536, MADV_DONTNEED) = 0 <0.000014>
2436280 22:04:51.783552 madvise(0x315c3f20000, 65536, MADV_DONTNEED) = 0 <0.000014>
2436280 22:04:51.783589 madvise(0x315c3f30000, 65536, MADV_DONTNEED) = 0 <0.000014>
2436280 22:04:51.783627 madvise(0x315c3f40000, 65536, MADV_DONTNEED) = 0 <0.000014>
2436280 22:04:51.783665 madvise(0x315c3f50000, 65536, MADV_DONTNEED) = 0 <0.000014>
2436280 22:04:51.783702 madvise(0x315c3f60000, 65536, MADV_DONTNEED) = 0 <0.000015>
2436280 22:04:51.783739 madvise(0x315c3f70000, 65536, MADV_DONTNEED) = 0 <0.000015>
2436280 22:04:51.783836 madvise(0x315c3f80000, 65536, MADV_DONTNEED) = 0 <0.000015>
2436280 22:04:51.783874 madvise(0x315c3f90000, 65536, MADV_DONTNEED) = 0 <0.000014>
2436280 22:04:51.783911 madvise(0x315c3fa0000, 65536, MADV_DONTNEED) = 0 <0.000014>
2436280 22:04:51.783948 madvise(0x315c3fb0000, 65536, MADV_DONTNEED) = 0 <0.000014>
2436280 22:04:51.783985 madvise(0x315c3fc0000, 65536, MADV_DONTNEED) = 0 <0.000015>
2436280 22:04:51.784022 madvise(0x315c3fd0000, 65536, MADV_DONTNEED) = 0 <0.000014>
2436280 22:04:51.784059 madvise(0x315c3fe0000, 65536, MADV_DONTNEED) = 0 <0.000014>
2436280 22:04:51.784097 madvise(0x315c3ff0000, 65536, MADV_DONTNEED) = 0 <0.000025>
2436280 22:04:51.784144 madvise(0x315c4000000, 4194304, MADV_DONTNEED) = 0 <0.000030>
2436280 22:04:51.784197 madvise(0x315c4400000, 4194304, MADV_DONTNEED) = 0 <0.000034>
2436280 22:04:51.784254 madvise(0x315c4800000, 2228224, MADV_DONTNEED) = 0 <0.000045>
2436280 22:04:51.784322 madvise(0x315c4a30000, 131072, MADV_DONTNEED) = 0 <0.000021>
2436280 22:04:51.784367 madvise(0x315c4a80000, 1572864, MADV_DONTNEED) = 0 <0.000073>
2436280 22:04:51.784461 madvise(0x315c4c00000, 4194304, MADV_DONTNEED) = 0 <0.000028>
2436280 22:04:51.784508 madvise(0x315c5000000, 4194304, MADV_DONTNEED) = 0 <0.000020>
2436280 22:04:51.784553 madvise(0x315c5400000, 4194304, MADV_DONTNEED) = 0 <0.000019>
2436280 22:04:51.784591 madvise(0x315c5800000, 4194304, MADV_DONTNEED) = 0 <0.000027>
2436280 22:04:51.784638 madvise(0x315c5c00000, 4194304, MADV_DONTNEED) = 0 <0.000038>
2436280 22:04:51.784696 madvise(0x315c6000000, 4194304, MADV_DONTNEED) = 0 <0.000018>
2436280 22:04:51.784734 madvise(0x315c6400000, 4194304, MADV_DONTNEED) = 0 <0.000033>
2436280 22:04:51.784787 madvise(0x315c6800000, 4194304, MADV_DONTNEED) = 0 <0.000028>
2436280 22:04:51.784835 madvise(0x315c6c00000, 4194304, MADV_DONTNEED) = 0 <0.000029>
2436280 22:04:51.784883 madvise(0x315c7000000, 917504, MADV_DONTNEED) = 0 <0.000066>
2436280 22:04:51.785967 +++ exited with 0 +++
