2436348 22:04:52.007598 mprotect(0x7bd332000000, 16384, PROT_READ) = 0 <0.000018>
2436348 22:04:52.007713 mprotect(0x7bd332191000, 4096, PROT_READ) = 0 <0.000013>
2436348 22:04:52.007752 mprotect(0x7bd3321bf000, 4096, PROT_READ) = 0 <0.000011>
2436348 22:04:52.007994 mprotect(0x5fcc81340000, 172032, PROT_READ) = 0 <0.000011>
2436348 22:04:52.008026 mprotect(0x7bd332207000, 8192, PROT_READ) = 0 <0.000016>
2436348 22:04:52.008388 mprotect(0x7bd3321cc000, 4096, PROT_NONE) = 0 <0.000012>
2436348 22:04:52.008446 madvise(0x362c4800000, 1073741824, MADV_HUGEPAGE) = 0 <0.000010>
2436348 22:04:52.090885 mprotect(0x7bd3319c0000, 2097152, PROT_READ|PROT_WRITE) = 0 <0.000025>
2436395 22:04:52.091239 mprotect(0x7bd32c000000, 135168, PROT_READ|PROT_WRITE) = 0 <0.000026>
2436395 22:04:52.091356 mprotect(0x7bd3321c9000, 4096, PROT_NONE) = 0 <0.000012>
2436348 22:04:52.127804 getrusage(RUSAGE_SELF, {ru_utime={tv_sec=0, tv_usec=48718}, ru_stime={tv_sec=0, tv_usec=71586}, ru_maxrss=63964, ru_ixrss=0, ru_idrss=0, ru_isrss=0, ru_minflt=323, ru_majflt=0, ru_nswap=0, ru_inblock=0, ru_oublock=0, ru_msgsnd=0, ru_msgrcv=0, ru_nsignals=0, ru_nvcsw=49, ru_nivcsw=1}) = 0 <0.000020>
2436348 22:04:52.199247 getrusage(RUSAGE_SELF, {ru_utime={tv_sec=0, tv_usec=119699}, ru_stime={tv_sec=0, tv_usec=71819}, ru_maxrss=63964, ru_ixrss=0, ru_idrss=0, ru_isrss=0, ru_minflt=326, ru_majflt=0, ru_nswap=0, ru_inblock=0, ru_oublock=0, ru_msgsnd=0, ru_msgrcv=0, ru_nsignals=0, ru_nvcsw=51, ru_nivcsw=2}) = 0 <0.000018>
2436348 22:04:52.199420 getrusage(RUSAGE_SELF, {ru_utime={tv_sec=0, tv_usec=119744}, ru_stime={tv_sec=0, tv_usec=71846}, ru_maxrss=63964, ru_ixrss=0, ru_idrss=0, ru_isrss=0, ru_minflt=326, ru_majflt=0, ru_nswap=0, ru_inblock=0, ru_oublock=0, ru_msgsnd=0, ru_msgrcv=0, ru_nsignals=0, ru_nvcsw=53, ru_nivcsw=2}) = 0 <0.000012>
2436395 22:04:52.199629 madvise(0x7bd3319bf000, 2076672, MADV_DONTNEED) = 0 <0.000015>
2436395 22:04:52.199711 +++ exited with 0 +++
2436348 22:04:52.199992 madvise(0x362c4a30000, 65536, MADV_DONTNEED) = 0 <0.000038>
2436348 22:04:52.200051 madvise(0x362c4a50000, 131072, MADV_DONTNEED) = 0 <0.000016>
2436348 22:04:52.200086 madvise(0x362c4a80000, 65536, MADV_DONTNEED) = 0 <0.000013>
2436348 22:04:52.200118 madvise(0x362c4ab0000, 65536, MADV_DONTNEED) = 0 <0.000015>
2436348 22:04:52.200152 madvise(0x362c4ad0000, 655360, MADV_DONTNEED) = 0 <0.000036>
2436348 22:04:52.200206 madvise(0x362c4b80000, 524288, MADV_DONTNEED) = 0 <0.000030>
2436348 22:04:52.200254 madvise(0x362c4c00000, 4194304, MADV_DONTNEED) = 0 <0.000031>
2436348 22:04:52.200304 madvise(0x362c5000000, 4194304, MADV_DONTNEED) = 0 <0.000028>
2436348 22:04:52.200349 madvise(0x362c5400000, 4194304, MADV_DONTNEED) = 0 <0.000028>
2436348 22:04:52.200394 madvise(0x362c5800000, 1179648, MADV_DONTNEED) = 0 <0.000076>
2436348 22:04:52.200488 madvise(0x362c5930000, 2949120, MADV_DONTNEED) = 0 <0.000053>
2436348 22:04:52.200559 madvise(0x362c5c00000, 1441792, MADV_DONTNEED) = 0 <0.000086>
2436348 22:04:52.200662 madvise(0x362c5d70000, 983040, MADV_DONTNEED) = 0 <0.000067>
2436348 22:04:52.200753 madvise(0x362c5e80000, 1572864, MADV_DONTNEED) = 0 <0.000074>
2436348 22:04:52.200846 madvise(0x362c6000000, 4194304, MADV_DONTNEED) = 0 <0.000029>
2436348 22:04:52.200893 madvise(0x362c6400000, 3342336, MADV_DONTNEED) = 0 <0.000078>
2436348 22:04:52.200990 madvise(0x362c6800000, 4194304, MADV_DONTNEED) = 0 <0.000018>
2436348 22:04:52.201026 madvise(0x362c8800000, 4194304, MADV_DONTNEED) = 0 <0.000029>
2436348 22:04:52.201072 madvise(0x362c8c00000, 4194304, MADV_DONTNEED) = 0 <0.000028>
2436348 22:04:52.201117 madvise(0x362c9000000, 4194304, MADV_DONTNEED) = 0 <0.000028>
2436348 22:04:52.201162 madvise(0x362c9400000, 4194304, MADV_DONTNEED) = 0 <0.000027>
2436348 22:04:52.201206 madvise(0x362c9800000, 4194304, MADV_DONTNEED) = 0 <0.000028>
2436348 22:04:52.201252 madvise(0x362c9c00000, 2031616, MADV_DONTNEED) = 0 <0.000110>
2436348 22:04:52.202367 +++ exited with 0 +++
