2432966 22:04:35.285588 mprotect(0x77e50d200000, 16384, PROT_READ) = 0 <0.000015>
2432966 22:04:35.285692 mprotect(0x77e50d335000, 4096, PROT_READ) = 0 <0.000014>
2432966 22:04:35.285726 mprotect(0x77e50d363000, 4096, PROT_READ) = 0 <0.000016>
2432966 22:04:35.285985 mprotect(0x5f7a3a43c000, 172032, PROT_READ) = 0 <0.000013>
2432966 22:04:35.286017 mprotect(0x77e50d3ab000, 8192, PROT_READ) = 0 <0.000016>
2432966 22:04:35.286410 mprotect(0x77e50d370000, 4096, PROT_NONE) = 0 <0.000012>
2432966 22:04:35.286452 madvise(0x59cae400000, 1073741824, MADV_HUGEPAGE) = 0 <0.000010>
2432966 22:04:35.319318 mprotect(0x77e50cbc0000, 2097152, PROT_READ|PROT_WRITE) = 0 <0.000022>
2432967 22:04:35.319634 mprotect(0x77e508000000, 135168, PROT_READ|PROT_WRITE) = 0 <0.000020>
2432967 22:04:35.319733 mprotect(0x77e50d36d000, 4096, PROT_NONE) = 0 <0.000015>
2432966 22:04:35.357947 getrusage(RUSAGE_SELF, {ru_utime={tv_sec=0, tv_usec=39425}, ru_stime={tv_sec=0, tv_usec=33360}, ru_maxrss=58852, ru_ixrss=0, ru_idrss=0, ru_isrss=0, ru_minflt=320, ru_majflt=0, ru_nswap=0, ru_inblock=0, ru_oublock=0, ru_msgsnd=0, ru_msgrcv=0, ru_nsignals=0, ru_nvcsw=49, ru_nivcsw=3}) = 0 <0.000019>
2432966 22:04:35.423438 getrusage(RUSAGE_SELF, {ru_utime={tv_sec=0, tv_usec=104752}, ru_stime={tv_sec=0, tv_usec=33360}, ru_maxrss=61928, ru_ixrss=0, ru_idrss=0, ru_isrss=0, ru_minflt=323, ru_majflt=0, ru_nswap=0, ru_inblock=0, ru_oublock=0, ru_msgsnd=0, ru_msgrcv=0, ru_nsignals=0, ru_nvcsw=51, ru_nivcsw=3}) = 0 <0.000020>
2432966 22:04:35.423604 getrusage(RUSAGE_SELF, {ru_utime={tv_sec=0, tv_usec=104820}, ru_stime={tv_sec=0, tv_usec=33360}, ru_maxrss=61928, ru_ixrss=0, ru_idrss=0, ru_isrss=0, ru_minflt=323, ru_majflt=0, ru_nswap=0, ru_inblock=0, ru_oublock=0, ru_msgsnd=0, ru_msgrcv=0, ru_nsignals=0, ru_nvcsw=53, ru_nivcsw=3}) = 0 <0.000012>
2432967 22:04:35.423779 madvise(0x77e50cbbf000, 2076672, MADV_DONTNEED) = 0 <0.000016>
2432967 22:04:35.423863 +++ exited with 0 +++
2432966 22:04:35.424076 madvise(0x59cae630000, 65536, MADV_DONTNEED) = 0 <0.000039>
2432966 22:04:35.424134 madvise(0x59cae650000, 131072, MADV_DONTNEED) = 0 <0.000016>
2432966 22:04:35.424168 madvise(0x59cae680000, 65536, MADV_DONTNEED) = 0 <0.000013>
2432966 22:04:35.424198 madvise(0x59cae6a0000, 131072, MADV_DONTNEED) = 0 <0.000016>
2432966 22:04:35.424231 madvise(0x59cae6d0000, 655360, MADV_DONTNEED) = 0 <0.000041>
2432966 22:04:35.424292 madvise(0x59cae780000, 524288, MADV_DONTNEED) = 0 <0.000031>
2432966 22:04:35.424341 madvise(0x59cae800000, 65536, MADV_DONTNEED) = 0 <0.000032>
2432966 22:04:35.424390 madvise(0x59cae810000, 65536, MADV_DONTNEED) = 0 <0.000013>
2432966 22:04:35.424421 madvise(0x59cae820000, 65536, MADV_DONTNEED) = 0 <0.000013>
2432966 22:04:35.424451 madvise(0x59cae830000, 65536, MADV_DONTNEED) = 0 <0.000013>
2432966 22:04:35.424481 madvise(0x59cae850000, 65536, MADV_DONTNEED) = 0 <0.000013>
2432966 22:04:35.424511 madvise(0x59cae860000, 65536, MADV_DONTNEED) = 0 <0.000013>
2432966 22:04:35.424541 madvise(0x59cae870000, 65536, MADV_DONTNEED) = 0 <0.000013>
2432966 22:04:35.424571 madvise(0x59cae880000, 65536, MADV_DONTNEED) = 0 <0.000013>
2432966 22:04:35.424601 madvise(0x59cae890000, 65536, MADV_DONTNEED) = 0 <0.000013>
2432966 22:04:35.424631 madvise(0x59cae8a0000, 65536, MADV_DONTNEED) = 0 <0.000013>
2432966 22:04:35.424661 madvise(0x59cae8b0000, 65536, MADV_DONTNEED) = 0 <0.000013>
2432966 22:04:35.424691 madvise(0x59cae8d0000, 65536, MADV_DONTNEED) = 0 <0.000013>
2432966 22:04:35.424721 madvise(0x59cae8e0000, 65536, MADV_DONTNEED) = 0 <0.000013>
2432966 22:04:35.424805 madvise(0x59cae8f0000, 65536, MADV_DONTNEED) = 0 <0.000013>
2432966 22:04:35.424836 madvise(0x59cae900000, 65536, MADV_DONTNEED) = 0 <0.000013>
2432966 22:04:35.424866 madvise(0x59cae910000, 65536, MADV_DONTNEED) = 0 <0.000013>
2432966 22:04:35.424896 madvise(0x59cae920000, 65536, MADV_DONTNEED) = 0 <0.000013>
2432966 22:04:35.424926 madvise(0x59cae930000, 65536, MADV_DONTNEED) = 0 <0.000013>
2432966 22:04:35.424956 madvise(0x59cae940000, 65536, MADV_DONTNEED) = 0 <0.000013>
2432966 22:04:35.424986 madvise(0x59cae950000, 65536, MADV_DONTNEED) = 0 <0.000013>
2432966 22:04:35.425023 madvise(0x59cae960000, 65536, MADV_DONTNEED) = 0 <0.000013>
2432966 22:04:35.425053 madvise(0x59cae970000, 65536, MADV_DONTNEED) = 0 <0.000013>
2432966 22:04:35.425083 madvise(0x59cae980000, 65536, MADV_DONTNEED) = 0 <0.000013>
2432966 22:04:35.425113 madvise(0x59cae990000, 65536, MADV_DONTNEED) = 0 <0.000013>
2432966 22:04:35.425144 madvise(0x59cae9a0000, 65536, MADV_DONTNEED) = 0 <0.000013>
2432966 22:04:35.425174 madvise(0x59cae9b0000, 65536, MADV_DONTNEED) = 0 <0.000013>
2432966 22:04:35.425204 madvise(0x59cae9c0000, 65536, MADV_DONTNEED) = 0 <0.000013>
2432966 22:04:35.425234 madvise(0x59cae9d0000, 65536, MADV_DONTNEED) = 0 <0.000015>
2432966 22:04:35.425269 madvise(0x59cae9e0000, 65536, MADV_DONTNEED) = 0 <0.000013>
2432966 22:04:35.425299 madvise(0x59cae9f0000, 65536, MADV_DONTNEED) = 0 <0.000013>
2432966 22:04:35.425329 madvise(0x59caea00000, 65536, MADV_DONTNEED) = 0 <0.000031>
2432966 22:04:35.425378 madvise(0x59caea10000, 65536, MADV_DONTNEED) = 0 <0.000013>
2432966 22:04:35.425408 madvise(0x59caea20000, 65536, MADV_DONTNEED) = 0 <0.000013>
2432966 22:04:35.425438 madvise(0x59caea30000, 65536, MADV_DONTNEED) = 0 <0.000013>
2432966 22:04:35.425469 madvise(0x59caea40000, 65536, MADV_DONTNEED) = 0 <0.000013>
2432966 22:04:35.425499 madvise(0x59caea50000, 65536, MADV_DONTNEED) = 0 <0.000013>
2432966 22:04:35.425529 madvise(0x59caea60000, 65536, MADV_DONTNEED) = 0 <0.000013>
2432966 22:04:35.425559 madvise(0x59caea70000, 65536, MADV_DONTNEED) = 0 <0.000013>
2432966 22:04:35.425589 madvise(0x59caea80000, 65536, MADV_DONTNEED) = 0 <0.000013>
2432966 22:04:35.425619 madvise(0x59caea90000, 65536, MADV_DONTNEED) = 0 <0.000013>
2432966 22:04:35.425649 madvise(0x59caeaa0000, 65536, MADV_DONTNEED) = 0 <0.000013>
2432966 22:04:35.425679 madvise(0x59caeab0000, 65536, MADV_DONTNEED) = 0 <0.000013>
2432966 22:04:35.425709 madvise(0x59caeac0000, 65536, MADV_DONTNEED) = 0 <0.000013>
2432966 22:04:35.425738 madvise(0x59caead0000, 65536, MADV_DONTNEED) = 0 <0.000013>
2432966 22:04:35.425773 madvise(0x59caeae0000, 65536, MADV_DONTNEED) = 0 <0.000013>
2432966 22:04:35.425803 madvise(0x59caeaf0000, 65536, MADV_DONTNEED) = 0 <0.000013>
2432966 22:04:35.425833 madvise(0x59caeb00000, 65536, MADV_DONTNEED) = 0 <0.000013>
2432966 22:04:35.425863 madvise(0x59caeb10000, 65536, MADV_DONTNEED) = 0 <0.000013>
2432966 22:04:35.425893 madvise(0x59caeb20000, 65536, MADV_DONTNEED) = 0 <0.000013>
2432966 22:04:35.425923 madvise(0x59caeb30000, 65536, MADV_DONTNEED) = 0 <0.000013>
2432966 22:04:35.425953 madvise(0x59caeb40000, 65536, MADV_DONTNEED) = 0 <0.000013>
2432966 22:04:35.425983 madvise(0x59caeb50000, 65536, MADV_DONTNEED) = 0 <0.000013>
2432966 22:04:35.426013 madvise(0x59caeb60000, 65536, MADV_DONTNEED) = 0 <0.000013>
2432966 22:04:35.426043 madvise(0x59caeb70000, 65536, MADV_DONTNEED) = 0 <0.000013>
2432966 22:04:35.426073 madvise(0x59caeb80000, 65536, MADV_DONTNEED) = 0 <0.000013>
2432966 22:04:35.426103 madvise(0x59caeb90000, 65536, MADV_DONTNEED) = 0 <0.000013>
2432966 22:04:35.426133 madvise(0x59caeba0000, 65536, MADV_DONTNEED) = 0 <0.000013>
2432966 22:04:35.426163 madvise(0x59caebb0000, 65536, MADV_DONTNEED) = 0 <0.000013>
2432966 22:04:35.426193 madvise(0x59caebc0000, 65536, MADV_DONTNEED) = 0 <0.000013>
2432966 22:04:35.426223 madvise(0x59caebd0000, 65536, MADV_DONTNEED) = 0 <0.000013>
2432966 22:04:35.426253 madvise(0x59caebe0000, 65536, MADV_DONTNEED) = 0 <0.000013>
2432966 22:04:35.426286 madvise(0x59caebf0000, 65536, MADV_DONTNEED) = 0 <0.000023>
2432966 22:04:35.426325 madvise(0x59caec00000, 4194304, MADV_DONTNEED) = 0 <0.000029>
2432966 22:04:35.426372 madvise(0x59caf000000, 4194304, MADV_DONTNEED) = 0 <0.000028>
2432966 22:04:35.426417 madvise(0x59caf400000, 2228224, MADV_DONTNEED) = 0 <0.000043>
2432966 22:04:35.426478 madvise(0x59caf630000, 131072, MADV_DONTNEED) = 0 <0.000017>
2432966 22:04:35.426512 madvise(0x59caf680000, 1572864, MADV_DONTNEED) = 0 <0.000072>
2432966 22:04:35.426602 madvise(0x59caf800000, 4194304, MADV_DONTNEED) = 0 <0.000028>
2432966 22:04:35.426647 madvise(0x59cafc00000, 4194304, MADV_DONTNEED) = 0 <0.000019>
2432966 22:04:35.426687 madvise(0x59cb0000000, 4194304, MADV_DONTNEED) = 0 <0.000018>
2432966 22:04:35.426723 madvise(0x59cb0400000, 4194304, MADV_DONTNEED) = 0 <0.000032>
2432966 22:04:35.426773 madvise(0x59cb0800000, 4194304, MADV_DONTNEED) = 0 <0.000028>
2432966 22:04:35.426819 madvise(0x59cb0c00000, 4194304, MADV_DONTNEED) = 0 <0.000018>
2432966 22:04:35.426855 madvise(0x59cb1000000, 4194304, MADV_DONTNEED) = 0 <0.000028>
2432966 22:04:35.426900 madvise(0x59cb1400000, 4194304, MADV_DONTNEED) = 0 <0.000028>
2432966 22:04:35.426945 madvise(0x59cb1800000, 4194304, MADV_DONTNEED) = 0 <0.000027>
2432966 22:04:35.426989 madvise(0x59cb1c00000, 917504, MADV_DONTNEED) = 0 <0.000066>
2432966 22:04:35.428091 +++ exited with 0 +++
