2433044 22:04:35.658551 mprotect(0x7f092ee00000, 16384, PROT_READ) = 0 <0.000015>
2433044 22:04:35.658679 mprotect(0x7f092f03b000, 4096, PROT_READ) = 0 <0.000016>
2433044 22:04:35.658719 mprotect(0x7f092f069000, 4096, PROT_READ) = 0 <0.000012>
2433044 22:04:35.658976 mprotect(0x5a48894ef000, 172032, PROT_READ) = 0 <0.000011>
2433044 22:04:35.659010 mprotect(0x7f092f0b1000, 8192, PROT_READ) = 0 <0.000018>
2433044 22:04:35.659361 mprotect(0x7f092f076000, 4096, PROT_NONE) = 0 <0.000013>
2433044 22:04:35.659410 madvise(0x34213000000, 1073741824, MADV_HUGEPAGE) = 0 <0.000009>
2433044 22:04:35.684855 mprotect(0x7f092e7c0000, 2097152, PROT_READ|PROT_WRITE) = 0 <0.000024>
2433045 22:04:35.685200 mprotect(0x7f0928000000, 135168, PROT_READ|PROT_WRITE) = 0 <0.000021>
2433045 22:04:35.685313 mprotect(0x7f092f073000, 4096, PROT_NONE) = 0 <0.000013>
2433044 22:04:35.718782 getrusage(RUSAGE_SELF, {ru_utime={tv_sec=0, tv_usec=36358}, ru_stime={tv_sec=0, tv_usec=24239}, ru_maxrss=59872, ru_ixrss=0, ru_idrss=0, ru_isrss=0, ru_minflt=323, ru_majflt=0, ru_nswap=0, ru_inblock=0, ru_oublock=0, ru_msgsnd=0, ru_msgrcv=0, ru_nsignals=0, ru_nvcsw=49, ru_nivcsw=2}) = 0 <0.000016>
2433044 22:04:35.783419 getrusage(RUSAGE_SELF, {ru_utime={tv_sec=0, tv_usec=100824}, ru_stime={tv_sec=0, tv_usec=24239}, ru_maxrss=61924, ru_ixrss=0, ru_idrss=0, ru_isrss=0, ru_minflt=327, ru_majflt=0, ru_nswap=0, ru_inblock=0, ru_oublock=0, ru_msgsnd=0, ru_msgrcv=0, ru_nsignals=0, ru_nvcsw=51, ru_nivcsw=2}) = 0 <0.000015>
2433044 22:04:35.783579 getrusage(RUSAGE_SELF, {ru_utime={tv_sec=0, tv_usec=100889}, ru_stime={tv_sec=0, tv_usec=24239}, ru_maxrss=61924, ru_ixrss=0, ru_idrss=0, ru_isrss=0, ru_minflt=327, ru_majflt=0, ru_nswap=0, ru_inblock=0, ru_oublock=0, ru_msgsnd=0, ru_msgrcv=0, ru_nsignals=0, ru_nvcsw=53, ru_nivcsw=2}) = 0 <0.000012>
2433045 22:04:35.783751 madvise(0x7f092e7bf000, 2076672, MADV_DONTNEED) = 0 <0.000016>
2433045 22:04:35.783835 +++ exited with 0 +++
2433044 22:04:35.784007 madvise(0x34213230000, 65536, MADV_DONTNEED) = 0 <0.000040>
2433044 22:04:35.784069 madvise(0x34213250000, 131072, MADV_DONTNEED) = 0 <0.000017>
2433044 22:04:35.784106 madvise(0x34213280000, 65536, MADV_DONTNEED) = 0 <0.000013>
2433044 22:04:35.784139 madvise(0x342132a0000, 131072, MADV_DONTNEED) = 0 <0.000017>
2433044 22:04:35.784175 madvise(0x342132d0000, 655360, MADV_DONTNEED) = 0 <0.000037>
2433044 22:04:35.784232 madvise(0x34213380000, 524288, MADV_DONTNEED) = 0 <0.000031>
2433044 22:04:35.784285 madvise(0x34213400000, 65536, MADV_DONTNEED) = 0 <0.000033>
2433044 22:04:35.784337 madvise(0x34213410000, 65536, MADV_DONTNEED) = 0 <0.000013>
2433044 22:04:35.784370 madvise(0x34213420000, 65536, MADV_DONTNEED) = 0 <0.000014>
2433044 22:04:35.784403 madvise(0x34213430000, 65536, MADV_DONTNEED) = 0 <0.000014>
2433044 22:04:35.784436 madvise(0x34213450000, 65536, MADV_DONTNEED) = 0 <0.000013>
2433044 22:04:35.784469 madvise(0x34213460000, 65536, MADV_DONTNEED) = 0 <0.000013>
2433044 22:04:35.784502 madvise(0x34213470000, 65536, MADV_DONTNEED) = 0 <0.000013>
2433044 22:04:35.784535 madvise(0x34213480000, 65536, MADV_DONTNEED) = 0 <0.000013>
2433044 22:04:35.784568 madvise(0x34213490000, 65536, MADV_DONTNEED) = 0 <0.000014>
2433044 22:04:35.784603 madvise(0x342134a0000, 65536, MADV_DONTNEED) = 0 <0.000013>
2433044 22:04:35.784636 madvise(0x342134b0000, 65536, MADV_DONTNEED) = 0 <0.000013>
2433044 22:04:35.784669 madvise(0x342134d0000, 65536, MADV_DONTNEED) = 0 <0.000013>
2433044 22:04:35.784701 madvise(0x342134e0000, 65536, MADV_DONTNEED) = 0 <0.000013>
2433044 22:04:35.784734 madvise(0x342134f0000, 65536, MADV_DONTNEED) = 0 <0.000057>
2433044 22:04:35.784811 madvise(0x34213500000, 65536, MADV_DONTNEED) = 0 <0.000014>
2433044 22:04:35.784845 madvise(0x34213510000, 65536, MADV_DONTNEED) = 0 <0.000013>
2433044 22:04:35.784878 madvise(0x34213520000, 65536, MADV_DONTNEED) = 0 <0.000014>
2433044 22:04:35.784911 madvise(0x34213530000, 65536, MADV_DONTNEED) = 0 <0.000014>
2433044 22:04:35.784944 madvise(0x34213540000, 65536, MADV_DONTNEED) = 0 <0.000014>
2433044 22:04:35.784976 madvise(0x34213550000, 65536, MADV_DONTNEED) = 0 <0.000014>
2433044 22:04:35.785017 madvise(0x34213560000, 65536, MADV_DONTNEED) = 0 <0.000013>
2433044 22:04:35.785051 madvise(0x34213570000, 65536, MADV_DONTNEED) = 0 <0.000013>
2433044 22:04:35.785084 madvise(0x34213580000, 65536, MADV_DONTNEED) = 0 <0.000014>
2433044 22:04:35.785117 madvise(0x34213590000, 65536, MADV_DONTNEED) = 0 <0.000014>
2433044 22:04:35.785150 madvise(0x342135a0000, 65536, MADV_DONTNEED) = 0 <0.000013>
2433044 22:04:35.785182 madvise(0x342135b0000, 65536, MADV_DONTNEED) = 0 <0.000013>
2433044 22:04:35.785214 madvise(0x342135c0000, 65536, MADV_DONTNEED) = 0 <0.000013>
2433044 22:04:35.785247 madvise(0x342135d0000, 65536, MADV_DONTNEED) = 0 <0.000013>
2433044 22:04:35.785280 madvise(0x342135e0000, 65536, MADV_DONTNEED) = 0 <0.000013>
2433044 22:04:35.785313 madvise(0x342135f0000, 65536, MADV_DONTNEED) = 0 <0.000014>
2433044 22:04:35.785346 madvise(0x34213600000, 65536, MADV_DONTNEED) = 0 <0.000034>
2433044 22:04:35.785401 madvise(0x34213610000, 65536, MADV_DONTNEED) = 0 <0.000013>
2433044 22:04:35.785432 madvise(0x34213620000, 65536, MADV_DONTNEED) = 0 <0.000013>
2433044 22:04:35.785462 madvise(0x34213630000, 65536, MADV_DONTNEED) = 0 <0.000013>
2433044 22:04:35.785491 madvise(0x34213640000, 65536, MADV_DONTNEED) = 0 <0.000012>
2433044 22:04:35.785521 madvise(0x34213650000, 65536, MADV_DONTNEED) = 0 <0.000013>
2433044 22:04:35.785551 madvise(0x34213660000, 65536, MADV_DONTNEED) = 0 <0.000013>
2433044 22:04:35.785580 madvise(0x34213670000, 65536, MADV_DONTNEED) = 0 <0.000013>
2433044 22:04:35.785610 madvise(0x34213680000, 65536, MADV_DONTNEED) = 0 <0.000012>
2433044 22:04:35.785640 madvise(0x34213690000, 65536, MADV_DONTNEED) = 0 <0.000013>
2433044 22:04:35.785669 madvise(0x342136a0000, 65536, MADV_DONTNEED) = 0 <0.000013>
2433044 22:04:35.785699 madvise(0x342136b0000, 65536, MADV_DONTNEED) = 0 <0.000013>
2433044 22:04:35.785729 madvise(0x342136c0000, 65536, MADV_DONTNEED) = 0 <0.000040>
2433044 22:04:35.785787 madvise(0x342136d0000, 65536, MADV_DONTNEED) = 0 <0.000013>
2433044 22:04:35.785817 madvise(0x342136e0000, 65536, MADV_DONTNEED) = 0 <0.000013>
2433044 22:04:35.785847 madvise(0x342136f0000, 65536, MADV_DONTNEED) = 0 <0.000013>
2433044 22:04:35.785876 madvise(0x34213700000, 65536, MADV_DONTNEED) = 0 <0.000013>
2433044 22:04:35.785906 madvise(0x34213710000, 65536, MADV_DONTNEED) = 0 <0.000012>
2433044 22:04:35.785936 madvise(0x34213720000, 65536, MADV_DONTNEED) = 0 <0.000013>
2433044 22:04:35.785966 madvise(0x34213730000, 65536, MADV_DONTNEED) = 0 <0.000013>
2433044 22:04:35.785995 madvise(0x34213740000, 65536, MADV_DONTNEED) = 0 <0.000013>
2433044 22:04:35.786025 madvise(0x34213750000, 65536, MADV_DONTNEED) = 0 <0.000013>
2433044 22:04:35.786055 madvise(0x34213760000, 65536, MADV_DONTNEED) = 0 <0.000012>
2433044 22:04:35.786084 madvise(0x34213770000, 65536, MADV_DONTNEED) = 0 <0.000012>
2433044 22:04:35.786114 madvise(0x34213780000, 65536, MADV_DONTNEED) = 0 <0.000013>
2433044 22:04:35.786144 madvise(0x34213790000, 65536, MADV_DONTNEED) = 0 <0.000013>
2433044 22:04:35.786174 madvise(0x342137a0000, 65536, MADV_DONTNEED) = 0 <0.000013>
2433044 22:04:35.786203 madvise(0x342137b0000, 65536, MADV_DONTNEED) = 0 <0.000013>
2433044 22:04:35.786233 madvise(0x342137c0000, 65536, MADV_DONTNEED) = 0 <0.000012>
2433044 22:04:35.786263 madvise(0x342137d0000, 65536, MADV_DONTNEED) = 0 <0.000012>
2433044 22:04:35.786292 madvise(0x342137e0000, 65536, MADV_DONTNEED) = 0 <0.000012>
2433044 22:04:35.786322 madvise(0x342137f0000, 65536, MADV_DONTNEED) = 0 <0.000022>
2433044 22:04:35.786362 madvise(0x34213800000, 4194304, MADV_DONTNEED) = 0 <0.000030>
2433044 22:04:35.786410 madvise(0x34213c00000, 4194304, MADV_DONTNEED) = 0 <0.000028>
2433044 22:04:35.786457 madvise(0x34214000000, 2228224, MADV_DONTNEED) = 0 <0.000045>
2433044 22:04:35.786522 madvise(0x34214230000, 131072, MADV_DONTNEED) = 0 <0.000017>
2433044 22:04:35.786559 madvise(0x34214280000, 1572864, MADV_DONTNEED) = 0 <0.000074>
2433044 22:04:35.786655 madvise(0x34214400000, 4194304, MADV_DONTNEED) = 0 <0.000029>
2433044 22:04:35.786704 madvise(0x34214800000, 4194304, MADV_DONTNEED) = 0 <0.000019>
2433044 22:04:35.786750 madvise(0x34214c00000, 4194304, MADV_DONTNEED) = 0 <0.000019>
2433044 22:04:35.786790 madvise(0x34215000000, 4194304, MADV_DONTNEED) = 0 <0.000030>
2433044 22:04:35.786840 madvise(0x34215400000, 4194304, MADV_DONTNEED) = 0 <0.000029>
2433044 22:04:35.786888 madvise(0x34215800000, 4194304, MADV_DONTNEED) = 0 <0.000020>
2433044 22:04:35.786928 madvise(0x34215c00000, 4194304, MADV_DONTNEED) = 0 <0.000030>
2433044 22:04:35.786979 madvise(0x34216000000, 4194304, MADV_DONTNEED) = 0 <0.000030>
2433044 22:04:35.787030 madvise(0x34216400000, 4194304, MADV_DONTNEED) = 0 <0.000030>
2433044 22:04:35.787082 madvise(0x34216800000, 917504, MADV_DONTNEED) = 0 <0.000065>
2433044 22:04:35.788135 +++ exited with 0 +++
