2433106 22:04:36.015726 mprotect(0x7dee65c00000, 16384, PROT_READ) = 0 <0.000016>
2433106 22:04:36.015863 mprotect(0x7dee65d6e000, 4096, PROT_READ) = 0 <0.000014>
2433106 22:04:36.015899 mprotect(0x7dee65d9c000, 4096, PROT_READ) = 0 <0.000012>
2433106 22:04:36.016137 mprotect(0x6029b09ff000, 172032, PROT_READ) = 0 <0.000012>
2433106 22:04:36.016173 mprotect(0x7dee65de4000, 8192, PROT_READ) = 0 <0.000017>
2433106 22:04:36.016536 mprotect(0x7dee65da9000, 4096, PROT_NONE) = 0 <0.000013>
2433106 22:04:36.016592 madvise(0x3d0ec400000, 1073741824, MADV_HUGEPAGE) = 0 <0.000011>
2433106 22:04:36.095794 mprotect(0x7dee655c0000, 2097152, PROT_READ|PROT_WRITE) = 0 <0.000026>
2433107 22:04:36.096158 mprotect(0x7dee60000000, 135168, PROT_READ|PROT_WRITE) = 0 <0.000021>
2433107 22:04:36.096264 mprotect(0x7dee65da6000, 4096, PROT_NONE) = 0 <0.000013>
2433106 22:04:36.130640 getrusage(RUSAGE_SELF, {ru_utime={tv_sec=0, tv_usec=46107}, ru_stime={tv_sec=0, tv_usec=69161}, ru_maxrss=63968, ru_ixrss=0, ru_idrss=0, ru_isrss=0, ru_minflt=327, ru_majflt=0, ru_nswap=0, ru_inblock=0, ru_oublock=0, ru_msgsnd=0, ru_msgrcv=0, ru_nsignals=0, ru_nvcsw=49, ru_nivcsw=2}) = 0 <0.000017>
2433106 22:04:36.196567 getrusage(RUSAGE_SELF, {ru_utime={tv_sec=0, tv_usec=111556}, ru_stime={tv_sec=0, tv_usec=69345}, ru_maxrss=63968, ru_ixrss=0, ru_idrss=0, ru_isrss=0, ru_minflt=330, ru_majflt=0, ru_nswap=0, ru_inblock=0, ru_oublock=0, ru_msgsnd=0, ru_msgrcv=0, ru_nsignals=0, ru_nvcsw=51, ru_nivcsw=3}) = 0 <0.000020>
2433106 22:04:36.196751 getrusage(RUSAGE_SELF, {ru_utime={tv_sec=0, tv_usec=111602}, ru_stime={tv_sec=0, tv_usec=69374}, ru_maxrss=63968, ru_ixrss=0, ru_idrss=0, ru_isrss=0, ru_minflt=330, ru_majflt=0, ru_nswap=0, ru_inblock=0, ru_oublock=0, ru_msgsnd=0, ru_msgrcv=0, ru_nsignals=0, ru_nvcsw=53, ru_nivcsw=3}) = 0 <0.000012>
2433107 22:04:36.196963 madvise(0x7dee655bf000, 2076672, MADV_DONTNEED) = 0 <0.000015>
2433107 22:04:36.197053 +++ exited with 0 +++
2433106 22:04:36.197266 madvise(0x3d0ec630000, 65536, MADV_DONTNEED) = 0 <0.000041>
2433106 22:04:36.197327 madvise(0x3d0ec650000, 131072, MADV_DONTNEED) = 0 <0.000016>
2433106 22:04:36.197362 madvise(0x3d0ec680000, 65536, MADV_DONTNEED) = 0 <0.000013>
2433106 22:04:36.197392 madvise(0x3d0ec6b0000, 65536, MADV_DONTNEED) = 0 <0.000013>
2433106 22:04:36.197423 madvise(0x3d0ec6d0000, 655360, MADV_DONTNEED) = 0 <0.000036>
2433106 22:04:36.197477 madvise(0x3d0ec780000, 524288, MADV_DONTNEED) = 0 <0.000030>
2433106 22:04:36.197526 madvise(0x3d0ec800000, 4194304, MADV_DONTNEED) = 0 <0.000032>
2433106 22:04:36.197578 madvise(0x3d0ecc00000, 4194304, MADV_DONTNEED) = 0 <0.000037>
2433106 22:04:36.197637 madvise(0x3d0ed000000, 4194304, MADV_DONTNEED) = 0 <0.000039>
2433106 22:04:36.197698 madvise(0x3d0ed400000, 1179648, MADV_DONTNEED) = 0 <0.000086>
2433106 22:04:36.197806 madvise(0x3d0ed530000, 2949120, MADV_DONTNEED) = 0 <0.000057>
2433106 22:04:36.197884 madvise(0x3d0ed800000, 1441792, MADV_DONTNEED) = 0 <0.000087>
2433106 22:04:36.197992 madvise(0x3d0ed970000, 1048576, MADV_DONTNEED) = 0 <0.000073>
2433106 22:04:36.198086 madvise(0x3d0eda80000, 1572864, MADV_DONTNEED) = 0 <0.000075>
2433106 22:04:36.198182 madvise(0x3d0edc00000, 4194304, MADV_DONTNEED) = 0 <0.000030>
2433106 22:04:36.198234 madvise(0x3d0ee000000, 3342336, MADV_DONTNEED) = 0 <0.000084>
2433106 22:04:36.198341 madvise(0x3d0ee400000, 4194304, MADV_DONTNEED) = 0 <0.000020>
2433106 22:04:36.198384 madvise(0x3d0f0400000, 4194304, MADV_DONTNEED) = 0 <0.000032>
2433106 22:04:36.198437 madvise(0x3d0f0800000, 4194304, MADV_DONTNEED) = 0 <0.000032>
2433106 22:04:36.198490 madvise(0x3d0f0c00000, 4194304, MADV_DONTNEED) = 0 <0.000031>
2433106 22:04:36.198544 madvise(0x3d0f1000000, 4194304, MADV_DONTNEED) = 0 <0.000029>
2433106 22:04:36.198591 madvise(0x3d0f1400000, 4194304, MADV_DONTNEED) = 0 <0.000028>
2433106 22:04:36.198637 madvise(0x3d0f1800000, 2031616, MADV_DONTNEED) = 0 <0.000119>
2433106 22:04:36.199784 +++ exited with 0 +++
