2433168 22:04:36.427653 mprotect(0x71df7fc00000, 16384, PROT_READ) = 0 <0.000014>
2433168 22:04:36.427803 mprotect(0x71df7fe81000, 4096, PROT_READ) = 0 <0.000014>
2433168 22:04:36.427839 mprotect(0x71df7feaf000, 4096, PROT_READ) = 0 <0.000012>
2433168 22:04:36.428081 mprotect(0x60792ff39000, 172032, PROT_READ) = 0 <0.000013>
2433168 22:04:36.428115 mprotect(0x71df7fef7000, 8192, PROT_READ) = 0 <0.000016>
2433168 22:04:36.428481 mprotect(0x71df7febc000, 4096, PROT_NONE) = 0 <0.000013>
2433168 22:04:36.428526 madvise(0x429a0000000, 1073741824, MADV_HUGEPAGE) = 0 <0.000010>
2433168 22:04:36.506740 mprotect(0x71df7f5c0000, 2097152, PROT_READ|PROT_WRITE) = 0 <0.000025>
2433169 22:04:36.507100 mprotect(0x71df78000000, 135168, PROT_READ|PROT_WRITE) = 0 <0.000021>
2433169 22:04:36.507232 mprotect(0x71df7feb9000, 4096, PROT_NONE) = 0 <0.000012>
2433168 22:04:36.541329 getrusage(RUSAGE_SELF, {ru_utime={tv_sec=0, tv_usec=46423}, ru_stime={tv_sec=0, tv_usec=67616}, ru_maxrss=63968, ru_ixrss=0, ru_idrss=0, ru_isrss=0, ru_minflt=323, ru_majflt=0, ru_nswap=0, ru_inblock=0, ru_oublock=0, ru_msgsnd=0, ru_msgrcv=0, ru_nsignals=0, ru_nvcsw=49, ru_nivcsw=2}) = 0 <0.000016>
2433168 22:04:36.606964 getrusage(RUSAGE_SELF, {ru_utime={tv_sec=0, tv_usec=111826}, ru_stime={tv_sec=0, tv_usec=67616}, ru_maxrss=63968, ru_ixrss=0, ru_idrss=0, ru_isrss=0, ru_minflt=327, ru_majflt=0, ru_nswap=0, ru_inblock=0, ru_oublock=0, ru_msgsnd=0, ru_msgrcv=0, ru_nsignals=0, ru_nvcsw=51, ru_nivcsw=3}) = 0 <0.000015>
2433168 22:04:36.607124 getrusage(RUSAGE_SELF, {ru_utime={tv_sec=0, tv_usec=111890}, ru_stime={tv_sec=0, tv_usec=67616}, ru_maxrss=63968, ru_ixrss=0, ru_idrss=0, ru_isrss=0, ru_minflt=327, ru_majflt=0, ru_nswap=0, ru_inblock=0, ru_oublock=0, ru_msgsnd=0, ru_msgrcv=0, ru_nsignals=0, ru_nvcsw=53, ru_nivcsw=3}) = 0 <0.000012>
2433169 22:04:36.607295 madvise(0x71df7f5bf000, 2076672, MADV_DONTNEED) = 0 <0.000016>
2433169 22:04:36.607378 +++ exited with 0 +++
2433168 22:04:36.607549 madvise(0x429a0230000, 65536, MADV_DONTNEED) = 0 <0.000039>
2433168 22:04:36.607608 madvise(0x429a0250000, 131072, MADV_DONTNEED) = 0 <0.000016>
2433168 22:04:36.607641 madvise(0x429a0280000, 65536, MADV_DONTNEED) = 0 <0.000013>
2433168 22:04:36.607671 madvise(0x429a02b0000, 65536, MADV_DONTNEED) = 0 <0.000013>
2433168 22:04:36.607701 madvise(0x429a02d0000, 655360, MADV_DONTNEED) = 0 <0.000092>
2433168 22:04:36.607812 madvise(0x429a0380000, 524288, MADV_DONTNEED) = 0 <0.000031>
2433168 22:04:36.607861 madvise(0x429a0400000, 4194304, MADV_DONTNEED) = 0 <0.000030>
2433168 22:04:36.607909 madvise(0x429a0800000, 4194304, MADV_DONTNEED) = 0 <0.000028>
2433168 22:04:36.607954 madvise(0x429a0c00000, 4194304, MADV_DONTNEED) = 0 <0.000027>
2433168 22:04:36.607999 madvise(0x429a1000000, 1179648, MADV_DONTNEED) = 0 <0.000076>
2433168 22:04:36.608093 madvise(0x429a1130000, 2949120, MADV_DONTNEED) = 0 <0.000053>
2433168 22:04:36.608163 madvise(0x429a1400000, 1441792, MADV_DONTNEED) = 0 <0.000086>
2433168 22:04:36.608266 madvise(0x429a1570000, 983040, MADV_DONTNEED) = 0 <0.000068>
2433168 22:04:36.608354 madvise(0x429a1680000, 1572864, MADV_DONTNEED) = 0 <0.000072>
2433168 22:04:36.608445 madvise(0x429a1800000, 4194304, MADV_DONTNEED) = 0 <0.000028>
2433168 22:04:36.608491 madvise(0x429a1c00000, 3342336, MADV_DONTNEED) = 0 <0.000081>
2433168 22:04:36.608591 madvise(0x429a2000000, 4194304, MADV_DONTNEED) = 0 <0.000019>
2433168 22:04:36.608629 madvise(0x429a4000000, 4194304, MADV_DONTNEED) = 0 <0.000029>
2433168 22:04:36.608676 madvise(0x429a4400000, 4194304, MADV_DONTNEED) = 0 <0.000027>
2433168 22:04:36.608721 madvise(0x429a4800000, 4194304, MADV_DONTNEED) = 0 <0.000033>
2433168 22:04:36.608773 madvise(0x429a4c00000, 4194304, MADV_DONTNEED) = 0 <0.000029>
2433168 22:04:36.608821 madvise(0x429a5000000, 4194304, MADV_DONTNEED) = 0 <0.000028>
2433168 22:04:36.608871 madvise(0x429a5400000, 2031616, MADV_DONTNEED) = 0 <0.000111>
2433168 22:04:36.610024 +++ exited with 0 +++
