2433228 22:04:36.841001 mprotect(0x7249a4400000, 16384, PROT_READ) = 0 <0.000015>
2433228 22:04:36.841103 mprotect(0x7249a45cc000, 4096, PROT_READ) = 0 <0.000014>
2433228 22:04:36.841139 mprotect(0x7249a45fa000, 4096, PROT_READ) = 0 <0.000012>
2433228 22:04:36.841358 mprotect(0x57812dcb1000, 172032, PROT_READ) = 0 <0.000012>
2433228 22:04:36.841390 mprotect(0x7249a4642000, 8192, PROT_READ) = 0 <0.000014>
2433228 22:04:36.841708 mprotect(0x7249a4607000, 4096, PROT_NONE) = 0 <0.000012>
2433228 22:04:36.841764 madvise(0x5818ac00000, 1073741824, MADV_HUGEPAGE) = 0 <0.000011>
2433228 22:04:36.867674 mprotect(0x7249a3dc0000, 2097152, PROT_READ|PROT_WRITE) = 0 <0.000022>
2433229 22:04:36.868035 mprotect(0x72499c000000, 135168, PROT_READ|PROT_WRITE) = 0 <0.000019>
2433229 22:04:36.868130 mprotect(0x7249a4604000, 4096, PROT_NONE) = 0 <0.000011>
2433228 22:04:36.901735 getrusage(RUSAGE_SELF, {ru_utime={tv_sec=0, tv_usec=36480}, ru_stime={tv_sec=0, tv_usec=24320}, ru_maxrss=59868, ru_ixrss=0, ru_idrss=0, ru_isrss=0, ru_minflt=324, ru_majflt=0, ru_nswap=0, ru_inblock=0, ru_oublock=0, ru_msgsnd=0, ru_msgrcv=0, ru_nsignals=0, ru_nvcsw=49, ru_nivcsw=1}) = 0 <0.000027>
2433228 22:04:36.988162 getrusage(RUSAGE_SELF, {ru_utime={tv_sec=0, tv_usec=121861}, ru_stime={tv_sec=0, tv_usec=25178}, ru_maxrss=61920, ru_ixrss=0, ru_idrss=0, ru_isrss=0, ru_minflt=328, ru_majflt=0, ru_nswap=0, ru_inblock=0, ru_oublock=0, ru_msgsnd=0, ru_msgrcv=0, ru_nsignals=0, ru_nvcsw=51, ru_nivcsw=2}) = 0 <0.000021>
2433228 22:04:36.988332 getrusage(RUSAGE_SELF, {ru_utime={tv_sec=0, tv_usec=121918}, ru_stime={tv_sec=0, tv_usec=25189}, ru_maxrss=61920, ru_ixrss=0, ru_idrss=0, ru_isrss=0, ru_minflt=328, ru_majflt=0, ru_nswap=0, ru_inblock=0, ru_oublock=0, ru_msgsnd=0, ru_msgrcv=0, ru_nsignals=0, ru_nvcsw=53, ru_nivcsw=2}) = 0 <0.000012>
2433229 22:04:36.988504 madvise(0x7249a3dbf000, 2076672, MADV_DONTNEED) = 0 <0.000015>
2433229 22:04:36.988584 +++ exited with 0 +++
2433228 22:04:36.988768 madvise(0x5818ae30000, 65536, MADV_DONTNEED) = 0 <0.000039>
2433228 22:04:36.988827 madvise(0x5818ae50000, 131072, MADV_DONTNEED) = 0 <0.000017>
2433228 22:04:36.988863 madvise(0x5818ae80000, 65536, MADV_DONTNEED) = 0 <0.000014>
2433228 22:04:36.988895 madvise(0x5818aea0000, 131072, MADV_DONTNEED) = 0 <0.000016>
2433228 22:04:36.988930 madvise(0x5818aed0000, 655360, MADV_DONTNEED) = 0 <0.000036>
2433228 22:04:36.988985 madvise(0x5818af80000, 524288, MADV_DONTNEED) = 0 <0.000031>
2433228 22:04:36.989036 madvise(0x5818b000000, 65536, MADV_DONTNEED) = 0 <0.000032>
2433228 22:04:36.989087 madvise(0x5818b010000, 65536, MADV_DONTNEED) = 0 <0.000013>
2433228 22:04:36.989119 madvise(0x5818b020000, 65536, MADV_DONTNEED) = 0 <0.000013>
2433228 22:04:36.989150 madvise(0x5818b030000, 65536, MADV_DONTNEED) = 0 <0.000013>
2433228 22:04:36.989183 madvise(0x5818b050000, 65536, MADV_DONTNEED) = 0 <0.000013>
2433228 22:04:36.989216 madvise(0x5818b060000, 65536, MADV_DONTNEED) = 0 <0.000015>
2433228 22:04:36.989254 madvise(0x5818b070000, 65536, MADV_DONTNEED) = 0 <0.000014>
2433228 22:04:36.989287 madvise(0x5818b080000, 65536, MADV_DONTNEED) = 0 <0.000014>
2433228 22:04:36.989321 madvise(0x5818b090000, 65536, MADV_DONTNEED) = 0 <0.000013>
2433228 22:04:36.989352 madvise(0x5818b0a0000, 65536, MADV_DONTNEED) = 0 <0.000014>
2433228 22:04:36.989385 madvise(0x5818b0b0000, 65536, MADV_DONTNEED) = 0 <0.000013>
2433228 22:04:36.989417 madvise(0x5818b0d0000, 65536, MADV_DONTNEED) = 0 <0.000014>
2433228 22:04:36.989451 madvise(0x5818b0e0000, 65536, MADV_DONTNEED) = 0 <0.000014>
2433228 22:04:36.989486 madvise(0x5818b0f0000, 65536, MADV_DONTNEED) = 0 <0.000013>
2433228 22:04:36.989521 madvise(0x5818b100000, 65536, MADV_DONTNEED) = 0 <0.000013>
2433228 22:04:36.989556 madvise(0x5818b110000, 65536, MADV_DONTNEED) = 0 <0.000014>
2433228 22:04:36.989590 madvise(0x5818b120000, 65536, MADV_DONTNEED) = 0 <0.000013>
2433228 22:04:36.989621 madvise(0x5818b130000, 65536, MADV_DONTNEED) = 0 <0.000013>
2433228 22:04:36.989651 madvise(0x5818b140000, 65536, MADV_DONTNEED) = 0 <0.000013>
2433228 22:04:36.989680 madvise(0x5818b150000, 65536, MADV_DONTNEED) = 0 <0.000013>
2433228 22:04:36.989718 madvise(0x5818b160000, 65536, MADV_DONTNEED) = 0 <0.000013>
2433228 22:04:36.989751 madvise(0x5818b170000, 65536, MADV_DONTNEED) = 0 <0.000013>
2433228 22:04:36.989782 madvise(0x5818b180000, 65536, MADV_DONTNEED) = 0 <0.000013>
2433228 22:04:36.989812 madvise(0x5818b190000, 65536, MADV_DONTNEED) = 0 <0.000013>
2433228 22:04:36.989842 madvise(0x5818b1a0000, 65536, MADV_DONTNEED) = 0 <0.000013>
2433228 22:04:36.989871 madvise(0x5818b1b0000, 65536, MADV_DONTNEED) = 0 <0.000012>
2433228 22:04:36.989901 madvise(0x5818b1c0000, 65536, MADV_DONTNEED) = 0 <0.000013>
2433228 22:04:36.989931 madvise(0x5818b1d0000, 65536, MADV_DONTNEED) = 0 <0.000013>
2433228 22:04:36.989961 madvise(0x5818b1e0000, 65536, MADV_DONTNEED) = 0 <0.000013>
2433228 22:04:36.989991 madvise(0x5818b1f0000, 65536, MADV_DONTNEED) = 0 <0.000013>
2433228 22:04:36.990021 madvise(0x5818b200000, 65536, MADV_DONTNEED) = 0 <0.000032>
2433228 22:04:36.990070 madvise(0x5818b210000, 65536, MADV_DONTNEED) = 0 <0.000013>
2433228 22:04:36.990100 madvise(0x5818b220000, 65536, MADV_DONTNEED) = 0 <0.000013>
2433228 22:04:36.990129 madvise(0x5818b230000, 65536, MADV_DONTNEED) = 0 <0.000013>
2433228 22:04:36.990159 madvise(0x5818b240000, 65536, MADV_DONTNEED) = 0 <0.000013>
2433228 22:04:36.990189 madvise(0x5818b250000, 65536, MADV_DONTNEED) = 0 <0.000013>
2433228 22:04:36.990218 madvise(0x5818b260000, 65536, MADV_DONTNEED) = 0 <0.000013>
2433228 22:04:36.990248 madvise(0x5818b270000, 65536, MADV_DONTNEED) = 0 <0.000013>
2433228 22:04:36.990278 madvise(0x5818b280000, 65536, MADV_DONTNEED) = 0 <0.000012>
2433228 22:04:36.990307 madvise(0x5818b290000, 65536, MADV_DONTNEED) = 0 <0.000013>
2433228 22:04:36.990337 madvise(0x5818b2a0000, 65536, MADV_DONTNEED) = 0 <0.000013>
2433228 22:04:36.990367 madvise(0x5818b2b0000, 65536, MADV_DONTNEED) = 0 <0.000013>
2433228 22:04:36.990398 madvise(0x5818b2c0000, 65536, MADV_DONTNEED) = 0 <0.000013>
2433228 22:04:36.990428 madvise(0x5818b2d0000, 65536, MADV_DONTNEED) = 0 <0.000013>
2433228 22:04:36.990458 madvise(0x5818b2e0000, 65536, MADV_DONTNEED) = 0 <0.000013>
2433228 22:04:36.990487 madvise(0x5818b2f0000, 65536, MADV_DONTNEED) = 0 <0.000012>
2433228 22:04:36.990517 madvise(0x5818b300000, 65536, MADV_DONTNEED) = 0 <0.000013>
2433228 22:04:36.990547 madvise(0x5818b310000, 65536, MADV_DONTNEED) = 0 <0.000012>
2433228 22:04:36.990576 madvise(0x5818b320000, 65536, MADV_DONTNEED) = 0 <0.000013>
2433228 22:04:36.990606 madvise(0x5818b330000, 65536, MADV_DONTNEED) = 0 <0.000013>
2433228 22:04:36.990635 madvise(0x5818b340000, 65536, MADV_DONTNEED) = 0 <0.000012>
2433228 22:04:36.990665 madvise(0x5818b350000, 65536, MADV_DONTNEED) = 0 <0.000012>
2433228 22:04:36.990695 madvise(0x5818b360000, 65536, MADV_DONTNEED) = 0 <0.000013>
2433228 22:04:36.990724 madvise(0x5818b370000, 65536, MADV_DONTNEED) = 0 <0.000064>
2433228 22:04:36.990808 madvise(0x5818b380000, 65536, MADV_DONTNEED) = 0 <0.000013>
2433228 22:04:36.990838 madvise(0x5818b390000, 65536, MADV_DONTNEED) = 0 <0.000013>
2433228 22:04:36.990868 madvise(0x5818b3a0000, 65536, MADV_DONTNEED) = 0 <0.000014>
2433228 22:04:36.990900 madvise(0x5818b3b0000, 65536, MADV_DONTNEED) = 0 <0.000014>
2433228 22:04:36.990932 madvise(0x5818b3c0000, 65536, MADV_DONTNEED) = 0 <0.000013>
2433228 22:04:36.990962 madvise(0x5818b3d0000, 65536, MADV_DONTNEED) = 0 <0.000013>
2433228 22:04:36.990992 madvise(0x5818b3e0000, 65536, MADV_DONTNEED) = 0 <0.000016>
2433228 22:04:36.991027 madvise(0x5818b3f0000, 65536, MADV_DONTNEED) = 0 <0.000023>
2433228 22:04:36.991067 madvise(0x5818b400000, 4194304, MADV_DONTNEED) = 0 <0.000029>
2433228 22:04:36.991115 madvise(0x5818b800000, 4194304, MADV_DONTNEED) = 0 <0.000028>
2433228 22:04:36.991160 madvise(0x5818bc00000, 2228224, MADV_DONTNEED) = 0 <0.000043>
2433228 22:04:36.991221 madvise(0x5818be30000, 131072, MADV_DONTNEED) = 0 <0.000016>
2433228 22:04:36.991255 madvise(0x5818be80000, 1572864, MADV_DONTNEED) = 0 <0.000072>
2433228 22:04:36.991344 madvise(0x5818c000000, 4194304, MADV_DONTNEED) = 0 <0.000027>
2433228 22:04:36.991389 madvise(0x5818c400000, 4194304, MADV_DONTNEED) = 0 <0.000018>
2433228 22:04:36.991428 madvise(0x5818c800000, 4194304, MADV_DONTNEED) = 0 <0.000018>
2433228 22:04:36.991463 madvise(0x5818cc00000, 4194304, MADV_DONTNEED) = 0 <0.000027>
2433228 22:04:36.991508 madvise(0x5818d000000, 4194304, MADV_DONTNEED) = 0 <0.000028>
2433228 22:04:36.991554 madvise(0x5818d400000, 4194304, MADV_DONTNEED) = 0 <0.000018>
2433228 22:04:36.991588 madvise(0x5818d800000, 4194304, MADV_DONTNEED) = 0 <0.000028>
2433228 22:04:36.991633 madvise(0x5818dc00000, 4194304, MADV_DONTNEED) = 0 <0.000027>
2433228 22:04:36.991678 madvise(0x5818e000000, 4194304, MADV_DONTNEED) = 0 <0.000026>
2433228 22:04:36.991722 madvise(0x5818e400000, 917504, MADV_DONTNEED) = 0 <0.000069>
2433228 22:04:36.992717 +++ exited with 0 +++
